Archive member included because of file (symbol)

C:\Users\LEEVII\AppData\Local\arduino15\packages\arduino\hardware\sam\1.6.11\variants\arduino_due_x/libsam_sam3x8e_gcc_rel.a(pio.o)
                              C:\Users\LEEVII\AppData\Local\Temp\VMBCore\arduino16x\14a8bebc00f3f2c167e2bc9b7525933c\variant\variant.cpp.o (PIO_Configure)
C:\Users\LEEVII\AppData\Local\arduino15\packages\arduino\hardware\sam\1.6.11\variants\arduino_due_x/libsam_sam3x8e_gcc_rel.a(pmc.o)
                              Servo\sam\Servo.cpp.o (pmc_enable_periph_clk)
C:\Users\LEEVII\AppData\Local\arduino15\packages\arduino\hardware\sam\1.6.11\variants\arduino_due_x/libsam_sam3x8e_gcc_rel.a(tc.o)
                              Servo\sam\Servo.cpp.o (TC_Configure)
C:\Users\LEEVII\AppData\Local\arduino15\packages\arduino\hardware\sam\1.6.11\variants\arduino_due_x/libsam_sam3x8e_gcc_rel.a(system_sam3xa.o)
                              C:\Users\LEEVII\AppData\Local\Temp\VMBCore\arduino16x\14a8bebc00f3f2c167e2bc9b7525933c\variant\variant.cpp.o (SystemInit)
C:\Users\LEEVII\AppData\Local\arduino15\packages\arduino\hardware\sam\1.6.11\variants\arduino_due_x/libsam_sam3x8e_gcc_rel.a(startup_sam3xa.o)
                              (Reset_Handler)
C:\Users\LEEVII\AppData\Local\arduino15\packages\arduino\hardware\sam\1.6.11\variants\arduino_due_x/libsam_sam3x8e_gcc_rel.a(adc.o)
                              C:\Users\LEEVII\AppData\Local\Temp\VMBCore\arduino16x\14a8bebc00f3f2c167e2bc9b7525933c\variant\variant.cpp.o (adc_init)
C:\Users\LEEVII\AppData\Local\arduino15\packages\arduino\hardware\sam\1.6.11\variants\arduino_due_x/libsam_sam3x8e_gcc_rel.a(uotghs.o)
                              C:\Users\LEEVII\AppData\Local\arduino15\packages\arduino\hardware\sam\1.6.11\variants\arduino_due_x/libsam_sam3x8e_gcc_rel.a(startup_sam3xa.o) (UOTGHS_Handler)
C:\Users\LEEVII\AppData\Local\Temp\VMBuilds\drone_controller\arduino_due_x_dbg\Debug/core.a(cortex_handlers.c.o)
                              C:\Users\LEEVII\AppData\Local\arduino15\packages\arduino\hardware\sam\1.6.11\variants\arduino_due_x/libsam_sam3x8e_gcc_rel.a(startup_sam3xa.o) (NMI_Handler)
C:\Users\LEEVII\AppData\Local\Temp\VMBuilds\drone_controller\arduino_due_x_dbg\Debug/core.a(hooks.c.o)
                              C:\Users\LEEVII\AppData\Local\Temp\VMBuilds\drone_controller\arduino_due_x_dbg\Debug/core.a(cortex_handlers.c.o) (sysTickHook)
C:\Users\LEEVII\AppData\Local\Temp\VMBuilds\drone_controller\arduino_due_x_dbg\Debug/core.a(syscalls_sam3.c.o)
                              (_sbrk)
C:\Users\LEEVII\AppData\Local\Temp\VMBuilds\drone_controller\arduino_due_x_dbg\Debug/core.a(wiring.c.o)
                              VM_DBG\VM_DBG.cpp.o (millis)
C:\Users\LEEVII\AppData\Local\Temp\VMBuilds\drone_controller\arduino_due_x_dbg\Debug/core.a(wiring_analog.c.o)
                              C:\Users\LEEVII\AppData\Local\Temp\VMBCore\arduino16x\14a8bebc00f3f2c167e2bc9b7525933c\variant\variant.cpp.o (analogOutputInit)
C:\Users\LEEVII\AppData\Local\Temp\VMBuilds\drone_controller\arduino_due_x_dbg\Debug/core.a(wiring_digital.c.o)
                              drone_controller.cpp.o (pinMode)
C:\Users\LEEVII\AppData\Local\Temp\VMBuilds\drone_controller\arduino_due_x_dbg\Debug/core.a(main.cpp.o)
                              c:/users/leevii/appdata/local/arduino15/packages/arduino/tools/arm-none-eabi-gcc/4.8.3-2014q1/bin/../lib/gcc/arm-none-eabi/4.8.3/../../../../arm-none-eabi/lib/armv7-m/crt0.o (main)
C:\Users\LEEVII\AppData\Local\Temp\VMBuilds\drone_controller\arduino_due_x_dbg\Debug/core.a(Print.cpp.o)
                              drone_controller.cpp.o (Print::print(char const*))
C:\Users\LEEVII\AppData\Local\Temp\VMBuilds\drone_controller\arduino_due_x_dbg\Debug/core.a(Reset.cpp.o)
                              C:\Users\LEEVII\AppData\Local\Temp\VMBuilds\drone_controller\arduino_due_x_dbg\Debug/core.a(cortex_handlers.c.o) (tickReset)
C:\Users\LEEVII\AppData\Local\Temp\VMBuilds\drone_controller\arduino_due_x_dbg\Debug/core.a(RingBuffer.cpp.o)
                              C:\Users\LEEVII\AppData\Local\Temp\VMBCore\arduino16x\14a8bebc00f3f2c167e2bc9b7525933c\variant\variant.cpp.o (RingBuffer::RingBuffer())
C:\Users\LEEVII\AppData\Local\Temp\VMBuilds\drone_controller\arduino_due_x_dbg\Debug/core.a(UARTClass.cpp.o)
                              C:\Users\LEEVII\AppData\Local\Temp\VMBCore\arduino16x\14a8bebc00f3f2c167e2bc9b7525933c\variant\variant.cpp.o (UARTClass::available())
C:\Users\LEEVII\AppData\Local\Temp\VMBuilds\drone_controller\arduino_due_x_dbg\Debug/core.a(USARTClass.cpp.o)
                              C:\Users\LEEVII\AppData\Local\Temp\VMBCore\arduino16x\14a8bebc00f3f2c167e2bc9b7525933c\variant\variant.cpp.o (USARTClass::USARTClass(Usart*, IRQn, unsigned long, RingBuffer*, RingBuffer*))
C:\Users\LEEVII\AppData\Local\Temp\VMBuilds\drone_controller\arduino_due_x_dbg\Debug/core.a(watchdog.cpp.o)
[...]
Memory Configuration

Name             Origin             Length             Attributes
rom              0x00080000         0x00080000         xr
sram0            0x20000000         0x00010000         xrw
sram1            0x20080000         0x00008000         xrw
ram              0x20070000         0x00018000         xrw
*default*        0x00000000         0xffffffff

Linker script and memory map

LOAD c:/users/leevii/appdata/local/arduino15/packages/arduino/tools/arm-none-eabi-gcc/4.8.3-2014q1/bin/../lib/gcc/arm-none-eabi/4.8.3/armv7-m/crti.o
LOAD c:/users/leevii/appdata/local/arduino15/packages/arduino/tools/arm-none-eabi-gcc/4.8.3-2014q1/bin/../lib/gcc/arm-none-eabi/4.8.3/armv7-m/crtbegin.o
LOAD c:/users/leevii/appdata/local/arduino15/packages/arduino/tools/arm-none-eabi-gcc/4.8.3-2014q1/bin/../lib/gcc/arm-none-eabi/4.8.3/../../../../arm-none-eabi/lib/armv7-m/crt0.o
START GROUP
LOAD drone_controller.cpp.o
LOAD escct.cpp.o
LOAD timer_main.cpp.o
LOAD timer_sub.cpp.o
LOAD Servo\avr\Servo.cpp.o
LOAD Servo\nrf52\Servo.cpp.o
LOAD Servo\sam\Servo.cpp.o
LOAD Servo\samd\Servo.cpp.o
LOAD Servo\stm32f4\Servo.cpp.o
LOAD VM_DBG\VM_DBG.cpp.o
LOAD VM_DBG\VM_mem_check_sam.cpp.o
LOAD C:\Users\LEEVII\AppData\Local\Temp\VMBCore\arduino16x\14a8bebc00f3f2c167e2bc9b7525933c\variant\variant.cpp.o
LOAD C:\Users\LEEVII\AppData\Local\arduino15\packages\arduino\hardware\sam\1.6.11\variants\arduino_due_x/libsam_sam3x8e_gcc_rel.a
LOAD C:\Users\LEEVII\AppData\Local\Temp\VMBuilds\drone_controller\arduino_due_x_dbg\Debug/core.a
END GROUP
LOAD c:/users/leevii/appdata/local/arduino15/packages/arduino/tools/arm-none-eabi-gcc/4.8.3-2014q1/bin/../lib/gcc/arm-none-eabi/4.8.3/../../../../arm-none-eabi/lib/armv7-m\libm.a
START GROUP
LOAD c:/users/leevii/appdata/local/arduino15/packages/arduino/tools/arm-none-eabi-gcc/4.8.3-2014q1/bin/../lib/gcc/arm-none-eabi/4.8.3/armv7-m\libgcc.a
LOAD c:/users/leevii/appdata/local/arduino15/packages/arduino/tools/arm-none-eabi-gcc/4.8.3-2014q1/bin/../lib/gcc/arm-none-eabi/4.8.3/../../../../arm-none-eabi/lib/armv7-m\libg.a
LOAD c:/users/leevii/appdata/local/arduino15/packages/arduino/tools/arm-none-eabi-gcc/4.8.3-2014q1/bin/../lib/gcc/arm-none-eabi/4.8.3/../../../../arm-none-eabi/lib/armv7-m\libc.a
END GROUP
LOAD c:/users/leevii/appdata/local/arduino15/packages/arduino/tools/arm-none-eabi-gcc/4.8.3-2014q1/bin/../lib/gcc/arm-none-eabi/4.8.3/armv7-m/crtend.o
LOAD c:/users/leevii/appdata/local/arduino15/packages/arduino/tools/arm-none-eabi-gcc/4.8.3-2014q1/bin/../lib/gcc/arm-none-eabi/4.8.3/armv7-m/crtn.o

.text           0x00080000     0x6144
                0x00080000                . = ALIGN (0x4)
                0x00080000                _sfixed = .
 *(.vectors .vectors.*)
 .vectors       0x00080000       0xf4 C:\Users\LEEVII\AppData\Local\arduino15\packages\arduino\hardware\sam\1.6.11\variants\arduino_due_x/libsam_sam3x8e_gcc_rel.a(startup_sam3xa.o)
                0x00080000                exception_table
 *(.text .text.* .gnu.linkonce.t.*)
 .text          0x000800f4       0x54 c:/users/leevii/appdata/local/arduino15/packages/arduino/tools/arm-none-eabi-gcc/4.8.3-2014q1/bin/../lib/gcc/arm-none-eabi/4.8.3/armv7-m/crtbegin.o
 .text.setup    0x00080148       0x6c drone_controller.cpp.o
                0x00080148                setup
 .text.loop     0x000801b4       0xa4 drone_controller.cpp.o
                0x000801b4                loop
 .text.startup._GLOBAL__sub_I_escct_o
                0x00080258        0xc drone_controller.cpp.o
 .text._ZN5escct12start_motorsEv
                0x00080264       0x34 escct.cpp.o
                0x00080264                escct::start_motors()
 .text._ZN5escct11stop_motorsEv
                0x00080298       0x34 escct.cpp.o
                0x00080298                escct::stop_motors()
 .text._ZN5escctC2Ev
                0x000802cc       0x72 escct.cpp.o
                0x000802cc                escct::escct()
                0x000802cc                escct::escct()
 .text._ZN5escct12set_throttleEllll
                0x0008033e       0xaa escct.cpp.o
                0x0008033e                escct::set_throttle(long, long, long, long)
 .text._ZN10timer_main10turn_beginEv
                0x000803e8       0x10 timer_main.cpp.o
                0x000803e8                timer_main::turn_begin()
 .text._ZN10timer_main8turn_endEv
                0x000803f8       0x6a timer_main.cpp.o
                0x000803f8                timer_main::turn_end()
 .text._ZN10timer_main13get_turn_timeEv
                0x00080462       0x18 timer_main.cpp.o
                0x00080462                timer_main::get_turn_time()
 .text._ZN10timer_main14add_sub_errorsEy
                0x0008047a       0x12 timer_main.cpp.o
                0x0008047a                timer_main::add_sub_errors(unsigned long long)
 .text._ZN9timer_sub5beginEv
                0x0008048c       0x54 timer_sub.cpp.o
                0x0008048c                timer_sub::begin()
 .text._ZN9timer_sub3endEv
                0x000804e0       0x54 timer_sub.cpp.o
                0x000804e0                timer_sub::end()
 .text._ZN9timer_subC2Eyybby
                0x00080534       0x36 timer_sub.cpp.o
                0x00080534                timer_sub::timer_sub(unsigned long long, unsigned long long, bool, bool, unsigned long long)
                0x00080534                timer_sub::timer_sub(unsigned long long, unsigned long long, bool, bool, unsigned long long)
 *fill*         0x0008056a        0x2 
 .text._ZL8_initISRP2Tcmm4IRQn
                0x0008056c       0x50 Servo\sam\Servo.cpp.o
 .text._Z13Servo_Handler18timer16_Sequence_tP2Tch
                0x000805bc      0x10c Servo\sam\Servo.cpp.o
                0x000805bc                Servo_Handler(timer16_Sequence_t, Tc*, unsigned char)
 .text.TC3_Handler
                0x000806c8       0x10 Servo\sam\Servo.cpp.o
                0x000806c8                TC3_Handler
 .text.TC4_Handler
                0x000806d8       0x10 Servo\sam\Servo.cpp.o
                0x000806d8                TC4_Handler
 .text.TC5_Handler
                0x000806e8       0x10 Servo\sam\Servo.cpp.o
                0x000806e8                TC5_Handler
 .text.TC2_Handler
                0x000806f8       0x10 Servo\sam\Servo.cpp.o
                0x000806f8                TC2_Handler
 .text.TC0_Handler
                0x00080708       0x10 Servo\sam\Servo.cpp.o
                0x00080708                TC0_Handler
 .text._ZN5ServoC2Ev
                0x00080718       0x40 Servo\sam\Servo.cpp.o
                0x00080718                Servo::Servo()
                0x00080718                Servo::Servo()
 .text._ZN5Servo6attachEiii
                0x00080758       0xb8 Servo\sam\Servo.cpp.o
                0x00080758                Servo::attach(int, int, int)
 .text._ZN5Servo6attachEi
                0x00080810        0xc Servo\sam\Servo.cpp.o
                0x00080810                Servo::attach(int)
 .text._ZN5Servo17writeMicrosecondsEi
                0x0008081c       0x4c Servo\sam\Servo.cpp.o
                0x0008081c                Servo::writeMicroseconds(int)
 .text._ZN16VisualMicroDebug16DBG_YieldAndWaitEmb
                0x00080868       0x1a VM_DBG\VM_DBG.cpp.o
                0x00080868                VisualMicroDebug::DBG_YieldAndWait(unsigned long, bool)
 .text._ZN16VisualMicroDebug16DBG_YieldAndWaitEm
                0x00080882        0x6 VM_DBG\VM_DBG.cpp.o
                0x00080882                VisualMicroDebug::DBG_YieldAndWait(unsigned long)
 .text._ZN16VisualMicroDebug14outPacketStartEb
                0x00080888       0x28 VM_DBG\VM_DBG.cpp.o
                0x00080888                VisualMicroDebug::outPacketStart(bool)
 .text._ZN16VisualMicroDebug12outPacketEndEv
                0x000808b0        0x2 VM_DBG\VM_DBG.cpp.o
                0x000808b0                VisualMicroDebug::outPacketEnd()
 .text._ZN16VisualMicroDebug4initEm
                0x000808b2        0xe VM_DBG\VM_DBG.cpp.o
                0x000808b2                VisualMicroDebug::init(unsigned long)
 .text._ZN16VisualMicroDebug5beginEP9UARTClassm
                0x000808c0       0x10 VM_DBG\VM_DBG.cpp.o
                0x000808c0                VisualMicroDebug::begin(UARTClass*, unsigned long)
 .text._ZN16VisualMicroDebug4readEv
                0x000808d0        0xe VM_DBG\VM_DBG.cpp.o
                0x000808d0                VisualMicroDebug::read()
 .text._ZN16VisualMicroDebug9availableEv
                0x000808de        0xe VM_DBG\VM_DBG.cpp.o
                0x000808de                VisualMicroDebug::available()
 .text._ZN16VisualMicroDebug16sendContinuedACKEh
                0x000808ec       0x3c VM_DBG\VM_DBG.cpp.o
                0x000808ec                VisualMicroDebug::sendContinuedACK(unsigned char)
 .text._ZN16VisualMicroDebug9breakWaitEh
                0x00080928       0x54 VM_DBG\VM_DBG.cpp.o
                0x00080928                VisualMicroDebug::breakWait(unsigned char)
 .text._ZN16VisualMicroDebug5startEbb
                0x0008097c       0x26 VM_DBG\VM_DBG.cpp.o
                0x0008097c                VisualMicroDebug::start(bool, bool)
 *fill*         0x000809a2        0x2 
 .text.startup._GLOBAL__sub_I__ZN16VisualMicroDebug16DBG_YieldAndWaitEm
                0x000809a4       0x14 VM_DBG\VM_DBG.cpp.o
 .text._Z11serialEventv
                0x000809b8        0x2 C:\Users\LEEVII\AppData\Local\Temp\VMBCore\arduino16x\14a8bebc00f3f2c167e2bc9b7525933c\variant\variant.cpp.o
                0x000809b8                serialEvent()
 *fill*         0x000809ba        0x2 
 .text.UART_Handler
                0x000809bc        0xc C:\Users\LEEVII\AppData\Local\Temp\VMBCore\arduino16x\14a8bebc00f3f2c167e2bc9b7525933c\variant\variant.cpp.o
                0x000809bc                UART_Handler
 .text._Z12serialEvent1v
                0x000809c8        0x2 C:\Users\LEEVII\AppData\Local\Temp\VMBCore\arduino16x\14a8bebc00f3f2c167e2bc9b7525933c\variant\variant.cpp.o
                0x000809c8                serialEvent1()
 .text._Z12serialEvent2v
                0x000809ca        0x2 C:\Users\LEEVII\AppData\Local\Temp\VMBCore\arduino16x\14a8bebc00f3f2c167e2bc9b7525933c\variant\variant.cpp.o
                0x000809ca                serialEvent2()
 .text._Z12serialEvent3v
                0x000809cc        0x2 C:\Users\LEEVII\AppData\Local\Temp\VMBCore\arduino16x\14a8bebc00f3f2c167e2bc9b7525933c\variant\variant.cpp.o
                0x000809cc                serialEvent3()
 *fill*         0x000809ce        0x2 
 .text.USART0_Handler
                0x000809d0        0xc C:\Users\LEEVII\AppData\Local\Temp\VMBCore\arduino16x\14a8bebc00f3f2c167e2bc9b7525933c\variant\variant.cpp.o
                0x000809d0                USART0_Handler
 .text.USART1_Handler
                0x000809dc        0xc C:\Users\LEEVII\AppData\Local\Temp\VMBCore\arduino16x\14a8bebc00f3f2c167e2bc9b7525933c\variant\variant.cpp.o
                0x000809dc                USART1_Handler
 .text.USART3_Handler
                0x000809e8        0xc C:\Users\LEEVII\AppData\Local\Temp\VMBCore\arduino16x\14a8bebc00f3f2c167e2bc9b7525933c\variant\variant.cpp.o
                0x000809e8                USART3_Handler
 .text.init     0x000809f4      0x128 C:\Users\LEEVII\AppData\Local\Temp\VMBCore\arduino16x\14a8bebc00f3f2c167e2bc9b7525933c\variant\variant.cpp.o
                0x000809f4                init
 .text.startup._GLOBAL__sub_I_g_APinDescription
                0x00080b1c       0xd4 C:\Users\LEEVII\AppData\Local\Temp\VMBCore\arduino16x\14a8bebc00f3f2c167e2bc9b7525933c\variant\variant.cpp.o
 .text._Z14serialEventRunv
                0x00080bf0       0x44 C:\Users\LEEVII\AppData\Local\Temp\VMBCore\arduino16x\14a8bebc00f3f2c167e2bc9b7525933c\variant\variant.cpp.o
                0x00080bf0                serialEventRun()
 .text.PIO_PullUp
                0x00080c34        0xa C:\Users\LEEVII\AppData\Local\arduino15\packages\arduino\hardware\sam\1.6.11\variants\arduino_due_x/libsam_sam3x8e_gcc_rel.a(pio.o)
                0x00080c34                PIO_PullUp
 .text.PIO_SetPeripheral
                0x00080c3e       0x26 C:\Users\LEEVII\AppData\Local\arduino15\packages\arduino\hardware\sam\1.6.11\variants\arduino_due_x/libsam_sam3x8e_gcc_rel.a(pio.o)
                0x00080c3e                PIO_SetPeripheral
 .text.PIO_SetInput
                0x00080c64       0x26 C:\Users\LEEVII\AppData\Local\arduino15\packages\arduino\hardware\sam\1.6.11\variants\arduino_due_x/libsam_sam3x8e_gcc_rel.a(pio.o)
                0x00080c64                PIO_SetInput
 .text.PIO_SetOutput
                0x00080c8a       0x24 C:\Users\LEEVII\AppData\Local\arduino15\packages\arduino\hardware\sam\1.6.11\variants\arduino_due_x/libsam_sam3x8e_gcc_rel.a(pio.o)
                0x00080c8a                PIO_SetOutput
 *fill*         0x00080cae        0x2 
 .text.PIO_Configure
                0x00080cb0       0x64 C:\Users\LEEVII\AppData\Local\arduino15\packages\arduino\hardware\sam\1.6.11\variants\arduino_due_x/libsam_sam3x8e_gcc_rel.a(pio.o)
                0x00080cb0                PIO_Configure
 .text.PIO_GetOutputDataStatus
                0x00080d14       0x14 C:\Users\LEEVII\AppData\Local\arduino15\packages\arduino\hardware\sam\1.6.11\variants\arduino_due_x/libsam_sam3x8e_gcc_rel.a(pio.o)
                0x00080d14                PIO_GetOutputDataStatus
 .text.pmc_enable_upll_clock
                0x00080d28       0x14 C:\Users\LEEVII\AppData\Local\arduino15\packages\arduino\hardware\sam\1.6.11\variants\arduino_due_x/libsam_sam3x8e_gcc_rel.a(pmc.o)
                0x00080d28                pmc_enable_upll_clock
 .text.pmc_enable_periph_clk
                0x00080d3c       0x44 C:\Users\LEEVII\AppData\Local\arduino15\packages\arduino\hardware\sam\1.6.11\variants\arduino_due_x/libsam_sam3x8e_gcc_rel.a(pmc.o)
                0x00080d3c                pmc_enable_periph_clk
 .text.pmc_disable_periph_clk
                0x00080d80       0x40 C:\Users\LEEVII\AppData\Local\arduino15\packages\arduino\hardware\sam\1.6.11\variants\arduino_due_x/libsam_sam3x8e_gcc_rel.a(pmc.o)
                0x00080d80                pmc_disable_periph_clk
 .text.pmc_switch_udpck_to_upllck
                0x00080dc0       0x14 C:\Users\LEEVII\AppData\Local\arduino15\packages\arduino\hardware\sam\1.6.11\variants\arduino_due_x/libsam_sam3x8e_gcc_rel.a(pmc.o)
                0x00080dc0                pmc_switch_udpck_to_upllck
 .text.pmc_enable_udpck
                0x00080dd4        0xc C:\Users\LEEVII\AppData\Local\arduino15\packages\arduino\hardware\sam\1.6.11\variants\arduino_due_x/libsam_sam3x8e_gcc_rel.a(pmc.o)
                0x00080dd4                pmc_enable_udpck
 .text.TC_Configure
                0x00080de0       0x38 C:\Users\LEEVII\AppData\Local\arduino15\packages\arduino\hardware\sam\1.6.11\variants\arduino_due_x/libsam_sam3x8e_gcc_rel.a(tc.o)
                0x00080de0                TC_Configure
 .text.TC_Start
                0x00080e18       0x2c C:\Users\LEEVII\AppData\Local\arduino15\packages\arduino\hardware\sam\1.6.11\variants\arduino_due_x/libsam_sam3x8e_gcc_rel.a(tc.o)
                0x00080e18                TC_Start
 .text.TC_SetRA
                0x00080e44        0x8 C:\Users\LEEVII\AppData\Local\arduino15\packages\arduino\hardware\sam\1.6.11\variants\arduino_due_x/libsam_sam3x8e_gcc_rel.a(tc.o)
                0x00080e44                TC_SetRA
 .text.SystemInit
                0x00080e4c       0x88 C:\Users\LEEVII\AppData\Local\arduino15\packages\arduino\hardware\sam\1.6.11\variants\arduino_due_x/libsam_sam3x8e_gcc_rel.a(system_sam3xa.o)
                0x00080e4c                SystemInit
 .text.Reset_Handler
                0x00080ed4       0x78 C:\Users\LEEVII\AppData\Local\arduino15\packages\arduino\hardware\sam\1.6.11\variants\arduino_due_x/libsam_sam3x8e_gcc_rel.a(startup_sam3xa.o)
                0x00080ed4                Reset_Handler
 .text.adc_init
                0x00080f4c       0x98 C:\Users\LEEVII\AppData\Local\arduino15\packages\arduino\hardware\sam\1.6.11\variants\arduino_due_x/libsam_sam3x8e_gcc_rel.a(adc.o)
                0x00080f4c                adc_init
 .text.adc_configure_trigger
                0x00080fe4        0xe C:\Users\LEEVII\AppData\Local\arduino15\packages\arduino\hardware\sam\1.6.11\variants\arduino_due_x/libsam_sam3x8e_gcc_rel.a(adc.o)
                0x00080fe4                adc_configure_trigger
 .text.adc_configure_timing
                0x00080ff2       0x1a C:\Users\LEEVII\AppData\Local\arduino15\packages\arduino\hardware\sam\1.6.11\variants\arduino_due_x/libsam_sam3x8e_gcc_rel.a(adc.o)
                0x00080ff2                adc_configure_timing
 .text.adc_disable_channel
                0x0008100c        0xa C:\Users\LEEVII\AppData\Local\arduino15\packages\arduino\hardware\sam\1.6.11\variants\arduino_due_x/libsam_sam3x8e_gcc_rel.a(adc.o)
                0x0008100c                adc_disable_channel
 .text.adc_disable_all_channel
                0x00081016        0x8 C:\Users\LEEVII\AppData\Local\arduino15\packages\arduino\hardware\sam\1.6.11\variants\arduino_due_x/libsam_sam3x8e_gcc_rel.a(adc.o)
                0x00081016                adc_disable_all_channel
 .text.adc_disable_interrupt
                0x0008101e        0x4 C:\Users\LEEVII\AppData\Local\arduino15\packages\arduino\hardware\sam\1.6.11\variants\arduino_due_x/libsam_sam3x8e_gcc_rel.a(adc.o)
                0x0008101e                adc_disable_interrupt
 *fill*         0x00081022        0x2 
 .text.UOTGHS_Handler
                0x00081024       0x10 C:\Users\LEEVII\AppData\Local\arduino15\packages\arduino\hardware\sam\1.6.11\variants\arduino_due_x/libsam_sam3x8e_gcc_rel.a(uotghs.o)
                0x00081024                UOTGHS_Handler
 .text.__halt   0x00081034        0x2 C:\Users\LEEVII\AppData\Local\Temp\VMBuilds\drone_controller\arduino_due_x_dbg\Debug/core.a(cortex_handlers.c.o)
                0x00081034                DACC_Handler
                0x00081034                DebugMon_Handler
                0x00081034                DMAC_Handler
                0x00081034                TRNG_Handler
                0x00081034                HardFault_Handler
                0x00081034                TWI1_Handler
                0x00081034                NMI_Handler
                0x00081034                TC7_Handler
                0x00081034                ADC_Handler
                0x00081034                SMC_Handler
                0x00081034                RTT_Handler
                0x00081034                EFC1_Handler
                0x00081034                PIOB_Handler
                0x00081034                RTC_Handler
                0x00081034                UsageFault_Handler
                0x00081034                TC6_Handler
                0x00081034                WDT_Handler
                0x00081034                CAN0_Handler
                0x00081034                TC1_Handler
                0x00081034                HSMCI_Handler
                0x00081034                TWI0_Handler
                0x00081034                PIOA_Handler
                0x00081034                SSC_Handler
                0x00081034                EFC0_Handler
                0x00081034                PMC_Handler
                0x00081034                PWM_Handler
                0x00081034                CAN1_Handler
                0x00081034                MemManage_Handler
                0x00081034                SUPC_Handler
                0x00081034                TC8_Handler
                0x00081034                USART2_Handler
                0x00081034                PIOD_Handler
                0x00081034                EMAC_Handler
                0x00081034                PIOC_Handler
                0x00081034                BusFault_Handler
                0x00081034                RSTC_Handler
                0x00081034                SPI0_Handler
 .text.SVC_Handler
                0x00081036        0x4 C:\Users\LEEVII\AppData\Local\Temp\VMBuilds\drone_controller\arduino_due_x_dbg\Debug/core.a(cortex_handlers.c.o)
                0x00081036                SVC_Handler
 .text.PendSV_Handler
                0x0008103a        0x4 C:\Users\LEEVII\AppData\Local\Temp\VMBuilds\drone_controller\arduino_due_x_dbg\Debug/core.a(cortex_handlers.c.o)
                0x0008103a                PendSV_Handler
 .text.SysTick_Handler
                0x0008103e       0x16 C:\Users\LEEVII\AppData\Local\Temp\VMBuilds\drone_controller\arduino_due_x_dbg\Debug/core.a(cortex_handlers.c.o)
                0x0008103e                SysTick_Handler
 .text.__empty  0x00081054        0x2 C:\Users\LEEVII\AppData\Local\Temp\VMBuilds\drone_controller\arduino_due_x_dbg\Debug/core.a(hooks.c.o)
                0x00081054                yield
 .text.__false  0x00081056        0x4 C:\Users\LEEVII\AppData\Local\Temp\VMBuilds\drone_controller\arduino_due_x_dbg\Debug/core.a(hooks.c.o)
                0x00081056                sysTickHook
 .text.__halt   0x0008105a        0x2 C:\Users\LEEVII\AppData\Local\Temp\VMBuilds\drone_controller\arduino_due_x_dbg\Debug/core.a(hooks.c.o)
                0x0008105a                svcHook
                0x0008105a                pendSVHook
 .text._sbrk    0x0008105c       0x1c C:\Users\LEEVII\AppData\Local\Temp\VMBuilds\drone_controller\arduino_due_x_dbg\Debug/core.a(syscalls_sam3.c.o)
                0x0008105c                _sbrk
 .text.link     0x00081078        0x6 C:\Users\LEEVII\AppData\Local\Temp\VMBuilds\drone_controller\arduino_due_x_dbg\Debug/core.a(syscalls_sam3.c.o)
                0x00081078                link
 .text._close   0x0008107e        0x6 C:\Users\LEEVII\AppData\Local\Temp\VMBuilds\drone_controller\arduino_due_x_dbg\Debug/core.a(syscalls_sam3.c.o)
                0x0008107e                _close
 .text._fstat   0x00081084        0xa C:\Users\LEEVII\AppData\Local\Temp\VMBuilds\drone_controller\arduino_due_x_dbg\Debug/core.a(syscalls_sam3.c.o)
                0x00081084                _fstat
 .text._isatty  0x0008108e        0x4 C:\Users\LEEVII\AppData\Local\Temp\VMBuilds\drone_controller\arduino_due_x_dbg\Debug/core.a(syscalls_sam3.c.o)
                0x0008108e                _isatty
 .text._lseek   0x00081092        0x4 C:\Users\LEEVII\AppData\Local\Temp\VMBuilds\drone_controller\arduino_due_x_dbg\Debug/core.a(syscalls_sam3.c.o)
                0x00081092                _lseek
 .text._read    0x00081096        0x4 C:\Users\LEEVII\AppData\Local\Temp\VMBuilds\drone_controller\arduino_due_x_dbg\Debug/core.a(syscalls_sam3.c.o)
                0x00081096                _read
 *fill*         0x0008109a        0x2 
 .text._write   0x0008109c       0x24 C:\Users\LEEVII\AppData\Local\Temp\VMBuilds\drone_controller\arduino_due_x_dbg\Debug/core.a(syscalls_sam3.c.o)
                0x0008109c                _write
 .text._exit    0x000810c0       0x10 C:\Users\LEEVII\AppData\Local\Temp\VMBuilds\drone_controller\arduino_due_x_dbg\Debug/core.a(syscalls_sam3.c.o)
                0x000810c0                _exit
 .text._kill    0x000810d0        0x2 C:\Users\LEEVII\AppData\Local\Temp\VMBuilds\drone_controller\arduino_due_x_dbg\Debug/core.a(syscalls_sam3.c.o)
                0x000810d0                _kill
 .text._getpid  0x000810d2        0x6 C:\Users\LEEVII\AppData\Local\Temp\VMBuilds\drone_controller\arduino_due_x_dbg\Debug/core.a(syscalls_sam3.c.o)
                0x000810d2                _getpid
 .text.millis   0x000810d8        0x4 C:\Users\LEEVII\AppData\Local\Temp\VMBuilds\drone_controller\arduino_due_x_dbg\Debug/core.a(wiring.c.o)
                0x000810d8                millis
 .text.micros   0x000810dc       0x74 C:\Users\LEEVII\AppData\Local\Temp\VMBuilds\drone_controller\arduino_due_x_dbg\Debug/core.a(wiring.c.o)
                0x000810dc                micros
 .text.delay    0x00081150       0x1c C:\Users\LEEVII\AppData\Local\Temp\VMBuilds\drone_controller\arduino_due_x_dbg\Debug/core.a(wiring.c.o)
                0x00081150                delay
 .text.analogOutputInit
                0x0008116c        0x2 C:\Users\LEEVII\AppData\Local\Temp\VMBuilds\drone_controller\arduino_due_x_dbg\Debug/core.a(wiring_analog.c.o)
                0x0008116c                analogOutputInit
 *fill*         0x0008116e        0x2 
 .text.pinMode  0x00081170      0x108 C:\Users\LEEVII\AppData\Local\Temp\VMBuilds\drone_controller\arduino_due_x_dbg\Debug/core.a(wiring_digital.c.o)
                0x00081170                pinMode
 .text.digitalWrite
                0x00081278       0x70 C:\Users\LEEVII\AppData\Local\Temp\VMBuilds\drone_controller\arduino_due_x_dbg\Debug/core.a(wiring_digital.c.o)
                0x00081278                digitalWrite
 .text.initVariant
                0x000812e8        0x2 C:\Users\LEEVII\AppData\Local\Temp\VMBuilds\drone_controller\arduino_due_x_dbg\Debug/core.a(main.cpp.o)
                0x000812e8                initVariant
 *fill*         0x000812ea        0x2 
 .text.startup.main
                0x000812ec       0x38 C:\Users\LEEVII\AppData\Local\Temp\VMBuilds\drone_controller\arduino_due_x_dbg\Debug/core.a(main.cpp.o)
                0x000812ec                main
 .text._ZN5Print5writeEPKhj
                0x00081324       0x22 C:\Users\LEEVII\AppData\Local\Temp\VMBuilds\drone_controller\arduino_due_x_dbg\Debug/core.a(Print.cpp.o)
                0x00081324                Print::write(unsigned char const*, unsigned int)
 .text._ZN5Print5printEmi.part.3
                0x00081346        0xc C:\Users\LEEVII\AppData\Local\Temp\VMBuilds\drone_controller\arduino_due_x_dbg\Debug/core.a(Print.cpp.o)
 .text._ZN5Print5writeEPKc
                0x00081352       0x1e C:\Users\LEEVII\AppData\Local\Temp\VMBuilds\drone_controller\arduino_due_x_dbg\Debug/core.a(Print.cpp.o)
                0x00081352                Print::write(char const*)
 .text._ZN5Print5printEPKc
                0x00081370        0x8 C:\Users\LEEVII\AppData\Local\Temp\VMBuilds\drone_controller\arduino_due_x_dbg\Debug/core.a(Print.cpp.o)
                0x00081370                Print::print(char const*)
 .text._ZN5Print11printNumberEmh
                0x00081378       0x3e C:\Users\LEEVII\AppData\Local\Temp\VMBuilds\drone_controller\arduino_due_x_dbg\Debug/core.a(Print.cpp.o)
                0x00081378                Print::printNumber(unsigned long, unsigned char)
 .text._ZN5Print5printEmi
                0x000813b6        0xc C:\Users\LEEVII\AppData\Local\Temp\VMBuilds\drone_controller\arduino_due_x_dbg\Debug/core.a(Print.cpp.o)
                0x000813b6                Print::print(unsigned long, int)
 .text._ZN5Print5printEhi
                0x000813c2        0x4 C:\Users\LEEVII\AppData\Local\Temp\VMBuilds\drone_controller\arduino_due_x_dbg\Debug/core.a(Print.cpp.o)
                0x000813c2                Print::print(unsigned char, int)
 *fill*         0x000813c6        0x2 
 .text.initiateReset
                0x000813c8        0xc C:\Users\LEEVII\AppData\Local\Temp\VMBuilds\drone_controller\arduino_due_x_dbg\Debug/core.a(Reset.cpp.o)
                0x000813c8                initiateReset
 .text.cancelReset
                0x000813d4       0x10 C:\Users\LEEVII\AppData\Local\Temp\VMBuilds\drone_controller\arduino_due_x_dbg\Debug/core.a(Reset.cpp.o)
                0x000813d4                cancelReset
 .text.tickReset
                0x000813e4       0x20 C:\Users\LEEVII\AppData\Local\Temp\VMBuilds\drone_controller\arduino_due_x_dbg\Debug/core.a(Reset.cpp.o)
                0x000813e4                tickReset
 .text._ZN10RingBufferC2Ev
                0x00081404       0x1a C:\Users\LEEVII\AppData\Local\Temp\VMBuilds\drone_controller\arduino_due_x_dbg\Debug/core.a(RingBuffer.cpp.o)
                0x00081404                RingBuffer::RingBuffer()
                0x00081404                RingBuffer::RingBuffer()
 .text._ZN10RingBuffer10store_charEh
                0x0008141e       0x1e C:\Users\LEEVII\AppData\Local\Temp\VMBuilds\drone_controller\arduino_due_x_dbg\Debug/core.a(RingBuffer.cpp.o)
                0x0008141e                RingBuffer::store_char(unsigned char)
 .text._ZN9UARTClasscvbEv
                0x0008143c        0x4 C:\Users\LEEVII\AppData\Local\Temp\VMBuilds\drone_controller\arduino_due_x_dbg\Debug/core.a(UARTClass.cpp.o)
                0x0008143c                UARTClass::operator bool()
 .text._ZN9UARTClass9availableEv
                0x00081440       0x12 C:\Users\LEEVII\AppData\Local\Temp\VMBuilds\drone_controller\arduino_due_x_dbg\Debug/core.a(UARTClass.cpp.o)
                0x00081440                UARTClass::available()
 .text._ZN9UARTClass4peekEv
                0x00081452       0x1c C:\Users\LEEVII\AppData\Local\Temp\VMBuilds\drone_controller\arduino_due_x_dbg\Debug/core.a(UARTClass.cpp.o)
                0x00081452                UARTClass::peek()
 .text._ZN9UARTClass4readEv
                0x0008146e       0x2a C:\Users\LEEVII\AppData\Local\Temp\VMBuilds\drone_controller\arduino_due_x_dbg\Debug/core.a(UARTClass.cpp.o)
                0x0008146e                UARTClass::read()
 .text._ZN9UARTClass5flushEv
                0x00081498       0x18 C:\Users\LEEVII\AppData\Local\Temp\VMBuilds\drone_controller\arduino_due_x_dbg\Debug/core.a(UARTClass.cpp.o)
                0x00081498                UARTClass::flush()
 .text._ZN9UARTClass5writeEh
                0x000814b0       0x54 C:\Users\LEEVII\AppData\Local\Temp\VMBuilds\drone_controller\arduino_due_x_dbg\Debug/core.a(UARTClass.cpp.o)
                0x000814b0                UARTClass::write(unsigned char)
 .text._ZN9UARTClass3endEv
                0x00081504       0x3c C:\Users\LEEVII\AppData\Local\Temp\VMBuilds\drone_controller\arduino_due_x_dbg\Debug/core.a(UARTClass.cpp.o)
                0x00081504                UARTClass::end()
 .text._ZN9UARTClassC2EP4Uart4IRQnmP10RingBufferS4_
                0x00081540       0x24 C:\Users\LEEVII\AppData\Local\Temp\VMBuilds\drone_controller\arduino_due_x_dbg\Debug/core.a(UARTClass.cpp.o)
                0x00081540                UARTClass::UARTClass(Uart*, IRQn, unsigned long, RingBuffer*, RingBuffer*)
                0x00081540                UARTClass::UARTClass(Uart*, IRQn, unsigned long, RingBuffer*, RingBuffer*)
 .text._ZN9UARTClass4initEmm
                0x00081564       0x70 C:\Users\LEEVII\AppData\Local\Temp\VMBuilds\drone_controller\arduino_due_x_dbg\Debug/core.a(UARTClass.cpp.o)
                0x00081564                UARTClass::init(unsigned long, unsigned long)
 .text._ZN9UARTClass5beginEm
                0x000815d4        0x8 C:\Users\LEEVII\AppData\Local\Temp\VMBuilds\drone_controller\arduino_due_x_dbg\Debug/core.a(UARTClass.cpp.o)
                0x000815d4                UARTClass::begin(unsigned long)
 .text._ZN9UARTClass10IrqHandlerEv
                0x000815dc       0x5a C:\Users\LEEVII\AppData\Local\Temp\VMBuilds\drone_controller\arduino_due_x_dbg\Debug/core.a(UARTClass.cpp.o)
                0x000815dc                UARTClass::IrqHandler()
 .text._ZN10USARTClass5beginEm
                0x00081636        0x8 C:\Users\LEEVII\AppData\Local\Temp\VMBuilds\drone_controller\arduino_due_x_dbg\Debug/core.a(USARTClass.cpp.o)
                0x00081636                USARTClass::begin(unsigned long)
 *fill*         0x0008163e        0x2 
 .text._ZN10USARTClassC2EP5Usart4IRQnmP10RingBufferS4_
                0x00081640       0x24 C:\Users\LEEVII\AppData\Local\Temp\VMBuilds\drone_controller\arduino_due_x_dbg\Debug/core.a(USARTClass.cpp.o)
                0x00081640                USARTClass::USARTClass(Usart*, IRQn, unsigned long, RingBuffer*, RingBuffer*)
                0x00081640                USARTClass::USARTClass(Usart*, IRQn, unsigned long, RingBuffer*, RingBuffer*)
 .text._watchdogDefaultSetup
                0x00081664        0xc C:\Users\LEEVII\AppData\Local\Temp\VMBuilds\drone_controller\arduino_due_x_dbg\Debug/core.a(watchdog.cpp.o)
                0x00081664                _watchdogDefaultSetup
                0x00081664                watchdogSetup()
 .text.unlikely._ZL11USB_SendZlpv
                0x00081670       0x20 C:\Users\LEEVII\AppData\Local\Temp\VMBuilds\drone_controller\arduino_due_x_dbg\Debug/core.a(USBCore.cpp.o)
 .text._Z14USBD_Availablem
                0x00081690       0x2c C:\Users\LEEVII\AppData\Local\Temp\VMBuilds\drone_controller\arduino_due_x_dbg\Debug/core.a(USBCore.cpp.o)
                0x00081690                USBD_Available(unsigned long)
 .text._Z9USBD_RecvmPvm
                0x000816bc       0x7c C:\Users\LEEVII\AppData\Local\Temp\VMBuilds\drone_controller\arduino_due_x_dbg\Debug/core.a(USBCore.cpp.o)
                0x000816bc                USBD_Recv(unsigned long, void*, unsigned long)
 .text._Z9USBD_Recvm
                0x00081738       0x22 C:\Users\LEEVII\AppData\Local\Temp\VMBuilds\drone_controller\arduino_due_x_dbg\Debug/core.a(USBCore.cpp.o)
                0x00081738                USBD_Recv(unsigned long)
 *fill*         0x0008175a        0x2 
 .text._Z9USBD_SendmPKvm
                0x0008175c       0x4c C:\Users\LEEVII\AppData\Local\Temp\VMBuilds\drone_controller\arduino_due_x_dbg\Debug/core.a(USBCore.cpp.o)
                0x0008175c                USBD_Send(unsigned long, void const*, unsigned long)
 .text._Z16USBD_SendControlhPKvm
                0x000817a8       0x40 C:\Users\LEEVII\AppData\Local\Temp\VMBuilds\drone_controller\arduino_due_x_dbg\Debug/core.a(USBCore.cpp.o)
                0x000817a8                USBD_SendControl(unsigned char, void const*, unsigned long)
 .text.unlikely._ZL24USB_SendStringDescriptorPKhi
                0x000817e8       0x64 C:\Users\LEEVII\AppData\Local\Temp\VMBuilds\drone_controller\arduino_due_x_dbg\Debug/core.a(USBCore.cpp.o)
 .text._Z16USBD_RecvControlPvm
                0x0008184c       0x1c C:\Users\LEEVII\AppData\Local\Temp\VMBuilds\drone_controller\arduino_due_x_dbg\Debug/core.a(USBCore.cpp.o)
                0x0008184c                USBD_RecvControl(void*, unsigned long)
 .text._Z26USBD_ClassInterfaceRequestR8USBSetup
                0x00081868       0x1e C:\Users\LEEVII\AppData\Local\Temp\VMBuilds\drone_controller\arduino_due_x_dbg\Debug/core.a(USBCore.cpp.o)
                0x00081868                USBD_ClassInterfaceRequest(USBSetup&)
 .text._Z19USBD_SendInterfacesv
                0x00081886       0x22 C:\Users\LEEVII\AppData\Local\Temp\VMBuilds\drone_controller\arduino_due_x_dbg\Debug/core.a(USBCore.cpp.o)
                0x00081886                USBD_SendInterfaces()
 .text._Z24USBD_SendOtherInterfacesv
                0x000818a8       0x22 C:\Users\LEEVII\AppData\Local\Temp\VMBuilds\drone_controller\arduino_due_x_dbg\Debug/core.a(USBCore.cpp.o)
                0x000818a8                USBD_SendOtherInterfaces()
 .text._Z10USBD_Flushm
                0x000818ca       0x16 C:\Users\LEEVII\AppData\Local\Temp\VMBuilds\drone_controller\arduino_due_x_dbg\Debug/core.a(USBCore.cpp.o)
                0x000818ca                USBD_Flush(unsigned long)
 .text._ZN10USBDevice_C2Ev
                0x000818e0       0x24 C:\Users\LEEVII\AppData\Local\Temp\VMBuilds\drone_controller\arduino_due_x_dbg\Debug/core.a(USBCore.cpp.o)
                0x000818e0                USBDevice_::USBDevice_()
                0x000818e0                USBDevice_::USBDevice_()
 .text._ZN10USBDevice_6attachEv
                0x00081904       0x20 C:\Users\LEEVII\AppData\Local\Temp\VMBuilds\drone_controller\arduino_due_x_dbg\Debug/core.a(USBCore.cpp.o)
                0x00081904                USBDevice_::attach()
 .text.startup._GLOBAL__sub_I_EndPoints
                0x00081924        0xc C:\Users\LEEVII\AppData\Local\Temp\VMBuilds\drone_controller\arduino_due_x_dbg\Debug/core.a(USBCore.cpp.o)
 .text._ZL7USB_ISRv
                0x00081930      0x454 C:\Users\LEEVII\AppData\Local\Temp\VMBuilds\drone_controller\arduino_due_x_dbg\Debug/core.a(USBCore.cpp.o)
 .text._ZN7Serial_9availableEv
                0x00081d84       0x18 C:\Users\LEEVII\AppData\Local\Temp\VMBuilds\drone_controller\arduino_due_x_dbg\Debug/core.a(CDC.cpp.o)
                0x00081d84                Serial_::available()
 .text._ZN7Serial_17availableForWriteEv
                0x00081d9c        0x6 C:\Users\LEEVII\AppData\Local\Temp\VMBuilds\drone_controller\arduino_due_x_dbg\Debug/core.a(CDC.cpp.o)
                0x00081d9c                Serial_::availableForWrite()
 *fill*         0x00081da2        0x2 
 .text._ZN7Serial_4peekEv
                0x00081da4       0x20 C:\Users\LEEVII\AppData\Local\Temp\VMBuilds\drone_controller\arduino_due_x_dbg\Debug/core.a(CDC.cpp.o)
                0x00081da4                Serial_::peek()
 .text._ZN7Serial_5writeEh
                0x00081dc4       0x16 C:\Users\LEEVII\AppData\Local\Temp\VMBuilds\drone_controller\arduino_due_x_dbg\Debug/core.a(CDC.cpp.o)
                0x00081dc4                Serial_::write(unsigned char)
 *fill*         0x00081dda        0x2 
 .text._ZN7Serial_4readEv
                0x00081ddc       0x44 C:\Users\LEEVII\AppData\Local\Temp\VMBuilds\drone_controller\arduino_due_x_dbg\Debug/core.a(CDC.cpp.o)
                0x00081ddc                Serial_::read()
 .text._ZN7Serial_5flushEv
                0x00081e20        0x6 C:\Users\LEEVII\AppData\Local\Temp\VMBuilds\drone_controller\arduino_due_x_dbg\Debug/core.a(CDC.cpp.o)
                0x00081e20                Serial_::flush()
 *fill*         0x00081e26        0x2 
 .text._ZN7Serial_6acceptEv
                0x00081e28       0x70 C:\Users\LEEVII\AppData\Local\Temp\VMBuilds\drone_controller\arduino_due_x_dbg\Debug/core.a(CDC.cpp.o)
                0x00081e28                Serial_::accept()
 .text._ZN7Serial_5writeEPKhj
                0x00081e98       0x2c C:\Users\LEEVII\AppData\Local\Temp\VMBuilds\drone_controller\arduino_due_x_dbg\Debug/core.a(CDC.cpp.o)
                0x00081e98                Serial_::write(unsigned char const*, unsigned int)
 .text._Z16CDC_GetInterfacePh
                0x00081ec4       0x14 C:\Users\LEEVII\AppData\Local\Temp\VMBuilds\drone_controller\arduino_due_x_dbg\Debug/core.a(CDC.cpp.o)
                0x00081ec4                CDC_GetInterface(unsigned char*)
 .text._Z21CDC_GetOtherInterfacePh
                0x00081ed8       0x14 C:\Users\LEEVII\AppData\Local\Temp\VMBuilds\drone_controller\arduino_due_x_dbg\Debug/core.a(CDC.cpp.o)
                0x00081ed8                CDC_GetOtherInterface(unsigned char*)
 .text._Z9CDC_SetupR8USBSetup
                0x00081eec       0x78 C:\Users\LEEVII\AppData\Local\Temp\VMBuilds\drone_controller\arduino_due_x_dbg\Debug/core.a(CDC.cpp.o)
                0x00081eec                CDC_Setup(USBSetup&)
 .text.startup._GLOBAL__sub_I_cdc_rx_buffer
                0x00081f64       0x1c C:\Users\LEEVII\AppData\Local\Temp\VMBuilds\drone_controller\arduino_due_x_dbg\Debug/core.a(CDC.cpp.o)
 .text._ZN13PluggableUSB_12getInterfaceEPh
                0x00081f80       0x28 C:\Users\LEEVII\AppData\Local\Temp\VMBuilds\drone_controller\arduino_due_x_dbg\Debug/core.a(PluggableUSB.cpp.o)
                0x00081f80                PluggableUSB_::getInterface(unsigned char*)
 .text._ZN13PluggableUSB_13getDescriptorER8USBSetup
                0x00081fa8       0x1c C:\Users\LEEVII\AppData\Local\Temp\VMBuilds\drone_controller\arduino_due_x_dbg\Debug/core.a(PluggableUSB.cpp.o)
                0x00081fa8                PluggableUSB_::getDescriptor(USBSetup&)
 .text._ZN13PluggableUSB_12getShortNameEPc
                0x00081fc4       0x1c C:\Users\LEEVII\AppData\Local\Temp\VMBuilds\drone_controller\arduino_due_x_dbg\Debug/core.a(PluggableUSB.cpp.o)
                0x00081fc4                PluggableUSB_::getShortName(char*)
 .text._ZN13PluggableUSB_5setupER8USBSetup
                0x00081fe0       0x20 C:\Users\LEEVII\AppData\Local\Temp\VMBuilds\drone_controller\arduino_due_x_dbg\Debug/core.a(PluggableUSB.cpp.o)
                0x00081fe0                PluggableUSB_::setup(USBSetup&)
 .text._Z12PluggableUSBv
                0x00082000       0x28 C:\Users\LEEVII\AppData\Local\Temp\VMBuilds\drone_controller\arduino_due_x_dbg\Debug/core.a(PluggableUSB.cpp.o)
                0x00082000                PluggableUSB()
 .text.TimeTick_Increment
                0x00082028       0x10 C:\Users\LEEVII\AppData\Local\arduino15\packages\arduino\hardware\sam\1.6.11\variants\arduino_due_x/libsam_sam3x8e_gcc_rel.a(timetick.o)
                0x00082028                TimeTick_Increment
 .text.GetTickCount
                0x00082038        0xc C:\Users\LEEVII\AppData\Local\arduino15\packages\arduino\hardware\sam\1.6.11\variants\arduino_due_x/libsam_sam3x8e_gcc_rel.a(timetick.o)
                0x00082038                GetTickCount
 .text.WDT_Disable
                0x00082044        0x8 C:\Users\LEEVII\AppData\Local\arduino15\packages\arduino\hardware\sam\1.6.11\variants\arduino_due_x/libsam_sam3x8e_gcc_rel.a(wdt.o)
                0x00082044                WDT_Disable
 .text.UDD_SetStack
                0x0008204c        0xc C:\Users\LEEVII\AppData\Local\arduino15\packages\arduino\hardware\sam\1.6.11\variants\arduino_due_x/libsam_sam3x8e_gcc_rel.a(uotghs_device.o)
                0x0008204c                UDD_SetStack
 .text.UDD_Init
                0x00082058       0xd0 C:\Users\LEEVII\AppData\Local\arduino15\packages\arduino\hardware\sam\1.6.11\variants\arduino_due_x/libsam_sam3x8e_gcc_rel.a(uotghs_device.o)
                0x00082058                UDD_Init
 .text.UDD_Attach
                0x00082128       0x50 C:\Users\LEEVII\AppData\Local\arduino15\packages\arduino\hardware\sam\1.6.11\variants\arduino_due_x/libsam_sam3x8e_gcc_rel.a(uotghs_device.o)
                0x00082128                UDD_Attach
 .text.UDD_InitEP
                0x00082178       0x2c C:\Users\LEEVII\AppData\Local\arduino15\packages\arduino\hardware\sam\1.6.11\variants\arduino_due_x/libsam_sam3x8e_gcc_rel.a(uotghs_device.o)
                0x00082178                UDD_InitEP
 .text.UDD_InitEndpoints
                0x000821a4       0x3c C:\Users\LEEVII\AppData\Local\arduino15\packages\arduino\hardware\sam\1.6.11\variants\arduino_due_x/libsam_sam3x8e_gcc_rel.a(uotghs_device.o)
                0x000821a4                UDD_InitEndpoints
 .text.UDD_WaitIN
                0x000821e0       0x10 C:\Users\LEEVII\AppData\Local\arduino15\packages\arduino\hardware\sam\1.6.11\variants\arduino_due_x/libsam_sam3x8e_gcc_rel.a(uotghs_device.o)
                0x000821e0                UDD_WaitIN
 .text.UDD_WaitOUT
                0x000821f0       0x10 C:\Users\LEEVII\AppData\Local\arduino15\packages\arduino\hardware\sam\1.6.11\variants\arduino_due_x/libsam_sam3x8e_gcc_rel.a(uotghs_device.o)
                0x000821f0                UDD_WaitOUT
 .text.UDD_ClearIN
                0x00082200       0x18 C:\Users\LEEVII\AppData\Local\arduino15\packages\arduino\hardware\sam\1.6.11\variants\arduino_due_x/libsam_sam3x8e_gcc_rel.a(uotghs_device.o)
                0x00082200                UDD_ClearIN
 .text.UDD_ClearOUT
                0x00082218       0x18 C:\Users\LEEVII\AppData\Local\arduino15\packages\arduino\hardware\sam\1.6.11\variants\arduino_due_x/libsam_sam3x8e_gcc_rel.a(uotghs_device.o)
                0x00082218                UDD_ClearOUT
 .text.UDD_ReceivedSetupInt
                0x00082230       0x10 C:\Users\LEEVII\AppData\Local\arduino15\packages\arduino\hardware\sam\1.6.11\variants\arduino_due_x/libsam_sam3x8e_gcc_rel.a(uotghs_device.o)
                0x00082230                UDD_ReceivedSetupInt
 .text.UDD_ClearSetupInt
                0x00082240       0x10 C:\Users\LEEVII\AppData\Local\arduino15\packages\arduino\hardware\sam\1.6.11\variants\arduino_due_x/libsam_sam3x8e_gcc_rel.a(uotghs_device.o)
                0x00082240                UDD_ClearSetupInt
 .text.UDD_Send
                0x00082250       0x88 C:\Users\LEEVII\AppData\Local\arduino15\packages\arduino\hardware\sam\1.6.11\variants\arduino_due_x/libsam_sam3x8e_gcc_rel.a(uotghs_device.o)
                0x00082250                UDD_Send
 .text.UDD_Send8
                0x000822d8       0x24 C:\Users\LEEVII\AppData\Local\arduino15\packages\arduino\hardware\sam\1.6.11\variants\arduino_due_x/libsam_sam3x8e_gcc_rel.a(uotghs_device.o)
                0x000822d8                UDD_Send8
 .text.UDD_Recv8
                0x000822fc       0x28 C:\Users\LEEVII\AppData\Local\arduino15\packages\arduino\hardware\sam\1.6.11\variants\arduino_due_x/libsam_sam3x8e_gcc_rel.a(uotghs_device.o)
                0x000822fc                UDD_Recv8
 .text.UDD_Recv
                0x00082324       0x34 C:\Users\LEEVII\AppData\Local\arduino15\packages\arduino\hardware\sam\1.6.11\variants\arduino_due_x/libsam_sam3x8e_gcc_rel.a(uotghs_device.o)
                0x00082324                UDD_Recv
 .text.UDD_Stall
                0x00082358       0x14 C:\Users\LEEVII\AppData\Local\arduino15\packages\arduino\hardware\sam\1.6.11\variants\arduino_due_x/libsam_sam3x8e_gcc_rel.a(uotghs_device.o)
                0x00082358                UDD_Stall
 .text.UDD_FifoByteCount
                0x0008236c       0x14 C:\Users\LEEVII\AppData\Local\arduino15\packages\arduino\hardware\sam\1.6.11\variants\arduino_due_x/libsam_sam3x8e_gcc_rel.a(uotghs_device.o)
                0x0008236c                UDD_FifoByteCount
 .text.UDD_ReleaseRX
                0x00082380       0x28 C:\Users\LEEVII\AppData\Local\arduino15\packages\arduino\hardware\sam\1.6.11\variants\arduino_due_x/libsam_sam3x8e_gcc_rel.a(uotghs_device.o)
                0x00082380                UDD_ReleaseRX
 .text.UDD_ReleaseTX
                0x000823a8       0x28 C:\Users\LEEVII\AppData\Local\arduino15\packages\arduino\hardware\sam\1.6.11\variants\arduino_due_x/libsam_sam3x8e_gcc_rel.a(uotghs_device.o)
                0x000823a8                UDD_ReleaseTX
 .text.UDD_SetAddress
                0x000823d0       0x20 C:\Users\LEEVII\AppData\Local\arduino15\packages\arduino\hardware\sam\1.6.11\variants\arduino_due_x/libsam_sam3x8e_gcc_rel.a(uotghs_device.o)
                0x000823d0                UDD_SetAddress
 .text.__assert_func
                0x000823f0       0x3c c:/users/leevii/appdata/local/arduino15/packages/arduino/tools/arm-none-eabi-gcc/4.8.3-2014q1/bin/../lib/gcc/arm-none-eabi/4.8.3/../../../../arm-none-eabi/lib/armv7-m\libg.a(lib_a-assert.o)
                0x000823f0                __assert_func
 .text.fiprintf
                0x0008242c       0x28 c:/users/leevii/appdata/local/arduino15/packages/arduino/tools/arm-none-eabi-gcc/4.8.3-2014q1/bin/../lib/gcc/arm-none-eabi/4.8.3/../../../../arm-none-eabi/lib/armv7-m\libg.a(lib_a-fiprintf.o)
                0x0008242c                fiprintf
 .text.__libc_init_array
                0x00082454       0x50 c:/users/leevii/appdata/local/arduino15/packages/arduino/tools/arm-none-eabi-gcc/4.8.3-2014q1/bin/../lib/gcc/arm-none-eabi/4.8.3/../../../../arm-none-eabi/lib/armv7-m\libg.a(lib_a-init.o)
                0x00082454                __libc_init_array
 .text.iprintf  0x000824a4       0x28 c:/users/leevii/appdata/local/arduino15/packages/arduino/tools/arm-none-eabi-gcc/4.8.3-2014q1/bin/../lib/gcc/arm-none-eabi/4.8.3/../../../../arm-none-eabi/lib/armv7-m\libg.a(lib_a-iprintf.o)
                0x000824a4                iprintf
 .text.memset   0x000824cc       0x94 c:/users/leevii/appdata/local/arduino15/packages/arduino/tools/arm-none-eabi-gcc/4.8.3-2014q1/bin/../lib/gcc/arm-none-eabi/4.8.3/../../../../arm-none-eabi/lib/armv7-m\libg.a(lib_a-memset.o)
                0x000824cc                memset
 .text.strlen   0x00082560       0x60 c:/users/leevii/appdata/local/arduino15/packages/arduino/tools/arm-none-eabi-gcc/4.8.3-2014q1/bin/../lib/gcc/arm-none-eabi/4.8.3/../../../../arm-none-eabi/lib/armv7-m\libg.a(lib_a-strlen.o)
                0x00082560                strlen
 .text.kill     0x000825c0       0x10 c:/users/leevii/appdata/local/arduino15/packages/arduino/tools/arm-none-eabi-gcc/4.8.3-2014q1/bin/../lib/gcc/arm-none-eabi/4.8.3/../../../../arm-none-eabi/lib/armv7-m\libg.a(lib_a-syskill.o)
                0x000825c0                kill
 .text.__sprint_r.part.0
                0x000825d0       0x78 c:/users/leevii/appdata/local/arduino15/packages/arduino/tools/arm-none-eabi-gcc/4.8.3-2014q1/bin/../lib/gcc/arm-none-eabi/4.8.3/../../../../arm-none-eabi/lib/armv7-m\libg.a(lib_a-vfiprintf.o)
 .text._vfiprintf_r
                0x00082648      0xc54 c:/users/leevii/appdata/local/arduino15/packages/arduino/tools/arm-none-eabi-gcc/4.8.3-2014q1/bin/../lib/gcc/arm-none-eabi/4.8.3/../../../../arm-none-eabi/lib/armv7-m\libg.a(lib_a-vfiprintf.o)
                0x00082648                _vfiprintf_r
 .text.__sbprintf
                0x0008329c       0x7c c:/users/leevii/appdata/local/arduino15/packages/arduino/tools/arm-none-eabi-gcc/4.8.3-2014q1/bin/../lib/gcc/arm-none-eabi/4.8.3/../../../../arm-none-eabi/lib/armv7-m\libg.a(lib_a-vfiprintf.o)
 .text.__swsetup_r
                0x00083318       0xc4 c:/users/leevii/appdata/local/arduino15/packages/arduino/tools/arm-none-eabi-gcc/4.8.3-2014q1/bin/../lib/gcc/arm-none-eabi/4.8.3/../../../../arm-none-eabi/lib/armv7-m\libg.a(lib_a-wsetup.o)
                0x00083318                __swsetup_r
 .text.startup.register_fini
                0x000833dc       0x14 c:/users/leevii/appdata/local/arduino15/packages/arduino/tools/arm-none-eabi-gcc/4.8.3-2014q1/bin/../lib/gcc/arm-none-eabi/4.8.3/../../../../arm-none-eabi/lib/armv7-m\libg.a(lib_a-__call_atexit.o)
 .text.abort    0x000833f0       0x10 c:/users/leevii/appdata/local/arduino15/packages/arduino/tools/arm-none-eabi-gcc/4.8.3-2014q1/bin/../lib/gcc/arm-none-eabi/4.8.3/../../../../arm-none-eabi/lib/armv7-m\libg.a(lib_a-abort.o)
                0x000833f0                abort
 .text.atexit   0x00083400        0xc c:/users/leevii/appdata/local/arduino15/packages/arduino/tools/arm-none-eabi-gcc/4.8.3-2014q1/bin/../lib/gcc/arm-none-eabi/4.8.3/../../../../arm-none-eabi/lib/armv7-m\libg.a(lib_a-atexit.o)
                0x00083400                atexit
 .text.__sflush_r
                0x0008340c      0x148 c:/users/leevii/appdata/local/arduino15/packages/arduino/tools/arm-none-eabi-gcc/4.8.3-2014q1/bin/../lib/gcc/arm-none-eabi/4.8.3/../../../../arm-none-eabi/lib/armv7-m\libg.a(lib_a-fflush.o)
                0x0008340c                __sflush_r
 .text._fflush_r
                0x00083554       0x2c c:/users/leevii/appdata/local/arduino15/packages/arduino/tools/arm-none-eabi-gcc/4.8.3-2014q1/bin/../lib/gcc/arm-none-eabi/4.8.3/../../../../arm-none-eabi/lib/armv7-m\libg.a(lib_a-fflush.o)
                0x00083554                _fflush_r
 .text._cleanup_r
                0x00083580        0xc c:/users/leevii/appdata/local/arduino15/packages/arduino/tools/arm-none-eabi-gcc/4.8.3-2014q1/bin/../lib/gcc/arm-none-eabi/4.8.3/../../../../arm-none-eabi/lib/armv7-m\libg.a(lib_a-findfp.o)
                0x00083580                _cleanup_r
 .text.__sinit  0x0008358c       0xf4 c:/users/leevii/appdata/local/arduino15/packages/arduino/tools/arm-none-eabi-gcc/4.8.3-2014q1/bin/../lib/gcc/arm-none-eabi/4.8.3/../../../../arm-none-eabi/lib/armv7-m\libg.a(lib_a-findfp.o)
                0x0008358c                __sinit
 .text.__sfp_lock_acquire
                0x00083680        0x4 c:/users/leevii/appdata/local/arduino15/packages/arduino/tools/arm-none-eabi-gcc/4.8.3-2014q1/bin/../lib/gcc/arm-none-eabi/4.8.3/../../../../arm-none-eabi/lib/armv7-m\libg.a(lib_a-findfp.o)
                0x00083680                __sfp_lock_acquire
 .text.__sfp_lock_release
                0x00083684        0x4 c:/users/leevii/appdata/local/arduino15/packages/arduino/tools/arm-none-eabi-gcc/4.8.3-2014q1/bin/../lib/gcc/arm-none-eabi/4.8.3/../../../../arm-none-eabi/lib/armv7-m\libg.a(lib_a-findfp.o)
                0x00083684                __sfp_lock_release
 .text.__libc_fini_array
                0x00083688       0x30 c:/users/leevii/appdata/local/arduino15/packages/arduino/tools/arm-none-eabi-gcc/4.8.3-2014q1/bin/../lib/gcc/arm-none-eabi/4.8.3/../../../../arm-none-eabi/lib/armv7-m\libg.a(lib_a-fini.o)
                0x00083688                __libc_fini_array
 .text._fputwc_r
                0x000836b8       0xc0 c:/users/leevii/appdata/local/arduino15/packages/arduino/tools/arm-none-eabi-gcc/4.8.3-2014q1/bin/../lib/gcc/arm-none-eabi/4.8.3/../../../../arm-none-eabi/lib/armv7-m\libg.a(lib_a-fputwc.o)
                0x000836b8                _fputwc_r
 .text._malloc_trim_r
                0x00083778       0x9c c:/users/leevii/appdata/local/arduino15/packages/arduino/tools/arm-none-eabi-gcc/4.8.3-2014q1/bin/../lib/gcc/arm-none-eabi/4.8.3/../../../../arm-none-eabi/lib/armv7-m\libg.a(lib_a-freer.o)
                0x00083778                _malloc_trim_r
 .text._free_r  0x00083814      0x198 c:/users/leevii/appdata/local/arduino15/packages/arduino/tools/arm-none-eabi-gcc/4.8.3-2014q1/bin/../lib/gcc/arm-none-eabi/4.8.3/../../../../arm-none-eabi/lib/armv7-m\libg.a(lib_a-freer.o)
                0x00083814                _free_r
 .text.__sfvwrite_r
                0x000839ac      0x314 c:/users/leevii/appdata/local/arduino15/packages/arduino/tools/arm-none-eabi-gcc/4.8.3-2014q1/bin/../lib/gcc/arm-none-eabi/4.8.3/../../../../arm-none-eabi/lib/armv7-m\libg.a(lib_a-fvwrite.o)
                0x000839ac                __sfvwrite_r
 .text._fwalk   0x00083cc0       0x48 c:/users/leevii/appdata/local/arduino15/packages/arduino/tools/arm-none-eabi-gcc/4.8.3-2014q1/bin/../lib/gcc/arm-none-eabi/4.8.3/../../../../arm-none-eabi/lib/armv7-m\libg.a(lib_a-fwalk.o)
                0x00083cc0                _fwalk
 .text.__locale_charset
                0x00083d08        0x8 c:/users/leevii/appdata/local/arduino15/packages/arduino/tools/arm-none-eabi-gcc/4.8.3-2014q1/bin/../lib/gcc/arm-none-eabi/4.8.3/../../../../arm-none-eabi/lib/armv7-m\libg.a(lib_a-locale.o)
                0x00083d08                __locale_charset
 .text.__locale_mb_cur_max
                0x00083d10        0xc c:/users/leevii/appdata/local/arduino15/packages/arduino/tools/arm-none-eabi-gcc/4.8.3-2014q1/bin/../lib/gcc/arm-none-eabi/4.8.3/../../../../arm-none-eabi/lib/armv7-m\libg.a(lib_a-locale.o)
                0x00083d10                __locale_mb_cur_max
 .text.__smakebuf_r
                0x00083d1c       0xe0 c:/users/leevii/appdata/local/arduino15/packages/arduino/tools/arm-none-eabi-gcc/4.8.3-2014q1/bin/../lib/gcc/arm-none-eabi/4.8.3/../../../../arm-none-eabi/lib/armv7-m\libg.a(lib_a-makebuf.o)
                0x00083d1c                __smakebuf_r
 .text._malloc_r
                0x00083dfc      0x538 c:/users/leevii/appdata/local/arduino15/packages/arduino/tools/arm-none-eabi-gcc/4.8.3-2014q1/bin/../lib/gcc/arm-none-eabi/4.8.3/../../../../arm-none-eabi/lib/armv7-m\libg.a(lib_a-mallocr.o)
                0x00083dfc                _malloc_r
 .text.memchr   0x00084334       0x94 c:/users/leevii/appdata/local/arduino15/packages/arduino/tools/arm-none-eabi-gcc/4.8.3-2014q1/bin/../lib/gcc/arm-none-eabi/4.8.3/../../../../arm-none-eabi/lib/armv7-m\libg.a(lib_a-memchr-stub.o)
                0x00084334                memchr
 .text          0x000843c8       0xec c:/users/leevii/appdata/local/arduino15/packages/arduino/tools/arm-none-eabi-gcc/4.8.3-2014q1/bin/../lib/gcc/arm-none-eabi/4.8.3/../../../../arm-none-eabi/lib/armv7-m\libg.a(lib_a-memcpy.o)
                0x000843c8                memcpy
 .text.memmove  0x000844b4       0xcc c:/users/leevii/appdata/local/arduino15/packages/arduino/tools/arm-none-eabi-gcc/4.8.3-2014q1/bin/../lib/gcc/arm-none-eabi/4.8.3/../../../../arm-none-eabi/lib/armv7-m\libg.a(lib_a-memmove.o)
                0x000844b4                memmove
 .text.__malloc_lock
                0x00084580        0x4 c:/users/leevii/appdata/local/arduino15/packages/arduino/tools/arm-none-eabi-gcc/4.8.3-2014q1/bin/../lib/gcc/arm-none-eabi/4.8.3/../../../../arm-none-eabi/lib/armv7-m\libg.a(lib_a-mlock.o)
                0x00084580                __malloc_lock
 .text.__malloc_unlock
                0x00084584        0x4 c:/users/leevii/appdata/local/arduino15/packages/arduino/tools/arm-none-eabi-gcc/4.8.3-2014q1/bin/../lib/gcc/arm-none-eabi/4.8.3/../../../../arm-none-eabi/lib/armv7-m\libg.a(lib_a-mlock.o)
                0x00084584                __malloc_unlock
 .text._realloc_r
                0x00084588      0x3c0 c:/users/leevii/appdata/local/arduino15/packages/arduino/tools/arm-none-eabi-gcc/4.8.3-2014q1/bin/../lib/gcc/arm-none-eabi/4.8.3/../../../../arm-none-eabi/lib/armv7-m\libg.a(lib_a-reallocr.o)
                0x00084588                _realloc_r
 .text._sbrk_r  0x00084948       0x24 c:/users/leevii/appdata/local/arduino15/packages/arduino/tools/arm-none-eabi-gcc/4.8.3-2014q1/bin/../lib/gcc/arm-none-eabi/4.8.3/../../../../arm-none-eabi/lib/armv7-m\libg.a(lib_a-sbrkr.o)
                0x00084948                _sbrk_r
 .text._raise_r
                0x0008496c       0x58 c:/users/leevii/appdata/local/arduino15/packages/arduino/tools/arm-none-eabi-gcc/4.8.3-2014q1/bin/../lib/gcc/arm-none-eabi/4.8.3/../../../../arm-none-eabi/lib/armv7-m\libg.a(lib_a-signal.o)
                0x0008496c                _raise_r
 .text.raise    0x000849c4       0x10 c:/users/leevii/appdata/local/arduino15/packages/arduino/tools/arm-none-eabi-gcc/4.8.3-2014q1/bin/../lib/gcc/arm-none-eabi/4.8.3/../../../../arm-none-eabi/lib/armv7-m\libg.a(lib_a-signal.o)
                0x000849c4                raise
 .text._kill_r  0x000849d4       0x28 c:/users/leevii/appdata/local/arduino15/packages/arduino/tools/arm-none-eabi-gcc/4.8.3-2014q1/bin/../lib/gcc/arm-none-eabi/4.8.3/../../../../arm-none-eabi/lib/armv7-m\libg.a(lib_a-signalr.o)
                0x000849d4                _kill_r
 .text._getpid_r
                0x000849fc        0x4 c:/users/leevii/appdata/local/arduino15/packages/arduino/tools/arm-none-eabi-gcc/4.8.3-2014q1/bin/../lib/gcc/arm-none-eabi/4.8.3/../../../../arm-none-eabi/lib/armv7-m\libg.a(lib_a-signalr.o)
                0x000849fc                _getpid_r
 .text.__sread  0x00084a00       0x24 c:/users/leevii/appdata/local/arduino15/packages/arduino/tools/arm-none-eabi-gcc/4.8.3-2014q1/bin/../lib/gcc/arm-none-eabi/4.8.3/../../../../arm-none-eabi/lib/armv7-m\libg.a(lib_a-stdio.o)
                0x00084a00                __sread
 .text.__swrite
                0x00084a24       0x38 c:/users/leevii/appdata/local/arduino15/packages/arduino/tools/arm-none-eabi-gcc/4.8.3-2014q1/bin/../lib/gcc/arm-none-eabi/4.8.3/../../../../arm-none-eabi/lib/armv7-m\libg.a(lib_a-stdio.o)
                0x00084a24                __swrite
 .text.__sseek  0x00084a5c       0x20 c:/users/leevii/appdata/local/arduino15/packages/arduino/tools/arm-none-eabi-gcc/4.8.3-2014q1/bin/../lib/gcc/arm-none-eabi/4.8.3/../../../../arm-none-eabi/lib/armv7-m\libg.a(lib_a-stdio.o)
                0x00084a5c                __sseek
 .text.__sclose
                0x00084a7c        0x8 c:/users/leevii/appdata/local/arduino15/packages/arduino/tools/arm-none-eabi-gcc/4.8.3-2014q1/bin/../lib/gcc/arm-none-eabi/4.8.3/../../../../arm-none-eabi/lib/armv7-m\libg.a(lib_a-stdio.o)
                0x00084a7c                __sclose
 .text.__swbuf_r
                0x00084a84       0xa8 c:/users/leevii/appdata/local/arduino15/packages/arduino/tools/arm-none-eabi-gcc/4.8.3-2014q1/bin/../lib/gcc/arm-none-eabi/4.8.3/../../../../arm-none-eabi/lib/armv7-m\libg.a(lib_a-wbuf.o)
                0x00084a84                __swbuf_r
 .text._wcrtomb_r
                0x00084b2c       0x50 c:/users/leevii/appdata/local/arduino15/packages/arduino/tools/arm-none-eabi-gcc/4.8.3-2014q1/bin/../lib/gcc/arm-none-eabi/4.8.3/../../../../arm-none-eabi/lib/armv7-m\libg.a(lib_a-wcrtomb.o)
                0x00084b2c                _wcrtomb_r
 .text.__ascii_wctomb
                0x00084b7c       0x1c c:/users/leevii/appdata/local/arduino15/packages/arduino/tools/arm-none-eabi-gcc/4.8.3-2014q1/bin/../lib/gcc/arm-none-eabi/4.8.3/../../../../arm-none-eabi/lib/armv7-m\libg.a(lib_a-wctomb_r.o)
                0x00084b7c                __ascii_wctomb
 .text._write_r
                0x00084b98       0x28 c:/users/leevii/appdata/local/arduino15/packages/arduino/tools/arm-none-eabi-gcc/4.8.3-2014q1/bin/../lib/gcc/arm-none-eabi/4.8.3/../../../../arm-none-eabi/lib/armv7-m\libg.a(lib_a-writer.o)
                0x00084b98                _write_r
 .text.__register_exitproc
                0x00084bc0       0xa8 c:/users/leevii/appdata/local/arduino15/packages/arduino/tools/arm-none-eabi-gcc/4.8.3-2014q1/bin/../lib/gcc/arm-none-eabi/4.8.3/../../../../arm-none-eabi/lib/armv7-m\libg.a(lib_a-__atexit.o)
                0x00084bc0                __register_exitproc
 .text._close_r
                0x00084c68       0x24 c:/users/leevii/appdata/local/arduino15/packages/arduino/tools/arm-none-eabi-gcc/4.8.3-2014q1/bin/../lib/gcc/arm-none-eabi/4.8.3/../../../../arm-none-eabi/lib/armv7-m\libg.a(lib_a-closer.o)
                0x00084c68                _close_r
 .text._fclose_r
                0x00084c8c       0x80 c:/users/leevii/appdata/local/arduino15/packages/arduino/tools/arm-none-eabi-gcc/4.8.3-2014q1/bin/../lib/gcc/arm-none-eabi/4.8.3/../../../../arm-none-eabi/lib/armv7-m\libg.a(lib_a-fclose.o)
                0x00084c8c                _fclose_r
 .text.fclose   0x00084d0c       0x10 c:/users/leevii/appdata/local/arduino15/packages/arduino/tools/arm-none-eabi-gcc/4.8.3-2014q1/bin/../lib/gcc/arm-none-eabi/4.8.3/../../../../arm-none-eabi/lib/armv7-m\libg.a(lib_a-fclose.o)
                0x00084d0c                fclose
 .text._fstat_r
                0x00084d1c       0x28 c:/users/leevii/appdata/local/arduino15/packages/arduino/tools/arm-none-eabi-gcc/4.8.3-2014q1/bin/../lib/gcc/arm-none-eabi/4.8.3/../../../../arm-none-eabi/lib/armv7-m\libg.a(lib_a-fstatr.o)
                0x00084d1c                _fstat_r
 .text._isatty_r
                0x00084d44       0x24 c:/users/leevii/appdata/local/arduino15/packages/arduino/tools/arm-none-eabi-gcc/4.8.3-2014q1/bin/../lib/gcc/arm-none-eabi/4.8.3/../../../../arm-none-eabi/lib/armv7-m\libg.a(lib_a-isattyr.o)
                0x00084d44                _isatty_r
 .text._lseek_r
                0x00084d68       0x28 c:/users/leevii/appdata/local/arduino15/packages/arduino/tools/arm-none-eabi-gcc/4.8.3-2014q1/bin/../lib/gcc/arm-none-eabi/4.8.3/../../../../arm-none-eabi/lib/armv7-m\libg.a(lib_a-lseekr.o)
                0x00084d68                _lseek_r
 .text._read_r  0x00084d90       0x28 c:/users/leevii/appdata/local/arduino15/packages/arduino/tools/arm-none-eabi-gcc/4.8.3-2014q1/bin/../lib/gcc/arm-none-eabi/4.8.3/../../../../arm-none-eabi/lib/armv7-m\libg.a(lib_a-readr.o)
                0x00084d90                _read_r
 .text          0x00084db8       0x2c c:/users/leevii/appdata/local/arduino15/packages/arduino/tools/arm-none-eabi-gcc/4.8.3-2014q1/bin/../lib/gcc/arm-none-eabi/4.8.3/armv7-m\libgcc.a(_aeabi_uldivmod.o)
                0x00084db8                __aeabi_uldivmod
 .text          0x00084de4       0x60 c:/users/leevii/appdata/local/arduino15/packages/arduino/tools/arm-none-eabi-gcc/4.8.3-2014q1/bin/../lib/gcc/arm-none-eabi/4.8.3/armv7-m\libgcc.a(bpabi.o)
                0x00084de4                __gnu_ldivmod_helper
                0x00084e14                __gnu_uldivmod_helper
 .text          0x00084e44        0x4 c:/users/leevii/appdata/local/arduino15/packages/arduino/tools/arm-none-eabi-gcc/4.8.3-2014q1/bin/../lib/gcc/arm-none-eabi/4.8.3/armv7-m\libgcc.a(_dvmd_tls.o)
                0x00084e44                __aeabi_idiv0
                0x00084e44                __aeabi_ldiv0
 .text          0x00084e48      0x2a0 c:/users/leevii/appdata/local/arduino15/packages/arduino/tools/arm-none-eabi-gcc/4.8.3-2014q1/bin/../lib/gcc/arm-none-eabi/4.8.3/armv7-m\libgcc.a(_divdi3.o)
                0x00084e48                __divdi3
 .text          0x000850e8      0x290 c:/users/leevii/appdata/local/arduino15/packages/arduino/tools/arm-none-eabi-gcc/4.8.3-2014q1/bin/../lib/gcc/arm-none-eabi/4.8.3/armv7-m\libgcc.a(_udivdi3.o)
                0x000850e8                __udivdi3
 *(.glue_7t)
 .glue_7t       0x00000000        0x0 linker stubs
 *(.glue_7)
 .glue_7        0x00000000        0x0 linker stubs
 *(.rodata .rodata* .gnu.linkonce.r.*)
 .rodata.str1.1
                0x00085378       0x12 drone_controller.cpp.o
 .rodata.str1.1
                0x0008538a       0x6a VM_DBG\VM_DBG.cpp.o
                                 0x6c (size before relaxing)
 .rodata.g_APinDescription
                0x000853f4      0xa2c C:\Users\LEEVII\AppData\Local\Temp\VMBCore\arduino16x\14a8bebc00f3f2c167e2bc9b7525933c\variant\variant.cpp.o
                0x000853f4                g_APinDescription
 .rodata.__func__.6792
                0x00085e20        0xd C:\Users\LEEVII\AppData\Local\arduino15\packages\arduino\hardware\sam\1.6.11\variants\arduino_due_x/libsam_sam3x8e_gcc_rel.a(tc.o)
 .rodata.str1.1
                0x00085e2d       0x54 C:\Users\LEEVII\AppData\Local\arduino15\packages\arduino\hardware\sam\1.6.11\variants\arduino_due_x/libsam_sam3x8e_gcc_rel.a(tc.o)
 .rodata.__func__.6798
                0x00085e81        0x9 C:\Users\LEEVII\AppData\Local\arduino15\packages\arduino\hardware\sam\1.6.11\variants\arduino_due_x/libsam_sam3x8e_gcc_rel.a(tc.o)
 *fill*         0x00085e8a        0x2 
 .rodata        0x00085e8c       0x40 C:\Users\LEEVII\AppData\Local\arduino15\packages\arduino\hardware\sam\1.6.11\variants\arduino_due_x/libsam_sam3x8e_gcc_rel.a(adc.o)
 .rodata.str1.1
                0x00085ecc       0x19 C:\Users\LEEVII\AppData\Local\Temp\VMBuilds\drone_controller\arduino_due_x_dbg\Debug/core.a(syscalls_sam3.c.o)
 *fill*         0x00085ee5        0x3 
 .rodata._ZTV9UARTClass
                0x00085ee8       0x30 C:\Users\LEEVII\AppData\Local\Temp\VMBuilds\drone_controller\arduino_due_x_dbg\Debug/core.a(UARTClass.cpp.o)
                0x00085ee8                vtable for UARTClass
 .rodata._ZTV10USARTClass
                0x00085f18       0x30 C:\Users\LEEVII\AppData\Local\Temp\VMBuilds\drone_controller\arduino_due_x_dbg\Debug/core.a(USARTClass.cpp.o)
                0x00085f18                vtable for USARTClass
 .rodata.STRING_PRODUCT
                0x00085f48        0xc C:\Users\LEEVII\AppData\Local\Temp\VMBuilds\drone_controller\arduino_due_x_dbg\Debug/core.a(USBCore.cpp.o)
                0x00085f48                STRING_PRODUCT
 .rodata.USB_DeviceDescriptor
                0x00085f54       0x12 C:\Users\LEEVII\AppData\Local\Temp\VMBuilds\drone_controller\arduino_due_x_dbg\Debug/core.a(USBCore.cpp.o)
                0x00085f54                USB_DeviceDescriptor
 .rodata.STRING_LANGUAGE
                0x00085f66        0x4 C:\Users\LEEVII\AppData\Local\Temp\VMBuilds\drone_controller\arduino_due_x_dbg\Debug/core.a(USBCore.cpp.o)
                0x00085f66                STRING_LANGUAGE
 .rodata._ZL18test_packet_buffer
                0x00085f6a       0x35 C:\Users\LEEVII\AppData\Local\Temp\VMBuilds\drone_controller\arduino_due_x_dbg\Debug/core.a(USBCore.cpp.o)
 .rodata.STRING_MANUFACTURER
                0x00085f9f        0xc C:\Users\LEEVII\AppData\Local\Temp\VMBuilds\drone_controller\arduino_due_x_dbg\Debug/core.a(USBCore.cpp.o)
                0x00085f9f                STRING_MANUFACTURER
 .rodata.USB_DeviceDescriptorA
                0x00085fab       0x12 C:\Users\LEEVII\AppData\Local\Temp\VMBuilds\drone_controller\arduino_due_x_dbg\Debug/core.a(USBCore.cpp.o)
                0x00085fab                USB_DeviceDescriptorA
 .rodata._ZL19USB_DeviceQualifier
                0x00085fbd        0x9 C:\Users\LEEVII\AppData\Local\Temp\VMBuilds\drone_controller\arduino_due_x_dbg\Debug/core.a(USBCore.cpp.o)
 *fill*         0x00085fc6        0x2 
 .rodata._ZTV7Serial_
                0x00085fc8       0x28 C:\Users\LEEVII\AppData\Local\Temp\VMBuilds\drone_controller\arduino_due_x_dbg\Debug/core.a(CDC.cpp.o)
                0x00085fc8                vtable for Serial_
 .rodata._ZL18_cdcOtherInterface
                0x00085ff0       0x42 C:\Users\LEEVII\AppData\Local\Temp\VMBuilds\drone_controller\arduino_due_x_dbg\Debug/core.a(CDC.cpp.o)
 .rodata._ZL13_cdcInterface
                0x00086032       0x42 C:\Users\LEEVII\AppData\Local\Temp\VMBuilds\drone_controller\arduino_due_x_dbg\Debug/core.a(CDC.cpp.o)
 .rodata.str1.4
                0x00086074       0x3f c:/users/leevii/appdata/local/arduino15/packages/arduino/tools/arm-none-eabi-gcc/4.8.3-2014q1/bin/../lib/gcc/arm-none-eabi/4.8.3/../../../../arm-none-eabi/lib/armv7-m\libg.a(lib_a-assert.o)
                                 0x44 (size before relaxing)
 *fill*         0x000860b3        0x1 
 .rodata.str1.4
                0x000860b4        0x2 c:/users/leevii/appdata/local/arduino15/packages/arduino/tools/arm-none-eabi-gcc/4.8.3-2014q1/bin/../lib/gcc/arm-none-eabi/4.8.3/../../../../arm-none-eabi/lib/armv7-m\libg.a(lib_a-impure.o)
                                  0x4 (size before relaxing)
 *fill*         0x000860b6        0x2 
 .rodata._global_impure_ptr
                0x000860b8        0x4 c:/users/leevii/appdata/local/arduino15/packages/arduino/tools/arm-none-eabi-gcc/4.8.3-2014q1/bin/../lib/gcc/arm-none-eabi/4.8.3/../../../../arm-none-eabi/lib/armv7-m\libg.a(lib_a-impure.o)
                0x000860b8                _global_impure_ptr
 .rodata.blanks.6717
                0x000860bc       0x10 c:/users/leevii/appdata/local/arduino15/packages/arduino/tools/arm-none-eabi-gcc/4.8.3-2014q1/bin/../lib/gcc/arm-none-eabi/4.8.3/../../../../arm-none-eabi/lib/armv7-m\libg.a(lib_a-vfiprintf.o)
 .rodata.str1.4
                0x000860cc       0x30 c:/users/leevii/appdata/local/arduino15/packages/arduino/tools/arm-none-eabi-gcc/4.8.3-2014q1/bin/../lib/gcc/arm-none-eabi/4.8.3/../../../../arm-none-eabi/lib/armv7-m\libg.a(lib_a-vfiprintf.o)
 .rodata.zeroes.6718
                0x000860fc       0x10 c:/users/leevii/appdata/local/arduino15/packages/arduino/tools/arm-none-eabi-gcc/4.8.3-2014q1/bin/../lib/gcc/arm-none-eabi/4.8.3/../../../../arm-none-eabi/lib/armv7-m\libg.a(lib_a-vfiprintf.o)
 *(.ARM.extab* .gnu.linkonce.armextab.*)
                0x0008610c                . = ALIGN (0x4)
 *(.init)
 .init          0x0008610c        0x4 c:/users/leevii/appdata/local/arduino15/packages/arduino/tools/arm-none-eabi-gcc/4.8.3-2014q1/bin/../lib/gcc/arm-none-eabi/4.8.3/armv7-m/crti.o
                0x0008610c                _init
 .init          0x00086110        0x8 c:/users/leevii/appdata/local/arduino15/packages/arduino/tools/arm-none-eabi-gcc/4.8.3-2014q1/bin/../lib/gcc/arm-none-eabi/4.8.3/armv7-m/crtn.o
                0x00086118                . = ALIGN (0x4)
                0x00086118                __preinit_array_start = .
 *(.preinit_array)
                0x00086118                __preinit_array_end = .
                0x00086118                . = ALIGN (0x4)
                0x00086118                __init_array_start = .
 *(SORT(.init_array.*))
 .init_array.00000
                0x00086118        0x4 c:/users/leevii/appdata/local/arduino15/packages/arduino/tools/arm-none-eabi-gcc/4.8.3-2014q1/bin/../lib/gcc/arm-none-eabi/4.8.3/../../../../arm-none-eabi/lib/armv7-m\libg.a(lib_a-__call_atexit.o)
 *(.init_array)
 .init_array    0x0008611c        0x4 c:/users/leevii/appdata/local/arduino15/packages/arduino/tools/arm-none-eabi-gcc/4.8.3-2014q1/bin/../lib/gcc/arm-none-eabi/4.8.3/armv7-m/crtbegin.o
 .init_array    0x00086120        0x4 drone_controller.cpp.o
 .init_array    0x00086124        0x4 VM_DBG\VM_DBG.cpp.o
 .init_array    0x00086128        0x4 C:\Users\LEEVII\AppData\Local\Temp\VMBCore\arduino16x\14a8bebc00f3f2c167e2bc9b7525933c\variant\variant.cpp.o
 .init_array    0x0008612c        0x4 C:\Users\LEEVII\AppData\Local\Temp\VMBuilds\drone_controller\arduino_due_x_dbg\Debug/core.a(USBCore.cpp.o)
 .init_array    0x00086130        0x4 C:\Users\LEEVII\AppData\Local\Temp\VMBuilds\drone_controller\arduino_due_x_dbg\Debug/core.a(CDC.cpp.o)
                0x00086134                __init_array_end = .
                0x00086134                . = ALIGN (0x4)
 *crtbegin.o(.ctors)
 *(EXCLUDE_FILE(*crtend.o) .ctors)
 *(SORT(.ctors.*))
 *crtend.o(.ctors)
                0x00086134                . = ALIGN (0x4)
 *(.fini)
 .fini          0x00086134        0x4 c:/users/leevii/appdata/local/arduino15/packages/arduino/tools/arm-none-eabi-gcc/4.8.3-2014q1/bin/../lib/gcc/arm-none-eabi/4.8.3/armv7-m/crti.o
                0x00086134                _fini
 .fini          0x00086138        0x8 c:/users/leevii/appdata/local/arduino15/packages/arduino/tools/arm-none-eabi-gcc/4.8.3-2014q1/bin/../lib/gcc/arm-none-eabi/4.8.3/armv7-m/crtn.o
                0x00086140                . = ALIGN (0x4)
                0x00086140                __fini_array_start = .
 *(.fini_array)
 .fini_array    0x00086140        0x4 c:/users/leevii/appdata/local/arduino15/packages/arduino/tools/arm-none-eabi-gcc/4.8.3-2014q1/bin/../lib/gcc/arm-none-eabi/4.8.3/armv7-m/crtbegin.o
 *(SORT(.fini_array.*))
                0x00086144                __fini_array_end = .
 *crtbegin.o(.dtors)
 *(EXCLUDE_FILE(*crtend.o) .dtors)
 *(SORT(.dtors.*))
 *crtend.o(.dtors)
                0x00086144                . = ALIGN (0x4)
                0x00086144                _efixed = .
                0x00086144                PROVIDE (__exidx_start, .)

.vfp11_veneer   0x00086144        0x0
 .vfp11_veneer  0x00000000        0x0 linker stubs

.v4_bx          0x00086144        0x0
 .v4_bx         0x00000000        0x0 linker stubs

.iplt           0x00086144        0x0
 .iplt          0x00000000        0x0 c:/users/leevii/appdata/local/arduino15/packages/arduino/tools/arm-none-eabi-gcc/4.8.3-2014q1/bin/../lib/gcc/arm-none-eabi/4.8.3/armv7-m/crtbegin.o

.ARM.exidx      0x00086144        0x8
 *(.ARM.exidx* .gnu.linkonce.armexidx.*)
 .ARM.exidx     0x00086144        0x8 c:/users/leevii/appdata/local/arduino15/packages/arduino/tools/arm-none-eabi-gcc/4.8.3-2014q1/bin/../lib/gcc/arm-none-eabi/4.8.3/armv7-m\libgcc.a(_divdi3.o)
 .ARM.exidx     0x0008614c        0x0 c:/users/leevii/appdata/local/arduino15/packages/arduino/tools/arm-none-eabi-gcc/4.8.3-2014q1/bin/../lib/gcc/arm-none-eabi/4.8.3/armv7-m\libgcc.a(_udivdi3.o)
                                  0x8 (size before relaxing)
                0x0008614c                PROVIDE (__exidx_end, .)

.eh_frame       0x0008614c        0x0
 .eh_frame      0x0008614c        0x0 c:/users/leevii/appdata/local/arduino15/packages/arduino/tools/arm-none-eabi-gcc/4.8.3-2014q1/bin/../lib/gcc/arm-none-eabi/4.8.3/armv7-m/crtbegin.o

.rel.dyn        0x0008614c        0x0
 .rel.iplt      0x00000000        0x0 c:/users/leevii/appdata/local/arduino15/packages/arduino/tools/arm-none-eabi-gcc/4.8.3-2014q1/bin/../lib/gcc/arm-none-eabi/4.8.3/armv7-m/crtbegin.o

.jcr            0x0008614c        0x0
 .jcr           0x0008614c        0x0 c:/users/leevii/appdata/local/arduino15/packages/arduino/tools/arm-none-eabi-gcc/4.8.3-2014q1/bin/../lib/gcc/arm-none-eabi/4.8.3/armv7-m/crtbegin.o

.igot.plt       0x0008614c        0x0
 .igot.plt      0x00000000        0x0 c:/users/leevii/appdata/local/arduino15/packages/arduino/tools/arm-none-eabi-gcc/4.8.3-2014q1/bin/../lib/gcc/arm-none-eabi/4.8.3/armv7-m/crtbegin.o
                0x0008614c                . = ALIGN (0x4)
                0x0008614c                _etext = .

.relocate       0x20070000      0x8d4 load address 0x0008614c
                0x20070000                . = ALIGN (0x4)
                0x20070000                _srelocate = .
 *(.ramfunc .ramfunc.*)
 .ramfunc       0x20070000       0x2c C:\Users\LEEVII\AppData\Local\Temp\VMBuilds\drone_controller\arduino_due_x_dbg\Debug/core.a(Reset.cpp.o)
                0x20070000                banzai
 *(.data .data.*)
 .data.SystemCoreClock
                0x2007002c        0x4 C:\Users\LEEVII\AppData\Local\arduino15\packages\arduino\hardware\sam\1.6.11\variants\arduino_due_x/libsam_sam3x8e_gcc_rel.a(system_sam3xa.o)
                0x2007002c                SystemCoreClock
 .data._ZL5ticks
                0x20070030        0x4 C:\Users\LEEVII\AppData\Local\Temp\VMBuilds\drone_controller\arduino_due_x_dbg\Debug/core.a(Reset.cpp.o)
 .data.EndPoints
                0x20070034       0x28 C:\Users\LEEVII\AppData\Local\Temp\VMBuilds\drone_controller\arduino_due_x_dbg\Debug/core.a(USBCore.cpp.o)
                0x20070034                EndPoints
 .data._ZL10breakValue
                0x2007005c        0x4 C:\Users\LEEVII\AppData\Local\Temp\VMBuilds\drone_controller\arduino_due_x_dbg\Debug/core.a(CDC.cpp.o)
 .data._ZL12_usbLineInfo
                0x20070060        0x8 C:\Users\LEEVII\AppData\Local\Temp\VMBuilds\drone_controller\arduino_due_x_dbg\Debug/core.a(CDC.cpp.o)
 .data.g_interrupt_enabled
                0x20070068        0x4 C:\Users\LEEVII\AppData\Local\arduino15\packages\arduino\hardware\sam\1.6.11\variants\arduino_due_x/libsam_sam3x8e_gcc_rel.a(interrupt_sam_nvic.o)
                0x20070068                g_interrupt_enabled
 *fill*         0x2007006c        0x4 
 .data.impure_data
                0x20070070      0x428 c:/users/leevii/appdata/local/arduino15/packages/arduino/tools/arm-none-eabi-gcc/4.8.3-2014q1/bin/../lib/gcc/arm-none-eabi/4.8.3/../../../../arm-none-eabi/lib/armv7-m\libg.a(lib_a-impure.o)
 .data._impure_ptr
                0x20070498        0x4 c:/users/leevii/appdata/local/arduino15/packages/arduino/tools/arm-none-eabi-gcc/4.8.3-2014q1/bin/../lib/gcc/arm-none-eabi/4.8.3/../../../../arm-none-eabi/lib/armv7-m\libg.a(lib_a-impure.o)
                0x20070498                _impure_ptr
 .data.lc_ctype_charset
                0x2007049c       0x20 c:/users/leevii/appdata/local/arduino15/packages/arduino/tools/arm-none-eabi-gcc/4.8.3-2014q1/bin/../lib/gcc/arm-none-eabi/4.8.3/../../../../arm-none-eabi/lib/armv7-m\libg.a(lib_a-locale.o)
 .data.__mb_cur_max
                0x200704bc        0x4 c:/users/leevii/appdata/local/arduino15/packages/arduino/tools/arm-none-eabi-gcc/4.8.3-2014q1/bin/../lib/gcc/arm-none-eabi/4.8.3/../../../../arm-none-eabi/lib/armv7-m\libg.a(lib_a-locale.o)
                0x200704bc                __mb_cur_max
 .data.__malloc_av_
                0x200704c0      0x408 c:/users/leevii/appdata/local/arduino15/packages/arduino/tools/arm-none-eabi-gcc/4.8.3-2014q1/bin/../lib/gcc/arm-none-eabi/4.8.3/../../../../arm-none-eabi/lib/armv7-m\libg.a(lib_a-mallocr.o)
                0x200704c0                __malloc_av_
 .data.__malloc_trim_threshold
                0x200708c8        0x4 c:/users/leevii/appdata/local/arduino15/packages/arduino/tools/arm-none-eabi-gcc/4.8.3-2014q1/bin/../lib/gcc/arm-none-eabi/4.8.3/../../../../arm-none-eabi/lib/armv7-m\libg.a(lib_a-mallocr.o)
                0x200708c8                __malloc_trim_threshold
 .data.__malloc_sbrk_base
                0x200708cc        0x4 c:/users/leevii/appdata/local/arduino15/packages/arduino/tools/arm-none-eabi-gcc/4.8.3-2014q1/bin/../lib/gcc/arm-none-eabi/4.8.3/../../../../arm-none-eabi/lib/armv7-m\libg.a(lib_a-mallocr.o)
                0x200708cc                __malloc_sbrk_base
 .data.__wctomb
                0x200708d0        0x4 c:/users/leevii/appdata/local/arduino15/packages/arduino/tools/arm-none-eabi-gcc/4.8.3-2014q1/bin/../lib/gcc/arm-none-eabi/4.8.3/../../../../arm-none-eabi/lib/armv7-m\libg.a(lib_a-wctomb_r.o)
                0x200708d0                __wctomb
                0x200708d4                . = ALIGN (0x4)
                0x200708d4                _erelocate = .

.bss            0x200708d4      0xadc load address 0x00086a20
                0x200708d4                . = ALIGN (0x4)
                0x200708d4                _sbss = .
                0x200708d4                _szero = .
 *(.bss .bss.*)
 .bss           0x200708d4       0x1c c:/users/leevii/appdata/local/arduino15/packages/arduino/tools/arm-none-eabi-gcc/4.8.3-2014q1/bin/../lib/gcc/arm-none-eabi/4.8.3/armv7-m/crtbegin.o
 .bss.escct_o   0x200708f0       0x60 drone_controller.cpp.o
                0x200708f0                escct_o
 .bss._timer_m  0x20070950       0x20 drone_controller.cpp.o
                0x20070950                _timer_m
 .bss.ServoCount
                0x20070970        0x1 Servo\sam\Servo.cpp.o
                0x20070970                ServoCount
 .bss._ZL7Channel
                0x20070971        0x5 Servo\sam\Servo.cpp.o
 *fill*         0x20070976        0x2 
 .bss._ZL6servos
                0x20070978      0x1e0 Servo\sam\Servo.cpp.o
 .bss.MicroDebug
                0x20070b58       0x4c VM_DBG\VM_DBG.cpp.o
                0x20070b58                MicroDebug
 .bss.tx_buffer2
                0x20070ba4       0x88 C:\Users\LEEVII\AppData\Local\Temp\VMBCore\arduino16x\14a8bebc00f3f2c167e2bc9b7525933c\variant\variant.cpp.o
                0x20070ba4                tx_buffer2
 .bss.tx_buffer1
                0x20070c2c       0x88 C:\Users\LEEVII\AppData\Local\Temp\VMBCore\arduino16x\14a8bebc00f3f2c167e2bc9b7525933c\variant\variant.cpp.o
                0x20070c2c                tx_buffer1
 .bss.Serial    0x20070cb4       0x24 C:\Users\LEEVII\AppData\Local\Temp\VMBCore\arduino16x\14a8bebc00f3f2c167e2bc9b7525933c\variant\variant.cpp.o
                0x20070cb4                Serial
 .bss.rx_buffer1
                0x20070cd8       0x88 C:\Users\LEEVII\AppData\Local\Temp\VMBCore\arduino16x\14a8bebc00f3f2c167e2bc9b7525933c\variant\variant.cpp.o
                0x20070cd8                rx_buffer1
 .bss.Serial1   0x20070d60       0x28 C:\Users\LEEVII\AppData\Local\Temp\VMBCore\arduino16x\14a8bebc00f3f2c167e2bc9b7525933c\variant\variant.cpp.o
                0x20070d60                Serial1
 .bss.Serial2   0x20070d88       0x28 C:\Users\LEEVII\AppData\Local\Temp\VMBCore\arduino16x\14a8bebc00f3f2c167e2bc9b7525933c\variant\variant.cpp.o
                0x20070d88                Serial2
 .bss.Serial3   0x20070db0       0x28 C:\Users\LEEVII\AppData\Local\Temp\VMBCore\arduino16x\14a8bebc00f3f2c167e2bc9b7525933c\variant\variant.cpp.o
                0x20070db0                Serial3
 .bss.tx_buffer3
                0x20070dd8       0x88 C:\Users\LEEVII\AppData\Local\Temp\VMBCore\arduino16x\14a8bebc00f3f2c167e2bc9b7525933c\variant\variant.cpp.o
                0x20070dd8                tx_buffer3
 .bss.tx_buffer4
                0x20070e60       0x88 C:\Users\LEEVII\AppData\Local\Temp\VMBCore\arduino16x\14a8bebc00f3f2c167e2bc9b7525933c\variant\variant.cpp.o
                0x20070e60                tx_buffer4
 .bss.g_pinStatus
                0x20070ee8       0x4f C:\Users\LEEVII\AppData\Local\Temp\VMBCore\arduino16x\14a8bebc00f3f2c167e2bc9b7525933c\variant\variant.cpp.o
                0x20070ee8                g_pinStatus
 *fill*         0x20070f37        0x1 
 .bss.rx_buffer2
                0x20070f38       0x88 C:\Users\LEEVII\AppData\Local\Temp\VMBCore\arduino16x\14a8bebc00f3f2c167e2bc9b7525933c\variant\variant.cpp.o
                0x20070f38                rx_buffer2
 .bss.rx_buffer3
                0x20070fc0       0x88 C:\Users\LEEVII\AppData\Local\Temp\VMBCore\arduino16x\14a8bebc00f3f2c167e2bc9b7525933c\variant\variant.cpp.o
                0x20070fc0                rx_buffer3
 .bss.rx_buffer4
                0x20071048       0x88 C:\Users\LEEVII\AppData\Local\Temp\VMBCore\arduino16x\14a8bebc00f3f2c167e2bc9b7525933c\variant\variant.cpp.o
                0x20071048                rx_buffer4
 .bss.gpf_isr   0x200710d0        0x4 C:\Users\LEEVII\AppData\Local\arduino15\packages\arduino\hardware\sam\1.6.11\variants\arduino_due_x/libsam_sam3x8e_gcc_rel.a(uotghs.o)
                0x200710d0                gpf_isr
 .bss.heap.6420
                0x200710d4        0x4 C:\Users\LEEVII\AppData\Local\Temp\VMBuilds\drone_controller\arduino_due_x_dbg\Debug/core.a(syscalls_sam3.c.o)
 .bss._cmark    0x200710d8        0x2 C:\Users\LEEVII\AppData\Local\Temp\VMBuilds\drone_controller\arduino_due_x_dbg\Debug/core.a(USBCore.cpp.o)
                0x200710d8                _cmark
 .bss._ZL14isEndpointHalt
                0x200710da        0x1 C:\Users\LEEVII\AppData\Local\Temp\VMBuilds\drone_controller\arduino_due_x_dbg\Debug/core.a(USBCore.cpp.o)
 *fill*         0x200710db        0x1 
 .bss._cdcComposite
                0x200710dc        0x4 C:\Users\LEEVII\AppData\Local\Temp\VMBuilds\drone_controller\arduino_due_x_dbg\Debug/core.a(USBCore.cpp.o)
                0x200710dc                _cdcComposite
 .bss._ZL21isRemoteWakeUpEnabled
                0x200710e0        0x1 C:\Users\LEEVII\AppData\Local\Temp\VMBuilds\drone_controller\arduino_due_x_dbg\Debug/core.a(USBCore.cpp.o)
 *fill*         0x200710e1        0x3 
 .bss._usbInitialized
                0x200710e4        0x4 C:\Users\LEEVII\AppData\Local\Temp\VMBuilds\drone_controller\arduino_due_x_dbg\Debug/core.a(USBCore.cpp.o)
                0x200710e4                _usbInitialized
 .bss.USBDevice
                0x200710e8        0x1 C:\Users\LEEVII\AppData\Local\Temp\VMBuilds\drone_controller\arduino_due_x_dbg\Debug/core.a(USBCore.cpp.o)
                0x200710e8                USBDevice
 *fill*         0x200710e9        0x3 
 .bss._usbSetInterface
                0x200710ec        0x4 C:\Users\LEEVII\AppData\Local\Temp\VMBuilds\drone_controller\arduino_due_x_dbg\Debug/core.a(USBCore.cpp.o)
                0x200710ec                _usbSetInterface
 .bss._cend     0x200710f0        0x2 C:\Users\LEEVII\AppData\Local\Temp\VMBuilds\drone_controller\arduino_due_x_dbg\Debug/core.a(USBCore.cpp.o)
                0x200710f0                _cend
 *fill*         0x200710f2        0x2 
 .bss._usbConfiguration
                0x200710f4        0x4 C:\Users\LEEVII\AppData\Local\Temp\VMBuilds\drone_controller\arduino_due_x_dbg\Debug/core.a(USBCore.cpp.o)
                0x200710f4                _usbConfiguration
 .bss.cdc_rx_buffer
                0x200710f8      0x208 C:\Users\LEEVII\AppData\Local\Temp\VMBuilds\drone_controller\arduino_due_x_dbg\Debug/core.a(CDC.cpp.o)
                0x200710f8                cdc_rx_buffer
 .bss._ZZN7Serial_6acceptEvE5guard
                0x20071300        0x4 C:\Users\LEEVII\AppData\Local\Temp\VMBuilds\drone_controller\arduino_due_x_dbg\Debug/core.a(CDC.cpp.o)
 .bss.SerialUSB
                0x20071304       0x14 C:\Users\LEEVII\AppData\Local\Temp\VMBuilds\drone_controller\arduino_due_x_dbg\Debug/core.a(CDC.cpp.o)
                0x20071304                SerialUSB
 .bss._ZZ12PluggableUSBvE3obj
                0x20071318        0x8 C:\Users\LEEVII\AppData\Local\Temp\VMBuilds\drone_controller\arduino_due_x_dbg\Debug/core.a(PluggableUSB.cpp.o)
 .bss._ZGVZ12PluggableUSBvE3obj
                0x20071320        0x4 C:\Users\LEEVII\AppData\Local\Temp\VMBuilds\drone_controller\arduino_due_x_dbg\Debug/core.a(PluggableUSB.cpp.o)
 .bss._dwTickCount
                0x20071324        0x4 C:\Users\LEEVII\AppData\Local\arduino15\packages\arduino\hardware\sam\1.6.11\variants\arduino_due_x/libsam_sam3x8e_gcc_rel.a(timetick.o)
 .bss.ul_recv_fifo_ptr
                0x20071328       0x28 C:\Users\LEEVII\AppData\Local\arduino15\packages\arduino\hardware\sam\1.6.11\variants\arduino_due_x/libsam_sam3x8e_gcc_rel.a(uotghs_device.o)
 .bss.ul_send_fifo_ptr
                0x20071350       0x28 C:\Users\LEEVII\AppData\Local\arduino15\packages\arduino\hardware\sam\1.6.11\variants\arduino_due_x/libsam_sam3x8e_gcc_rel.a(uotghs_device.o)
 .bss.__malloc_max_total_mem
                0x20071378        0x4 c:/users/leevii/appdata/local/arduino15/packages/arduino/tools/arm-none-eabi-gcc/4.8.3-2014q1/bin/../lib/gcc/arm-none-eabi/4.8.3/../../../../arm-none-eabi/lib/armv7-m\libg.a(lib_a-mallocr.o)
                0x20071378                __malloc_max_total_mem
 .bss.__malloc_max_sbrked_mem
                0x2007137c        0x4 c:/users/leevii/appdata/local/arduino15/packages/arduino/tools/arm-none-eabi-gcc/4.8.3-2014q1/bin/../lib/gcc/arm-none-eabi/4.8.3/../../../../arm-none-eabi/lib/armv7-m\libg.a(lib_a-mallocr.o)
                0x2007137c                __malloc_max_sbrked_mem
 .bss.__malloc_top_pad
                0x20071380        0x4 c:/users/leevii/appdata/local/arduino15/packages/arduino/tools/arm-none-eabi-gcc/4.8.3-2014q1/bin/../lib/gcc/arm-none-eabi/4.8.3/../../../../arm-none-eabi/lib/armv7-m\libg.a(lib_a-mallocr.o)
                0x20071380                __malloc_top_pad
 .bss.__malloc_current_mallinfo
                0x20071384       0x28 c:/users/leevii/appdata/local/arduino15/packages/arduino/tools/arm-none-eabi-gcc/4.8.3-2014q1/bin/../lib/gcc/arm-none-eabi/4.8.3/../../../../arm-none-eabi/lib/armv7-m\libg.a(lib_a-mallocr.o)
                0x20071384                __malloc_current_mallinfo
 *(COMMON)
 COMMON         0x200713ac        0x4 c:/users/leevii/appdata/local/arduino15/packages/arduino/tools/arm-none-eabi-gcc/4.8.3-2014q1/bin/../lib/gcc/arm-none-eabi/4.8.3/../../../../arm-none-eabi/lib/armv7-m\libg.a(lib_a-reent.o)
                0x200713ac                errno
                0x200713b0                . = ALIGN (0x4)
                0x200713b0                _ebss = .
                0x200713b0                _ezero = .
                0x200713b0                . = ALIGN (0x4)
                0x200713b0                _end = .

.stack_dummy    0x200713b0        0x0
 *(.stack*)
                0x20088000                __StackTop = (ORIGIN (ram) + 0x18000)
                0x20088000                __StackLimit = (__StackTop - SIZEOF (.stack_dummy))
                0x20088000                PROVIDE (_sstack, __StackLimit)
                0x20088000                PROVIDE (_estack, __StackTop)
OUTPUT(C:\Users\LEEVII\AppData\Local\Temp\VMBuilds\drone_controller\arduino_due_x_dbg\Debug/drone_controller.ino.elf elf32-littlearm)

.ARM.attributes
                0x00000000       0x29
 .ARM.attributes
                0x00000000       0x1d c:/users/leevii/appdata/local/arduino15/packages/arduino/tools/arm-none-eabi-gcc/4.8.3-2014q1/bin/../lib/gcc/arm-none-eabi/4.8.3/armv7-m/crti.o
 .ARM.attributes
                0x0000001d       0x2d c:/users/leevii/appdata/local/arduino15/packages/arduino/tools/arm-none-eabi-gcc/4.8.3-2014q1/bin/../lib/gcc/arm-none-eabi/4.8.3/armv7-m/crtbegin.o
 .ARM.attributes
                0x0000004a       0x33 drone_controller.cpp.o
 .ARM.attributes
                0x0000007d       0x33 escct.cpp.o
 .ARM.attributes
                0x000000b0       0x33 timer_main.cpp.o
 .ARM.attributes
                0x000000e3       0x33 timer_sub.cpp.o
 .ARM.attributes
                0x00000116       0x33 Servo\sam\Servo.cpp.o
 .ARM.attributes
                0x00000149       0x33 VM_DBG\VM_DBG.cpp.o
 .ARM.attributes
                0x0000017c       0x33 C:\Users\LEEVII\AppData\Local\Temp\VMBCore\arduino16x\14a8bebc00f3f2c167e2bc9b7525933c\variant\variant.cpp.o
 .ARM.attributes
                0x000001af       0x33 C:\Users\LEEVII\AppData\Local\arduino15\packages\arduino\hardware\sam\1.6.11\variants\arduino_due_x/libsam_sam3x8e_gcc_rel.a(pio.o)
 .ARM.attributes
                0x000001e2       0x33 C:\Users\LEEVII\AppData\Local\arduino15\packages\arduino\hardware\sam\1.6.11\variants\arduino_due_x/libsam_sam3x8e_gcc_rel.a(pmc.o)
 .ARM.attributes
                0x00000215       0x33 C:\Users\LEEVII\AppData\Local\arduino15\packages\arduino\hardware\sam\1.6.11\variants\arduino_due_x/libsam_sam3x8e_gcc_rel.a(tc.o)
 .ARM.attributes
                0x00000248       0x33 C:\Users\LEEVII\AppData\Local\arduino15\packages\arduino\hardware\sam\1.6.11\variants\arduino_due_x/libsam_sam3x8e_gcc_rel.a(system_sam3xa.o)
 .ARM.attributes
                0x0000027b       0x33 C:\Users\LEEVII\AppData\Local\arduino15\packages\arduino\hardware\sam\1.6.11\variants\arduino_due_x/libsam_sam3x8e_gcc_rel.a(startup_sam3xa.o)
 .ARM.attributes
                0x000002ae       0x33 C:\Users\LEEVII\AppData\Local\arduino15\packages\arduino\hardware\sam\1.6.11\variants\arduino_due_x/libsam_sam3x8e_gcc_rel.a(adc.o)
 .ARM.attributes
                0x000002e1       0x33 C:\Users\LEEVII\AppData\Local\arduino15\packages\arduino\hardware\sam\1.6.11\variants\arduino_due_x/libsam_sam3x8e_gcc_rel.a(uotghs.o)
 .ARM.attributes
                0x00000314       0x33 C:\Users\LEEVII\AppData\Local\Temp\VMBuilds\drone_controller\arduino_due_x_dbg\Debug/core.a(cortex_handlers.c.o)
 .ARM.attributes
                0x00000347       0x33 C:\Users\LEEVII\AppData\Local\Temp\VMBuilds\drone_controller\arduino_due_x_dbg\Debug/core.a(hooks.c.o)
 .ARM.attributes
                0x0000037a       0x33 C:\Users\LEEVII\AppData\Local\Temp\VMBuilds\drone_controller\arduino_due_x_dbg\Debug/core.a(syscalls_sam3.c.o)
 .ARM.attributes
                0x000003ad       0x33 C:\Users\LEEVII\AppData\Local\Temp\VMBuilds\drone_controller\arduino_due_x_dbg\Debug/core.a(wiring.c.o)
 .ARM.attributes
                0x000003e0       0x33 C:\Users\LEEVII\AppData\Local\Temp\VMBuilds\drone_controller\arduino_due_x_dbg\Debug/core.a(wiring_analog.c.o)
 .ARM.attributes
                0x00000413       0x33 C:\Users\LEEVII\AppData\Local\Temp\VMBuilds\drone_controller\arduino_due_x_dbg\Debug/core.a(wiring_digital.c.o)
 .ARM.attributes
                0x00000446       0x33 C:\Users\LEEVII\AppData\Local\Temp\VMBuilds\drone_controller\arduino_due_x_dbg\Debug/core.a(main.cpp.o)
 .ARM.attributes
                0x00000479       0x33 C:\Users\LEEVII\AppData\Local\Temp\VMBuilds\drone_controller\arduino_due_x_dbg\Debug/core.a(Print.cpp.o)
 .ARM.attributes
                0x000004ac       0x33 C:\Users\LEEVII\AppData\Local\Temp\VMBuilds\drone_controller\arduino_due_x_dbg\Debug/core.a(Reset.cpp.o)
 .ARM.attributes
                0x000004df       0x33 C:\Users\LEEVII\AppData\Local\Temp\VMBuilds\drone_controller\arduino_due_x_dbg\Debug/core.a(RingBuffer.cpp.o)
 .ARM.attributes
                0x00000512       0x33 C:\Users\LEEVII\AppData\Local\Temp\VMBuilds\drone_controller\arduino_due_x_dbg\Debug/core.a(UARTClass.cpp.o)
 .ARM.attributes
                0x00000545       0x33 C:\Users\LEEVII\AppData\Local\Temp\VMBuilds\drone_controller\arduino_due_x_dbg\Debug/core.a(USARTClass.cpp.o)
 .ARM.attributes
                0x00000578       0x33 C:\Users\LEEVII\AppData\Local\Temp\VMBuilds\drone_controller\arduino_due_x_dbg\Debug/core.a(watchdog.cpp.o)
 .ARM.attributes
                0x000005ab       0x33 C:\Users\LEEVII\AppData\Local\Temp\VMBuilds\drone_controller\arduino_due_x_dbg\Debug/core.a(USBCore.cpp.o)
 .ARM.attributes
                0x000005de       0x33 C:\Users\LEEVII\AppData\Local\Temp\VMBuilds\drone_controller\arduino_due_x_dbg\Debug/core.a(CDC.cpp.o)
 .ARM.attributes
                0x00000611       0x33 C:\Users\LEEVII\AppData\Local\Temp\VMBuilds\drone_controller\arduino_due_x_dbg\Debug/core.a(PluggableUSB.cpp.o)
 .ARM.attributes
                0x00000644       0x33 C:\Users\LEEVII\AppData\Local\arduino15\packages\arduino\hardware\sam\1.6.11\variants\arduino_due_x/libsam_sam3x8e_gcc_rel.a(timetick.o)
 .ARM.attributes
                0x00000677       0x33 C:\Users\LEEVII\AppData\Local\arduino15\packages\arduino\hardware\sam\1.6.11\variants\arduino_due_x/libsam_sam3x8e_gcc_rel.a(wdt.o)