Archive member included because of file (symbol)

C:\Users\LEEVII\AppData\Local\arduino15\packages\arduino\hardware\sam\1.6.11\variants\arduino_due_x/libsam_sam3x8e_gcc_rel.a(pio.o)
                              Wire\Wire.cpp.o (PIO_Configure)
C:\Users\LEEVII\AppData\Local\arduino15\packages\arduino\hardware\sam\1.6.11\variants\arduino_due_x/libsam_sam3x8e_gcc_rel.a(pmc.o)
                              Servo\sam\Servo.cpp.o (pmc_enable_periph_clk)
C:\Users\LEEVII\AppData\Local\arduino15\packages\arduino\hardware\sam\1.6.11\variants\arduino_due_x/libsam_sam3x8e_gcc_rel.a(tc.o)
                              Servo\sam\Servo.cpp.o (TC_Configure)
C:\Users\LEEVII\AppData\Local\arduino15\packages\arduino\hardware\sam\1.6.11\variants\arduino_due_x/libsam_sam3x8e_gcc_rel.a(twi.o)
                              Wire\Wire.cpp.o (TWI_SetClock)
C:\Users\LEEVII\AppData\Local\arduino15\packages\arduino\hardware\sam\1.6.11\variants\arduino_due_x/libsam_sam3x8e_gcc_rel.a(system_sam3xa.o)
                              C:\Users\LEEVII\AppData\Local\Temp\VMBCore\arduino16x\14a8bebc00f3f2c167e2bc9b7525933c\variant\variant.cpp.o (SystemInit)
C:\Users\LEEVII\AppData\Local\arduino15\packages\arduino\hardware\sam\1.6.11\variants\arduino_due_x/libsam_sam3x8e_gcc_rel.a(startup_sam3xa.o)
                              (Reset_Handler)
C:\Users\LEEVII\AppData\Local\arduino15\packages\arduino\hardware\sam\1.6.11\variants\arduino_due_x/libsam_sam3x8e_gcc_rel.a(adc.o)
                              C:\Users\LEEVII\AppData\Local\Temp\VMBCore\arduino16x\14a8bebc00f3f2c167e2bc9b7525933c\variant\variant.cpp.o (adc_init)
C:\Users\LEEVII\AppData\Local\arduino15\packages\arduino\hardware\sam\1.6.11\variants\arduino_due_x/libsam_sam3x8e_gcc_rel.a(uotghs.o)
                              C:\Users\LEEVII\AppData\Local\arduino15\packages\arduino\hardware\sam\1.6.11\variants\arduino_due_x/libsam_sam3x8e_gcc_rel.a(startup_sam3xa.o) (UOTGHS_Handler)
C:\Users\LEEVII\AppData\Local\Temp\VMBuilds\drone_controller\arduino_due_x_dbg\Debug/core.a(cortex_handlers.c.o)
                              C:\Users\LEEVII\AppData\Local\arduino15\packages\arduino\hardware\sam\1.6.11\variants\arduino_due_x/libsam_sam3x8e_gcc_rel.a(startup_sam3xa.o) (NMI_Handler)
C:\Users\LEEVII\AppData\Local\Temp\VMBuilds\drone_controller\arduino_due_x_dbg\Debug/core.a(hooks.c.o)
                              C:\Users\LEEVII\AppData\Local\Temp\VMBuilds\drone_controller\arduino_due_x_dbg\Debug/core.a(cortex_handlers.c.o) (sysTickHook)
C:\Users\LEEVII\AppData\Local\Temp\VMBuilds\drone_controller\arduino_due_x_dbg\Debug/core.a(syscalls_sam3.c.o)
                              (_sbrk)
C:\Users\LEEVII\AppData\Local\Temp\VMBuilds\drone_controller\arduino_due_x_dbg\Debug/core.a(wiring.c.o)
                              VM_DBG\VM_DBG.cpp.o (millis)
C:\Users\LEEVII\AppData\Local\Temp\VMBuilds\drone_controller\arduino_due_x_dbg\Debug/core.a(wiring_analog.c.o)
                              C:\Users\LEEVII\AppData\Local\Temp\VMBCore\arduino16x\14a8bebc00f3f2c167e2bc9b7525933c\variant\variant.cpp.o (analogOutputInit)
C:\Users\LEEVII\AppData\Local\Temp\VMBuilds\drone_controller\arduino_due_x_dbg\Debug/core.a(wiring_digital.c.o)
                              drone_controller.cpp.o (pinMode)
C:\Users\LEEVII\AppData\Local\Temp\VMBuilds\drone_controller\arduino_due_x_dbg\Debug/core.a(abi.cpp.o)
                              Wire\Wire.cpp.o (__cxa_pure_virtual)
C:\Users\LEEVII\AppData\Local\Temp\VMBuilds\drone_controller\arduino_due_x_dbg\Debug/core.a(main.cpp.o)
                              c:/users/leevii/appdata/local/arduino15/packages/arduino/tools/arm-none-eabi-gcc/4.8.3-2014q1/bin/../lib/gcc/arm-none-eabi/4.8.3/../../../../arm-none-eabi/lib/armv7-m/crt0.o (main)
C:\Users\LEEVII\AppData\Local\Temp\VMBuilds\drone_controller\arduino_due_x_dbg\Debug/core.a(Print.cpp.o)
                              Wire\Wire.cpp.o (Print::write(unsigned char const*, unsigned int))
C:\Users\LEEVII\AppData\Local\Temp\VMBuilds\drone_controller\arduino_due_x_dbg\Debug/core.a(Reset.cpp.o)
                              C:\Users\LEEVII\AppData\Local\Temp\VMBuilds\drone_controller\arduino_due_x_dbg\Debug/core.a(cortex_handlers.c.o) (tickReset)
C:\Users\LEEVII\AppData\Local\Temp\VMBuilds\drone_controller\arduino_due_x_dbg\Debug/core.a(RingBuffer.cpp.o)
                              C:\Users\LEEVII\AppData\Local\Temp\VMBCore\arduino16x\14a8bebc00f3f2c167e2bc9b7525933c\variant\variant.cpp.o (RingBuffer::RingBuffer())
C:\Users\LEEVII\AppData\Local\Temp\VMBuilds\drone_controller\arduino_due_x_dbg\Debug/core.a(UARTClass.cpp.o)
                              C:\Users\LEEVII\AppData\Local\Temp\VMBCore\arduino16x\14a8bebc00f3f2c167e2bc9b7525933c\variant\variant.cpp.o (UARTClass::available())
C:\Users\LEEVII\AppData\Local\Temp\VMBuilds\drone_controller\arduino_due_x_dbg\Debug/core.a(USARTClass.cpp.o)
[...]
Memory Configuration

Name             Origin             Length             Attributes
rom              0x00080000         0x00080000         xr
sram0            0x20000000         0x00010000         xrw
sram1            0x20080000         0x00008000         xrw
ram              0x20070000         0x00018000         xrw
*default*        0x00000000         0xffffffff

Linker script and memory map

LOAD c:/users/leevii/appdata/local/arduino15/packages/arduino/tools/arm-none-eabi-gcc/4.8.3-2014q1/bin/../lib/gcc/arm-none-eabi/4.8.3/armv7-m/crti.o
LOAD c:/users/leevii/appdata/local/arduino15/packages/arduino/tools/arm-none-eabi-gcc/4.8.3-2014q1/bin/../lib/gcc/arm-none-eabi/4.8.3/armv7-m/crtbegin.o
LOAD c:/users/leevii/appdata/local/arduino15/packages/arduino/tools/arm-none-eabi-gcc/4.8.3-2014q1/bin/../lib/gcc/arm-none-eabi/4.8.3/../../../../arm-none-eabi/lib/armv7-m/crt0.o
START GROUP
LOAD drone_controller.cpp.o
LOAD escct.cpp.o
LOAD I2C_manager.cpp.o
LOAD I2C1_manager.cpp.o
LOAD timer_main.cpp.o
LOAD timer_sub.cpp.o
LOAD Servo\avr\Servo.cpp.o
LOAD Servo\nrf52\Servo.cpp.o
LOAD Servo\sam\Servo.cpp.o
LOAD Servo\samd\Servo.cpp.o
LOAD Servo\stm32f4\Servo.cpp.o
LOAD Wire\Wire.cpp.o
LOAD VM_DBG\VM_DBG.cpp.o
LOAD VM_DBG\VM_mem_check_sam.cpp.o
LOAD C:\Users\LEEVII\AppData\Local\Temp\VMBCore\arduino16x\14a8bebc00f3f2c167e2bc9b7525933c\variant\variant.cpp.o
LOAD C:\Users\LEEVII\AppData\Local\arduino15\packages\arduino\hardware\sam\1.6.11\variants\arduino_due_x/libsam_sam3x8e_gcc_rel.a
LOAD C:\Users\LEEVII\AppData\Local\Temp\VMBuilds\drone_controller\arduino_due_x_dbg\Debug/core.a
END GROUP
LOAD c:/users/leevii/appdata/local/arduino15/packages/arduino/tools/arm-none-eabi-gcc/4.8.3-2014q1/bin/../lib/gcc/arm-none-eabi/4.8.3/../../../../arm-none-eabi/lib/armv7-m\libm.a
START GROUP
LOAD c:/users/leevii/appdata/local/arduino15/packages/arduino/tools/arm-none-eabi-gcc/4.8.3-2014q1/bin/../lib/gcc/arm-none-eabi/4.8.3/armv7-m\libgcc.a
LOAD c:/users/leevii/appdata/local/arduino15/packages/arduino/tools/arm-none-eabi-gcc/4.8.3-2014q1/bin/../lib/gcc/arm-none-eabi/4.8.3/../../../../arm-none-eabi/lib/armv7-m\libg.a
LOAD c:/users/leevii/appdata/local/arduino15/packages/arduino/tools/arm-none-eabi-gcc/4.8.3-2014q1/bin/../lib/gcc/arm-none-eabi/4.8.3/../../../../arm-none-eabi/lib/armv7-m\libc.a
END GROUP
LOAD c:/users/leevii/appdata/local/arduino15/packages/arduino/tools/arm-none-eabi-gcc/4.8.3-2014q1/bin/../lib/gcc/arm-none-eabi/4.8.3/armv7-m/crtend.o
LOAD c:/users/leevii/appdata/local/arduino15/packages/arduino/tools/arm-none-eabi-gcc/4.8.3-2014q1/bin/../lib/gcc/arm-none-eabi/4.8.3/armv7-m/crtn.o

.text           0x00080000     0x6860
                0x00080000                . = ALIGN (0x4)
                0x00080000                _sfixed = .
 *(.vectors .vectors.*)
 .vectors       0x00080000       0xf4 C:\Users\LEEVII\AppData\Local\arduino15\packages\arduino\hardware\sam\1.6.11\variants\arduino_due_x/libsam_sam3x8e_gcc_rel.a(startup_sam3xa.o)
                0x00080000                exception_table
 *(.text .text.* .gnu.linkonce.t.*)
 .text          0x000800f4       0x54 c:/users/leevii/appdata/local/arduino15/packages/arduino/tools/arm-none-eabi-gcc/4.8.3-2014q1/bin/../lib/gcc/arm-none-eabi/4.8.3/armv7-m/crtbegin.o
 .text.setup    0x00080148       0x6c drone_controller.cpp.o
                0x00080148                setup
 .text.loop     0x000801b4       0xc4 drone_controller.cpp.o
                0x000801b4                loop
 .text.startup._GLOBAL__sub_I_escct_o
                0x00080278        0xc drone_controller.cpp.o
 .text._ZN5escct12start_motorsEv
                0x00080284       0x34 escct.cpp.o
                0x00080284                escct::start_motors()
 .text._ZN5escct11stop_motorsEv
                0x000802b8       0x34 escct.cpp.o
                0x000802b8                escct::stop_motors()
 .text._ZN5escctC2Ev
                0x000802ec       0x72 escct.cpp.o
                0x000802ec                escct::escct()
                0x000802ec                escct::escct()
 .text._ZN5escct12set_throttleEllll
                0x0008035e       0xaa escct.cpp.o
                0x0008035e                escct::set_throttle(long, long, long, long)
 .text._ZN11i2c_manager8i2c_initEv
                0x00080408       0x24 I2C_manager.cpp.o
                0x00080408                i2c_manager::i2c_init()
 .text._ZN12i2c1_manager8i2c_initEv
                0x0008042c       0x24 I2C1_manager.cpp.o
                0x0008042c                i2c1_manager::i2c_init()
 .text._ZN10timer_main10turn_beginEv
                0x00080450       0x10 timer_main.cpp.o
                0x00080450                timer_main::turn_begin()
 .text._ZN10timer_main8turn_endEv
                0x00080460       0x6a timer_main.cpp.o
                0x00080460                timer_main::turn_end()
 .text._ZN10timer_main13get_turn_timeEv
                0x000804ca       0x18 timer_main.cpp.o
                0x000804ca                timer_main::get_turn_time()
 .text._ZN10timer_main14add_sub_errorsEy
                0x000804e2       0x12 timer_main.cpp.o
                0x000804e2                timer_main::add_sub_errors(unsigned long long)
 .text._ZN9timer_sub5beginEv
                0x000804f4       0x54 timer_sub.cpp.o
                0x000804f4                timer_sub::begin()
 .text._ZN9timer_sub3endEv
                0x00080548       0x54 timer_sub.cpp.o
                0x00080548                timer_sub::end()
 .text._ZN9timer_subC2Eyybby
                0x0008059c       0x36 timer_sub.cpp.o
                0x0008059c                timer_sub::timer_sub(unsigned long long, unsigned long long, bool, bool, unsigned long long)
                0x0008059c                timer_sub::timer_sub(unsigned long long, unsigned long long, bool, bool, unsigned long long)
 *fill*         0x000805d2        0x2 
 .text._ZL8_initISRP2Tcmm4IRQn
                0x000805d4       0x50 Servo\sam\Servo.cpp.o
 .text._Z13Servo_Handler18timer16_Sequence_tP2Tch
                0x00080624      0x10c Servo\sam\Servo.cpp.o
                0x00080624                Servo_Handler(timer16_Sequence_t, Tc*, unsigned char)
 .text.TC3_Handler
                0x00080730       0x10 Servo\sam\Servo.cpp.o
                0x00080730                TC3_Handler
 .text.TC4_Handler
                0x00080740       0x10 Servo\sam\Servo.cpp.o
                0x00080740                TC4_Handler
 .text.TC5_Handler
                0x00080750       0x10 Servo\sam\Servo.cpp.o
                0x00080750                TC5_Handler
 .text.TC2_Handler
                0x00080760       0x10 Servo\sam\Servo.cpp.o
                0x00080760                TC2_Handler
 .text.TC0_Handler
                0x00080770       0x10 Servo\sam\Servo.cpp.o
                0x00080770                TC0_Handler
 .text._ZN5ServoC2Ev
                0x00080780       0x40 Servo\sam\Servo.cpp.o
                0x00080780                Servo::Servo()
                0x00080780                Servo::Servo()
 .text._ZN5Servo6attachEiii
                0x000807c0       0xb8 Servo\sam\Servo.cpp.o
                0x000807c0                Servo::attach(int, int, int)
 .text._ZN5Servo6attachEi
                0x00080878        0xc Servo\sam\Servo.cpp.o
                0x00080878                Servo::attach(int)
 .text._ZN5Servo17writeMicrosecondsEi
                0x00080884       0x4c Servo\sam\Servo.cpp.o
                0x00080884                Servo::writeMicroseconds(int)
 .text._ZN7TwoWire5writeEPKhj
                0x000808d0       0x50 Wire\Wire.cpp.o
                0x000808d0                TwoWire::write(unsigned char const*, unsigned int)
 .text._ZN7TwoWire9availableEv
                0x00080920        0xc Wire\Wire.cpp.o
                0x00080920                TwoWire::available()
 .text._ZN7TwoWire4readEv
                0x0008092c       0x1e Wire\Wire.cpp.o
                0x0008092c                TwoWire::read()
 .text._ZN7TwoWire4peekEv
                0x0008094a       0x16 Wire\Wire.cpp.o
                0x0008094a                TwoWire::peek()
 .text._ZN7TwoWire5flushEv
                0x00080960        0x2 Wire\Wire.cpp.o
                0x00080960                TwoWire::flush()
 .text._ZN7TwoWire5writeEh
                0x00080962       0x3a Wire\Wire.cpp.o
                0x00080962                TwoWire::write(unsigned char)
 .text._ZL9Wire_Initv
                0x0008099c       0x54 Wire\Wire.cpp.o
 .text._ZL12Wire1_Deinitv
                0x000809f0       0x18 Wire\Wire.cpp.o
 .text._ZL11Wire_Deinitv
                0x00080a08       0x18 Wire\Wire.cpp.o
 .text._ZL10Wire1_Initv
                0x00080a20       0x54 Wire\Wire.cpp.o
 .text._ZN7TwoWireC2EP3TwiPFvvES3_
                0x00080a74       0x48 Wire\Wire.cpp.o
                0x00080a74                TwoWire::TwoWire(Twi*, void (*)(), void (*)())
                0x00080a74                TwoWire::TwoWire(Twi*, void (*)(), void (*)())
 .text._ZN7TwoWire5beginEv
                0x00080abc       0x30 Wire\Wire.cpp.o
                0x00080abc                TwoWire::begin()
 .text._ZN7TwoWire8setClockEm
                0x00080aec       0x14 Wire\Wire.cpp.o
                0x00080aec                TwoWire::setClock(unsigned long)
 .text._ZN7TwoWire9onServiceEv
                0x00080b00      0x118 Wire\Wire.cpp.o
                0x00080b00                TwoWire::onService()
 .text.TWI1_Handler
                0x00080c18        0xc Wire\Wire.cpp.o
                0x00080c18                TWI1_Handler
 .text.TWI0_Handler
                0x00080c24        0xc Wire\Wire.cpp.o
                0x00080c24                TWI0_Handler
 .text.startup._GLOBAL__sub_I__ZN7TwoWireC2EP3TwiPFvvES3_
                0x00080c30       0x40 Wire\Wire.cpp.o
 .text._ZN16VisualMicroDebug16DBG_YieldAndWaitEmb
                0x00080c70       0x1a VM_DBG\VM_DBG.cpp.o
                0x00080c70                VisualMicroDebug::DBG_YieldAndWait(unsigned long, bool)
 .text._ZN16VisualMicroDebug16DBG_YieldAndWaitEm
                0x00080c8a        0x6 VM_DBG\VM_DBG.cpp.o
                0x00080c8a                VisualMicroDebug::DBG_YieldAndWait(unsigned long)
 .text._ZN16VisualMicroDebug14outPacketStartEb
                0x00080c90       0x28 VM_DBG\VM_DBG.cpp.o
                0x00080c90                VisualMicroDebug::outPacketStart(bool)
 .text._ZN16VisualMicroDebug12outPacketEndEv
                0x00080cb8        0x2 VM_DBG\VM_DBG.cpp.o
                0x00080cb8                VisualMicroDebug::outPacketEnd()
 .text._ZN16VisualMicroDebug4initEm
                0x00080cba        0xe VM_DBG\VM_DBG.cpp.o
                0x00080cba                VisualMicroDebug::init(unsigned long)
 .text._ZN16VisualMicroDebug5beginEP9UARTClassm
                0x00080cc8       0x10 VM_DBG\VM_DBG.cpp.o
                0x00080cc8                VisualMicroDebug::begin(UARTClass*, unsigned long)
 .text._ZN16VisualMicroDebug4readEv
                0x00080cd8        0xe VM_DBG\VM_DBG.cpp.o
                0x00080cd8                VisualMicroDebug::read()
 .text._ZN16VisualMicroDebug9availableEv
                0x00080ce6        0xe VM_DBG\VM_DBG.cpp.o
                0x00080ce6                VisualMicroDebug::available()
 .text._ZN16VisualMicroDebug16sendContinuedACKEh
                0x00080cf4       0x3c VM_DBG\VM_DBG.cpp.o
                0x00080cf4                VisualMicroDebug::sendContinuedACK(unsigned char)
 .text._ZN16VisualMicroDebug9breakWaitEh
                0x00080d30       0x54 VM_DBG\VM_DBG.cpp.o
                0x00080d30                VisualMicroDebug::breakWait(unsigned char)
 .text._ZN16VisualMicroDebug5startEbb
                0x00080d84       0x26 VM_DBG\VM_DBG.cpp.o
                0x00080d84                VisualMicroDebug::start(bool, bool)
 *fill*         0x00080daa        0x2 
 .text.startup._GLOBAL__sub_I__ZN16VisualMicroDebug16DBG_YieldAndWaitEm
                0x00080dac       0x14 VM_DBG\VM_DBG.cpp.o
 .text._Z11serialEventv
                0x00080dc0        0x2 C:\Users\LEEVII\AppData\Local\Temp\VMBCore\arduino16x\14a8bebc00f3f2c167e2bc9b7525933c\variant\variant.cpp.o
                0x00080dc0                serialEvent()
 *fill*         0x00080dc2        0x2 
 .text.UART_Handler
                0x00080dc4        0xc C:\Users\LEEVII\AppData\Local\Temp\VMBCore\arduino16x\14a8bebc00f3f2c167e2bc9b7525933c\variant\variant.cpp.o
                0x00080dc4                UART_Handler
 .text._Z12serialEvent1v
                0x00080dd0        0x2 C:\Users\LEEVII\AppData\Local\Temp\VMBCore\arduino16x\14a8bebc00f3f2c167e2bc9b7525933c\variant\variant.cpp.o
                0x00080dd0                serialEvent1()
 .text._Z12serialEvent2v
                0x00080dd2        0x2 C:\Users\LEEVII\AppData\Local\Temp\VMBCore\arduino16x\14a8bebc00f3f2c167e2bc9b7525933c\variant\variant.cpp.o
                0x00080dd2                serialEvent2()
 .text._Z12serialEvent3v
                0x00080dd4        0x2 C:\Users\LEEVII\AppData\Local\Temp\VMBCore\arduino16x\14a8bebc00f3f2c167e2bc9b7525933c\variant\variant.cpp.o
                0x00080dd4                serialEvent3()
 *fill*         0x00080dd6        0x2 
 .text.USART0_Handler
                0x00080dd8        0xc C:\Users\LEEVII\AppData\Local\Temp\VMBCore\arduino16x\14a8bebc00f3f2c167e2bc9b7525933c\variant\variant.cpp.o
                0x00080dd8                USART0_Handler
 .text.USART1_Handler
                0x00080de4        0xc C:\Users\LEEVII\AppData\Local\Temp\VMBCore\arduino16x\14a8bebc00f3f2c167e2bc9b7525933c\variant\variant.cpp.o
                0x00080de4                USART1_Handler
 .text.USART3_Handler
                0x00080df0        0xc C:\Users\LEEVII\AppData\Local\Temp\VMBCore\arduino16x\14a8bebc00f3f2c167e2bc9b7525933c\variant\variant.cpp.o
                0x00080df0                USART3_Handler
 .text.init     0x00080dfc      0x128 C:\Users\LEEVII\AppData\Local\Temp\VMBCore\arduino16x\14a8bebc00f3f2c167e2bc9b7525933c\variant\variant.cpp.o
                0x00080dfc                init
 .text.startup._GLOBAL__sub_I_g_APinDescription
                0x00080f24       0xd4 C:\Users\LEEVII\AppData\Local\Temp\VMBCore\arduino16x\14a8bebc00f3f2c167e2bc9b7525933c\variant\variant.cpp.o
 .text._Z14serialEventRunv
                0x00080ff8       0x44 C:\Users\LEEVII\AppData\Local\Temp\VMBCore\arduino16x\14a8bebc00f3f2c167e2bc9b7525933c\variant\variant.cpp.o
                0x00080ff8                serialEventRun()
 .text.PIO_PullUp
                0x0008103c        0xa C:\Users\LEEVII\AppData\Local\arduino15\packages\arduino\hardware\sam\1.6.11\variants\arduino_due_x/libsam_sam3x8e_gcc_rel.a(pio.o)
                0x0008103c                PIO_PullUp
 .text.PIO_SetPeripheral
                0x00081046       0x26 C:\Users\LEEVII\AppData\Local\arduino15\packages\arduino\hardware\sam\1.6.11\variants\arduino_due_x/libsam_sam3x8e_gcc_rel.a(pio.o)
                0x00081046                PIO_SetPeripheral
 .text.PIO_SetInput
                0x0008106c       0x26 C:\Users\LEEVII\AppData\Local\arduino15\packages\arduino\hardware\sam\1.6.11\variants\arduino_due_x/libsam_sam3x8e_gcc_rel.a(pio.o)
                0x0008106c                PIO_SetInput
 .text.PIO_SetOutput
                0x00081092       0x24 C:\Users\LEEVII\AppData\Local\arduino15\packages\arduino\hardware\sam\1.6.11\variants\arduino_due_x/libsam_sam3x8e_gcc_rel.a(pio.o)
                0x00081092                PIO_SetOutput
 *fill*         0x000810b6        0x2 
 .text.PIO_Configure
                0x000810b8       0x64 C:\Users\LEEVII\AppData\Local\arduino15\packages\arduino\hardware\sam\1.6.11\variants\arduino_due_x/libsam_sam3x8e_gcc_rel.a(pio.o)
                0x000810b8                PIO_Configure
 .text.PIO_GetOutputDataStatus
                0x0008111c       0x14 C:\Users\LEEVII\AppData\Local\arduino15\packages\arduino\hardware\sam\1.6.11\variants\arduino_due_x/libsam_sam3x8e_gcc_rel.a(pio.o)
                0x0008111c                PIO_GetOutputDataStatus
 .text.pmc_enable_upll_clock
                0x00081130       0x14 C:\Users\LEEVII\AppData\Local\arduino15\packages\arduino\hardware\sam\1.6.11\variants\arduino_due_x/libsam_sam3x8e_gcc_rel.a(pmc.o)
                0x00081130                pmc_enable_upll_clock
 .text.pmc_enable_periph_clk
                0x00081144       0x44 C:\Users\LEEVII\AppData\Local\arduino15\packages\arduino\hardware\sam\1.6.11\variants\arduino_due_x/libsam_sam3x8e_gcc_rel.a(pmc.o)
                0x00081144                pmc_enable_periph_clk
 .text.pmc_disable_periph_clk
                0x00081188       0x40 C:\Users\LEEVII\AppData\Local\arduino15\packages\arduino\hardware\sam\1.6.11\variants\arduino_due_x/libsam_sam3x8e_gcc_rel.a(pmc.o)
                0x00081188                pmc_disable_periph_clk
 .text.pmc_switch_udpck_to_upllck
                0x000811c8       0x14 C:\Users\LEEVII\AppData\Local\arduino15\packages\arduino\hardware\sam\1.6.11\variants\arduino_due_x/libsam_sam3x8e_gcc_rel.a(pmc.o)
                0x000811c8                pmc_switch_udpck_to_upllck
 .text.pmc_enable_udpck
                0x000811dc        0xc C:\Users\LEEVII\AppData\Local\arduino15\packages\arduino\hardware\sam\1.6.11\variants\arduino_due_x/libsam_sam3x8e_gcc_rel.a(pmc.o)
                0x000811dc                pmc_enable_udpck
 .text.TC_Configure
                0x000811e8       0x38 C:\Users\LEEVII\AppData\Local\arduino15\packages\arduino\hardware\sam\1.6.11\variants\arduino_due_x/libsam_sam3x8e_gcc_rel.a(tc.o)
                0x000811e8                TC_Configure
 .text.TC_Start
                0x00081220       0x2c C:\Users\LEEVII\AppData\Local\arduino15\packages\arduino\hardware\sam\1.6.11\variants\arduino_due_x/libsam_sam3x8e_gcc_rel.a(tc.o)
                0x00081220                TC_Start
 .text.TC_SetRA
                0x0008124c        0x8 C:\Users\LEEVII\AppData\Local\arduino15\packages\arduino\hardware\sam\1.6.11\variants\arduino_due_x/libsam_sam3x8e_gcc_rel.a(tc.o)
                0x0008124c                TC_SetRA
 .text.TWI_SetClock
                0x00081254       0x58 C:\Users\LEEVII\AppData\Local\arduino15\packages\arduino\hardware\sam\1.6.11\variants\arduino_due_x/libsam_sam3x8e_gcc_rel.a(twi.o)
                0x00081254                TWI_SetClock
 .text.TWI_Disable
                0x000812ac       0x2c C:\Users\LEEVII\AppData\Local\arduino15\packages\arduino\hardware\sam\1.6.11\variants\arduino_due_x/libsam_sam3x8e_gcc_rel.a(twi.o)
                0x000812ac                TWI_Disable
 .text.TWI_ConfigureMaster
                0x000812d8       0x48 C:\Users\LEEVII\AppData\Local\arduino15\packages\arduino\hardware\sam\1.6.11\variants\arduino_due_x/libsam_sam3x8e_gcc_rel.a(twi.o)
                0x000812d8                TWI_ConfigureMaster
 .text.TWI_ReadByte
                0x00081320       0x28 C:\Users\LEEVII\AppData\Local\arduino15\packages\arduino\hardware\sam\1.6.11\variants\arduino_due_x/libsam_sam3x8e_gcc_rel.a(twi.o)
                0x00081320                TWI_ReadByte
 .text.TWI_WriteByte
                0x00081348       0x24 C:\Users\LEEVII\AppData\Local\arduino15\packages\arduino\hardware\sam\1.6.11\variants\arduino_due_x/libsam_sam3x8e_gcc_rel.a(twi.o)
                0x00081348                TWI_WriteByte
 .text.TWI_EnableIt
                0x0008136c       0x40 C:\Users\LEEVII\AppData\Local\arduino15\packages\arduino\hardware\sam\1.6.11\variants\arduino_due_x/libsam_sam3x8e_gcc_rel.a(twi.o)
                0x0008136c                TWI_EnableIt
 .text.TWI_DisableIt
                0x000813ac       0x40 C:\Users\LEEVII\AppData\Local\arduino15\packages\arduino\hardware\sam\1.6.11\variants\arduino_due_x/libsam_sam3x8e_gcc_rel.a(twi.o)
                0x000813ac                TWI_DisableIt
 .text.TWI_GetStatus
                0x000813ec       0x28 C:\Users\LEEVII\AppData\Local\arduino15\packages\arduino\hardware\sam\1.6.11\variants\arduino_due_x/libsam_sam3x8e_gcc_rel.a(twi.o)
                0x000813ec                TWI_GetStatus
 .text.SystemInit
                0x00081414       0x88 C:\Users\LEEVII\AppData\Local\arduino15\packages\arduino\hardware\sam\1.6.11\variants\arduino_due_x/libsam_sam3x8e_gcc_rel.a(system_sam3xa.o)
                0x00081414                SystemInit
 .text.Reset_Handler
                0x0008149c       0x78 C:\Users\LEEVII\AppData\Local\arduino15\packages\arduino\hardware\sam\1.6.11\variants\arduino_due_x/libsam_sam3x8e_gcc_rel.a(startup_sam3xa.o)
                0x0008149c                Reset_Handler
 .text.adc_init
                0x00081514       0x98 C:\Users\LEEVII\AppData\Local\arduino15\packages\arduino\hardware\sam\1.6.11\variants\arduino_due_x/libsam_sam3x8e_gcc_rel.a(adc.o)
                0x00081514                adc_init
 .text.adc_configure_trigger
                0x000815ac        0xe C:\Users\LEEVII\AppData\Local\arduino15\packages\arduino\hardware\sam\1.6.11\variants\arduino_due_x/libsam_sam3x8e_gcc_rel.a(adc.o)
                0x000815ac                adc_configure_trigger
 .text.adc_configure_timing
                0x000815ba       0x1a C:\Users\LEEVII\AppData\Local\arduino15\packages\arduino\hardware\sam\1.6.11\variants\arduino_due_x/libsam_sam3x8e_gcc_rel.a(adc.o)
                0x000815ba                adc_configure_timing
 .text.adc_disable_channel
                0x000815d4        0xa C:\Users\LEEVII\AppData\Local\arduino15\packages\arduino\hardware\sam\1.6.11\variants\arduino_due_x/libsam_sam3x8e_gcc_rel.a(adc.o)
                0x000815d4                adc_disable_channel
 .text.adc_disable_all_channel
                0x000815de        0x8 C:\Users\LEEVII\AppData\Local\arduino15\packages\arduino\hardware\sam\1.6.11\variants\arduino_due_x/libsam_sam3x8e_gcc_rel.a(adc.o)
                0x000815de                adc_disable_all_channel
 .text.adc_disable_interrupt
                0x000815e6        0x4 C:\Users\LEEVII\AppData\Local\arduino15\packages\arduino\hardware\sam\1.6.11\variants\arduino_due_x/libsam_sam3x8e_gcc_rel.a(adc.o)
                0x000815e6                adc_disable_interrupt
 *fill*         0x000815ea        0x2 
 .text.UOTGHS_Handler
                0x000815ec       0x10 C:\Users\LEEVII\AppData\Local\arduino15\packages\arduino\hardware\sam\1.6.11\variants\arduino_due_x/libsam_sam3x8e_gcc_rel.a(uotghs.o)
                0x000815ec                UOTGHS_Handler
 .text.__halt   0x000815fc        0x2 C:\Users\LEEVII\AppData\Local\Temp\VMBuilds\drone_controller\arduino_due_x_dbg\Debug/core.a(cortex_handlers.c.o)
                0x000815fc                DACC_Handler
                0x000815fc                DebugMon_Handler
                0x000815fc                DMAC_Handler
                0x000815fc                TRNG_Handler
                0x000815fc                HardFault_Handler
                0x000815fc                NMI_Handler
                0x000815fc                TC7_Handler
                0x000815fc                ADC_Handler
                0x000815fc                SMC_Handler
                0x000815fc                RTT_Handler
                0x000815fc                EFC1_Handler
                0x000815fc                PIOB_Handler
                0x000815fc                RTC_Handler
                0x000815fc                UsageFault_Handler
                0x000815fc                TC6_Handler
                0x000815fc                WDT_Handler
                0x000815fc                CAN0_Handler
                0x000815fc                TC1_Handler
                0x000815fc                HSMCI_Handler
                0x000815fc                PIOA_Handler
                0x000815fc                SSC_Handler
                0x000815fc                EFC0_Handler
                0x000815fc                PMC_Handler
                0x000815fc                PWM_Handler
                0x000815fc                CAN1_Handler
                0x000815fc                MemManage_Handler
                0x000815fc                SUPC_Handler
                0x000815fc                TC8_Handler
                0x000815fc                USART2_Handler
                0x000815fc                PIOD_Handler
                0x000815fc                EMAC_Handler
                0x000815fc                PIOC_Handler
                0x000815fc                BusFault_Handler
                0x000815fc                RSTC_Handler
                0x000815fc                SPI0_Handler
 .text.SVC_Handler
                0x000815fe        0x4 C:\Users\LEEVII\AppData\Local\Temp\VMBuilds\drone_controller\arduino_due_x_dbg\Debug/core.a(cortex_handlers.c.o)
                0x000815fe                SVC_Handler
 .text.PendSV_Handler
                0x00081602        0x4 C:\Users\LEEVII\AppData\Local\Temp\VMBuilds\drone_controller\arduino_due_x_dbg\Debug/core.a(cortex_handlers.c.o)
                0x00081602                PendSV_Handler
 .text.SysTick_Handler
                0x00081606       0x16 C:\Users\LEEVII\AppData\Local\Temp\VMBuilds\drone_controller\arduino_due_x_dbg\Debug/core.a(cortex_handlers.c.o)
                0x00081606                SysTick_Handler
 .text.__empty  0x0008161c        0x2 C:\Users\LEEVII\AppData\Local\Temp\VMBuilds\drone_controller\arduino_due_x_dbg\Debug/core.a(hooks.c.o)
                0x0008161c                yield
 .text.__false  0x0008161e        0x4 C:\Users\LEEVII\AppData\Local\Temp\VMBuilds\drone_controller\arduino_due_x_dbg\Debug/core.a(hooks.c.o)
                0x0008161e                sysTickHook
 .text.__halt   0x00081622        0x2 C:\Users\LEEVII\AppData\Local\Temp\VMBuilds\drone_controller\arduino_due_x_dbg\Debug/core.a(hooks.c.o)
                0x00081622                svcHook
                0x00081622                pendSVHook
 .text._sbrk    0x00081624       0x1c C:\Users\LEEVII\AppData\Local\Temp\VMBuilds\drone_controller\arduino_due_x_dbg\Debug/core.a(syscalls_sam3.c.o)
                0x00081624                _sbrk
 .text.link     0x00081640        0x6 C:\Users\LEEVII\AppData\Local\Temp\VMBuilds\drone_controller\arduino_due_x_dbg\Debug/core.a(syscalls_sam3.c.o)
                0x00081640                link
 .text._close   0x00081646        0x6 C:\Users\LEEVII\AppData\Local\Temp\VMBuilds\drone_controller\arduino_due_x_dbg\Debug/core.a(syscalls_sam3.c.o)
                0x00081646                _close
 .text._fstat   0x0008164c        0xa C:\Users\LEEVII\AppData\Local\Temp\VMBuilds\drone_controller\arduino_due_x_dbg\Debug/core.a(syscalls_sam3.c.o)
                0x0008164c                _fstat
 .text._isatty  0x00081656        0x4 C:\Users\LEEVII\AppData\Local\Temp\VMBuilds\drone_controller\arduino_due_x_dbg\Debug/core.a(syscalls_sam3.c.o)
                0x00081656                _isatty
 .text._lseek   0x0008165a        0x4 C:\Users\LEEVII\AppData\Local\Temp\VMBuilds\drone_controller\arduino_due_x_dbg\Debug/core.a(syscalls_sam3.c.o)
                0x0008165a                _lseek
 .text._read    0x0008165e        0x4 C:\Users\LEEVII\AppData\Local\Temp\VMBuilds\drone_controller\arduino_due_x_dbg\Debug/core.a(syscalls_sam3.c.o)
                0x0008165e                _read
 *fill*         0x00081662        0x2 
 .text._write   0x00081664       0x24 C:\Users\LEEVII\AppData\Local\Temp\VMBuilds\drone_controller\arduino_due_x_dbg\Debug/core.a(syscalls_sam3.c.o)
                0x00081664                _write
 .text._exit    0x00081688       0x10 C:\Users\LEEVII\AppData\Local\Temp\VMBuilds\drone_controller\arduino_due_x_dbg\Debug/core.a(syscalls_sam3.c.o)
                0x00081688                _exit
 .text._kill    0x00081698        0x2 C:\Users\LEEVII\AppData\Local\Temp\VMBuilds\drone_controller\arduino_due_x_dbg\Debug/core.a(syscalls_sam3.c.o)
                0x00081698                _kill
 .text._getpid  0x0008169a        0x6 C:\Users\LEEVII\AppData\Local\Temp\VMBuilds\drone_controller\arduino_due_x_dbg\Debug/core.a(syscalls_sam3.c.o)
                0x0008169a                _getpid
 .text.millis   0x000816a0        0x4 C:\Users\LEEVII\AppData\Local\Temp\VMBuilds\drone_controller\arduino_due_x_dbg\Debug/core.a(wiring.c.o)
                0x000816a0                millis
 .text.micros   0x000816a4       0x74 C:\Users\LEEVII\AppData\Local\Temp\VMBuilds\drone_controller\arduino_due_x_dbg\Debug/core.a(wiring.c.o)
                0x000816a4                micros
 .text.delay    0x00081718       0x1c C:\Users\LEEVII\AppData\Local\Temp\VMBuilds\drone_controller\arduino_due_x_dbg\Debug/core.a(wiring.c.o)
                0x00081718                delay
 .text.analogOutputInit
                0x00081734        0x2 C:\Users\LEEVII\AppData\Local\Temp\VMBuilds\drone_controller\arduino_due_x_dbg\Debug/core.a(wiring_analog.c.o)
                0x00081734                analogOutputInit
 *fill*         0x00081736        0x2 
 .text.pinMode  0x00081738      0x108 C:\Users\LEEVII\AppData\Local\Temp\VMBuilds\drone_controller\arduino_due_x_dbg\Debug/core.a(wiring_digital.c.o)
                0x00081738                pinMode
 .text.digitalWrite
                0x00081840       0x70 C:\Users\LEEVII\AppData\Local\Temp\VMBuilds\drone_controller\arduino_due_x_dbg\Debug/core.a(wiring_digital.c.o)
                0x00081840                digitalWrite
 .text.initVariant
                0x000818b0        0x2 C:\Users\LEEVII\AppData\Local\Temp\VMBuilds\drone_controller\arduino_due_x_dbg\Debug/core.a(main.cpp.o)
                0x000818b0                initVariant
 *fill*         0x000818b2        0x2 
 .text.startup.main
                0x000818b4       0x38 C:\Users\LEEVII\AppData\Local\Temp\VMBuilds\drone_controller\arduino_due_x_dbg\Debug/core.a(main.cpp.o)
                0x000818b4                main
 .text._ZN5Print5writeEPKhj
                0x000818ec       0x22 C:\Users\LEEVII\AppData\Local\Temp\VMBuilds\drone_controller\arduino_due_x_dbg\Debug/core.a(Print.cpp.o)
                0x000818ec                Print::write(unsigned char const*, unsigned int)
 .text._ZN5Print5printEmi.part.3
                0x0008190e        0xc C:\Users\LEEVII\AppData\Local\Temp\VMBuilds\drone_controller\arduino_due_x_dbg\Debug/core.a(Print.cpp.o)
 .text._ZN5Print5writeEPKc
                0x0008191a       0x1e C:\Users\LEEVII\AppData\Local\Temp\VMBuilds\drone_controller\arduino_due_x_dbg\Debug/core.a(Print.cpp.o)
                0x0008191a                Print::write(char const*)
 .text._ZN5Print5printEPKc
                0x00081938        0x8 C:\Users\LEEVII\AppData\Local\Temp\VMBuilds\drone_controller\arduino_due_x_dbg\Debug/core.a(Print.cpp.o)
                0x00081938                Print::print(char const*)
 .text._ZN5Print11printNumberEmh
                0x00081940       0x3e C:\Users\LEEVII\AppData\Local\Temp\VMBuilds\drone_controller\arduino_due_x_dbg\Debug/core.a(Print.cpp.o)
                0x00081940                Print::printNumber(unsigned long, unsigned char)
 .text._ZN5Print5printEmi
                0x0008197e        0xc C:\Users\LEEVII\AppData\Local\Temp\VMBuilds\drone_controller\arduino_due_x_dbg\Debug/core.a(Print.cpp.o)
                0x0008197e                Print::print(unsigned long, int)
 .text._ZN5Print5printEhi
                0x0008198a        0x4 C:\Users\LEEVII\AppData\Local\Temp\VMBuilds\drone_controller\arduino_due_x_dbg\Debug/core.a(Print.cpp.o)
                0x0008198a                Print::print(unsigned char, int)
 *fill*         0x0008198e        0x2 
 .text.initiateReset
                0x00081990        0xc C:\Users\LEEVII\AppData\Local\Temp\VMBuilds\drone_controller\arduino_due_x_dbg\Debug/core.a(Reset.cpp.o)
                0x00081990                initiateReset
 .text.cancelReset
                0x0008199c       0x10 C:\Users\LEEVII\AppData\Local\Temp\VMBuilds\drone_controller\arduino_due_x_dbg\Debug/core.a(Reset.cpp.o)
                0x0008199c                cancelReset
 .text.tickReset
                0x000819ac       0x20 C:\Users\LEEVII\AppData\Local\Temp\VMBuilds\drone_controller\arduino_due_x_dbg\Debug/core.a(Reset.cpp.o)
                0x000819ac                tickReset
 .text._ZN10RingBufferC2Ev
                0x000819cc       0x1a C:\Users\LEEVII\AppData\Local\Temp\VMBuilds\drone_controller\arduino_due_x_dbg\Debug/core.a(RingBuffer.cpp.o)
                0x000819cc                RingBuffer::RingBuffer()
                0x000819cc                RingBuffer::RingBuffer()
 .text._ZN10RingBuffer10store_charEh
                0x000819e6       0x1e C:\Users\LEEVII\AppData\Local\Temp\VMBuilds\drone_controller\arduino_due_x_dbg\Debug/core.a(RingBuffer.cpp.o)
                0x000819e6                RingBuffer::store_char(unsigned char)
 .text._ZN9UARTClasscvbEv
                0x00081a04        0x4 C:\Users\LEEVII\AppData\Local\Temp\VMBuilds\drone_controller\arduino_due_x_dbg\Debug/core.a(UARTClass.cpp.o)
                0x00081a04                UARTClass::operator bool()
 .text._ZN9UARTClass9availableEv
                0x00081a08       0x12 C:\Users\LEEVII\AppData\Local\Temp\VMBuilds\drone_controller\arduino_due_x_dbg\Debug/core.a(UARTClass.cpp.o)
                0x00081a08                UARTClass::available()
 .text._ZN9UARTClass4peekEv
                0x00081a1a       0x1c C:\Users\LEEVII\AppData\Local\Temp\VMBuilds\drone_controller\arduino_due_x_dbg\Debug/core.a(UARTClass.cpp.o)
                0x00081a1a                UARTClass::peek()
 .text._ZN9UARTClass4readEv
                0x00081a36       0x2a C:\Users\LEEVII\AppData\Local\Temp\VMBuilds\drone_controller\arduino_due_x_dbg\Debug/core.a(UARTClass.cpp.o)
                0x00081a36                UARTClass::read()
 .text._ZN9UARTClass5flushEv
                0x00081a60       0x18 C:\Users\LEEVII\AppData\Local\Temp\VMBuilds\drone_controller\arduino_due_x_dbg\Debug/core.a(UARTClass.cpp.o)
                0x00081a60                UARTClass::flush()
 .text._ZN9UARTClass5writeEh
                0x00081a78       0x54 C:\Users\LEEVII\AppData\Local\Temp\VMBuilds\drone_controller\arduino_due_x_dbg\Debug/core.a(UARTClass.cpp.o)
                0x00081a78                UARTClass::write(unsigned char)
 .text._ZN9UARTClass3endEv
                0x00081acc       0x3c C:\Users\LEEVII\AppData\Local\Temp\VMBuilds\drone_controller\arduino_due_x_dbg\Debug/core.a(UARTClass.cpp.o)
                0x00081acc                UARTClass::end()
 .text._ZN9UARTClassC2EP4Uart4IRQnmP10RingBufferS4_
                0x00081b08       0x24 C:\Users\LEEVII\AppData\Local\Temp\VMBuilds\drone_controller\arduino_due_x_dbg\Debug/core.a(UARTClass.cpp.o)
                0x00081b08                UARTClass::UARTClass(Uart*, IRQn, unsigned long, RingBuffer*, RingBuffer*)
                0x00081b08                UARTClass::UARTClass(Uart*, IRQn, unsigned long, RingBuffer*, RingBuffer*)
 .text._ZN9UARTClass4initEmm
                0x00081b2c       0x70 C:\Users\LEEVII\AppData\Local\Temp\VMBuilds\drone_controller\arduino_due_x_dbg\Debug/core.a(UARTClass.cpp.o)
                0x00081b2c                UARTClass::init(unsigned long, unsigned long)
 .text._ZN9UARTClass5beginEm
                0x00081b9c        0x8 C:\Users\LEEVII\AppData\Local\Temp\VMBuilds\drone_controller\arduino_due_x_dbg\Debug/core.a(UARTClass.cpp.o)
                0x00081b9c                UARTClass::begin(unsigned long)
 .text._ZN9UARTClass10IrqHandlerEv
                0x00081ba4       0x5a C:\Users\LEEVII\AppData\Local\Temp\VMBuilds\drone_controller\arduino_due_x_dbg\Debug/core.a(UARTClass.cpp.o)
                0x00081ba4                UARTClass::IrqHandler()
 .text._ZN10USARTClass5beginEm
                0x00081bfe        0x8 C:\Users\LEEVII\AppData\Local\Temp\VMBuilds\drone_controller\arduino_due_x_dbg\Debug/core.a(USARTClass.cpp.o)
                0x00081bfe                USARTClass::begin(unsigned long)
 *fill*         0x00081c06        0x2 
 .text._ZN10USARTClassC2EP5Usart4IRQnmP10RingBufferS4_
                0x00081c08       0x24 C:\Users\LEEVII\AppData\Local\Temp\VMBuilds\drone_controller\arduino_due_x_dbg\Debug/core.a(USARTClass.cpp.o)
                0x00081c08                USARTClass::USARTClass(Usart*, IRQn, unsigned long, RingBuffer*, RingBuffer*)
                0x00081c08                USARTClass::USARTClass(Usart*, IRQn, unsigned long, RingBuffer*, RingBuffer*)
 .text._watchdogDefaultSetup
                0x00081c2c        0xc C:\Users\LEEVII\AppData\Local\Temp\VMBuilds\drone_controller\arduino_due_x_dbg\Debug/core.a(watchdog.cpp.o)
                0x00081c2c                _watchdogDefaultSetup
                0x00081c2c                watchdogSetup()
 .text.unlikely._ZL11USB_SendZlpv
                0x00081c38       0x20 C:\Users\LEEVII\AppData\Local\Temp\VMBuilds\drone_controller\arduino_due_x_dbg\Debug/core.a(USBCore.cpp.o)
 .text._Z14USBD_Availablem
                0x00081c58       0x2c C:\Users\LEEVII\AppData\Local\Temp\VMBuilds\drone_controller\arduino_due_x_dbg\Debug/core.a(USBCore.cpp.o)
                0x00081c58                USBD_Available(unsigned long)
 .text._Z9USBD_RecvmPvm
                0x00081c84       0x7c C:\Users\LEEVII\AppData\Local\Temp\VMBuilds\drone_controller\arduino_due_x_dbg\Debug/core.a(USBCore.cpp.o)
                0x00081c84                USBD_Recv(unsigned long, void*, unsigned long)
 .text._Z9USBD_Recvm
                0x00081d00       0x22 C:\Users\LEEVII\AppData\Local\Temp\VMBuilds\drone_controller\arduino_due_x_dbg\Debug/core.a(USBCore.cpp.o)
                0x00081d00                USBD_Recv(unsigned long)
 *fill*         0x00081d22        0x2 
 .text._Z9USBD_SendmPKvm
                0x00081d24       0x4c C:\Users\LEEVII\AppData\Local\Temp\VMBuilds\drone_controller\arduino_due_x_dbg\Debug/core.a(USBCore.cpp.o)
                0x00081d24                USBD_Send(unsigned long, void const*, unsigned long)
 .text._Z16USBD_SendControlhPKvm
                0x00081d70       0x40 C:\Users\LEEVII\AppData\Local\Temp\VMBuilds\drone_controller\arduino_due_x_dbg\Debug/core.a(USBCore.cpp.o)
                0x00081d70                USBD_SendControl(unsigned char, void const*, unsigned long)
 .text.unlikely._ZL24USB_SendStringDescriptorPKhi
                0x00081db0       0x64 C:\Users\LEEVII\AppData\Local\Temp\VMBuilds\drone_controller\arduino_due_x_dbg\Debug/core.a(USBCore.cpp.o)
 .text._Z16USBD_RecvControlPvm
                0x00081e14       0x1c C:\Users\LEEVII\AppData\Local\Temp\VMBuilds\drone_controller\arduino_due_x_dbg\Debug/core.a(USBCore.cpp.o)
                0x00081e14                USBD_RecvControl(void*, unsigned long)
 .text._Z26USBD_ClassInterfaceRequestR8USBSetup
                0x00081e30       0x1e C:\Users\LEEVII\AppData\Local\Temp\VMBuilds\drone_controller\arduino_due_x_dbg\Debug/core.a(USBCore.cpp.o)
                0x00081e30                USBD_ClassInterfaceRequest(USBSetup&)
 .text._Z19USBD_SendInterfacesv
                0x00081e4e       0x22 C:\Users\LEEVII\AppData\Local\Temp\VMBuilds\drone_controller\arduino_due_x_dbg\Debug/core.a(USBCore.cpp.o)
                0x00081e4e                USBD_SendInterfaces()
 .text._Z24USBD_SendOtherInterfacesv
                0x00081e70       0x22 C:\Users\LEEVII\AppData\Local\Temp\VMBuilds\drone_controller\arduino_due_x_dbg\Debug/core.a(USBCore.cpp.o)
                0x00081e70                USBD_SendOtherInterfaces()
 .text._Z10USBD_Flushm
                0x00081e92       0x16 C:\Users\LEEVII\AppData\Local\Temp\VMBuilds\drone_controller\arduino_due_x_dbg\Debug/core.a(USBCore.cpp.o)
                0x00081e92                USBD_Flush(unsigned long)
 .text._ZN10USBDevice_C2Ev
                0x00081ea8       0x24 C:\Users\LEEVII\AppData\Local\Temp\VMBuilds\drone_controller\arduino_due_x_dbg\Debug/core.a(USBCore.cpp.o)
                0x00081ea8                USBDevice_::USBDevice_()
                0x00081ea8                USBDevice_::USBDevice_()
 .text._ZN10USBDevice_6attachEv
                0x00081ecc       0x20 C:\Users\LEEVII\AppData\Local\Temp\VMBuilds\drone_controller\arduino_due_x_dbg\Debug/core.a(USBCore.cpp.o)
                0x00081ecc                USBDevice_::attach()
 .text.startup._GLOBAL__sub_I_EndPoints
                0x00081eec        0xc C:\Users\LEEVII\AppData\Local\Temp\VMBuilds\drone_controller\arduino_due_x_dbg\Debug/core.a(USBCore.cpp.o)
 .text._ZL7USB_ISRv
                0x00081ef8      0x454 C:\Users\LEEVII\AppData\Local\Temp\VMBuilds\drone_controller\arduino_due_x_dbg\Debug/core.a(USBCore.cpp.o)
 .text._ZN7Serial_9availableEv
                0x0008234c       0x18 C:\Users\LEEVII\AppData\Local\Temp\VMBuilds\drone_controller\arduino_due_x_dbg\Debug/core.a(CDC.cpp.o)
                0x0008234c                Serial_::available()
 .text._ZN7Serial_17availableForWriteEv
                0x00082364        0x6 C:\Users\LEEVII\AppData\Local\Temp\VMBuilds\drone_controller\arduino_due_x_dbg\Debug/core.a(CDC.cpp.o)
                0x00082364                Serial_::availableForWrite()
 *fill*         0x0008236a        0x2 
 .text._ZN7Serial_4peekEv
                0x0008236c       0x20 C:\Users\LEEVII\AppData\Local\Temp\VMBuilds\drone_controller\arduino_due_x_dbg\Debug/core.a(CDC.cpp.o)
                0x0008236c                Serial_::peek()
 .text._ZN7Serial_5writeEh
                0x0008238c       0x16 C:\Users\LEEVII\AppData\Local\Temp\VMBuilds\drone_controller\arduino_due_x_dbg\Debug/core.a(CDC.cpp.o)
                0x0008238c                Serial_::write(unsigned char)
 *fill*         0x000823a2        0x2 
 .text._ZN7Serial_4readEv
                0x000823a4       0x44 C:\Users\LEEVII\AppData\Local\Temp\VMBuilds\drone_controller\arduino_due_x_dbg\Debug/core.a(CDC.cpp.o)
                0x000823a4                Serial_::read()
 .text._ZN7Serial_5flushEv
                0x000823e8        0x6 C:\Users\LEEVII\AppData\Local\Temp\VMBuilds\drone_controller\arduino_due_x_dbg\Debug/core.a(CDC.cpp.o)
                0x000823e8                Serial_::flush()
 *fill*         0x000823ee        0x2 
 .text._ZN7Serial_6acceptEv
                0x000823f0       0x70 C:\Users\LEEVII\AppData\Local\Temp\VMBuilds\drone_controller\arduino_due_x_dbg\Debug/core.a(CDC.cpp.o)
                0x000823f0                Serial_::accept()
 .text._ZN7Serial_5writeEPKhj
                0x00082460       0x2c C:\Users\LEEVII\AppData\Local\Temp\VMBuilds\drone_controller\arduino_due_x_dbg\Debug/core.a(CDC.cpp.o)
                0x00082460                Serial_::write(unsigned char const*, unsigned int)
 .text._Z16CDC_GetInterfacePh
                0x0008248c       0x14 C:\Users\LEEVII\AppData\Local\Temp\VMBuilds\drone_controller\arduino_due_x_dbg\Debug/core.a(CDC.cpp.o)
                0x0008248c                CDC_GetInterface(unsigned char*)
 .text._Z21CDC_GetOtherInterfacePh
                0x000824a0       0x14 C:\Users\LEEVII\AppData\Local\Temp\VMBuilds\drone_controller\arduino_due_x_dbg\Debug/core.a(CDC.cpp.o)
                0x000824a0                CDC_GetOtherInterface(unsigned char*)
 .text._Z9CDC_SetupR8USBSetup
                0x000824b4       0x78 C:\Users\LEEVII\AppData\Local\Temp\VMBuilds\drone_controller\arduino_due_x_dbg\Debug/core.a(CDC.cpp.o)
                0x000824b4                CDC_Setup(USBSetup&)
 .text.startup._GLOBAL__sub_I_cdc_rx_buffer
                0x0008252c       0x1c C:\Users\LEEVII\AppData\Local\Temp\VMBuilds\drone_controller\arduino_due_x_dbg\Debug/core.a(CDC.cpp.o)
 .text._ZN13PluggableUSB_12getInterfaceEPh
                0x00082548       0x28 C:\Users\LEEVII\AppData\Local\Temp\VMBuilds\drone_controller\arduino_due_x_dbg\Debug/core.a(PluggableUSB.cpp.o)
                0x00082548                PluggableUSB_::getInterface(unsigned char*)
 .text._ZN13PluggableUSB_13getDescriptorER8USBSetup
                0x00082570       0x1c C:\Users\LEEVII\AppData\Local\Temp\VMBuilds\drone_controller\arduino_due_x_dbg\Debug/core.a(PluggableUSB.cpp.o)
                0x00082570                PluggableUSB_::getDescriptor(USBSetup&)
 .text._ZN13PluggableUSB_12getShortNameEPc
                0x0008258c       0x1c C:\Users\LEEVII\AppData\Local\Temp\VMBuilds\drone_controller\arduino_due_x_dbg\Debug/core.a(PluggableUSB.cpp.o)
                0x0008258c                PluggableUSB_::getShortName(char*)
 .text._ZN13PluggableUSB_5setupER8USBSetup
                0x000825a8       0x20 C:\Users\LEEVII\AppData\Local\Temp\VMBuilds\drone_controller\arduino_due_x_dbg\Debug/core.a(PluggableUSB.cpp.o)
                0x000825a8                PluggableUSB_::setup(USBSetup&)
 .text._Z12PluggableUSBv
                0x000825c8       0x28 C:\Users\LEEVII\AppData\Local\Temp\VMBuilds\drone_controller\arduino_due_x_dbg\Debug/core.a(PluggableUSB.cpp.o)
                0x000825c8                PluggableUSB()
 .text.TimeTick_Increment
                0x000825f0       0x10 C:\Users\LEEVII\AppData\Local\arduino15\packages\arduino\hardware\sam\1.6.11\variants\arduino_due_x/libsam_sam3x8e_gcc_rel.a(timetick.o)
                0x000825f0                TimeTick_Increment
 .text.GetTickCount
                0x00082600        0xc C:\Users\LEEVII\AppData\Local\arduino15\packages\arduino\hardware\sam\1.6.11\variants\arduino_due_x/libsam_sam3x8e_gcc_rel.a(timetick.o)
                0x00082600                GetTickCount
 .text.WDT_Disable
                0x0008260c        0x8 C:\Users\LEEVII\AppData\Local\arduino15\packages\arduino\hardware\sam\1.6.11\variants\arduino_due_x/libsam_sam3x8e_gcc_rel.a(wdt.o)
                0x0008260c                WDT_Disable
 .text.UDD_SetStack
                0x00082614        0xc C:\Users\LEEVII\AppData\Local\arduino15\packages\arduino\hardware\sam\1.6.11\variants\arduino_due_x/libsam_sam3x8e_gcc_rel.a(uotghs_device.o)
                0x00082614                UDD_SetStack
 .text.UDD_Init
                0x00082620       0xd0 C:\Users\LEEVII\AppData\Local\arduino15\packages\arduino\hardware\sam\1.6.11\variants\arduino_due_x/libsam_sam3x8e_gcc_rel.a(uotghs_device.o)
                0x00082620                UDD_Init
 .text.UDD_Attach
                0x000826f0       0x50 C:\Users\LEEVII\AppData\Local\arduino15\packages\arduino\hardware\sam\1.6.11\variants\arduino_due_x/libsam_sam3x8e_gcc_rel.a(uotghs_device.o)
                0x000826f0                UDD_Attach
 .text.UDD_InitEP
                0x00082740       0x2c C:\Users\LEEVII\AppData\Local\arduino15\packages\arduino\hardware\sam\1.6.11\variants\arduino_due_x/libsam_sam3x8e_gcc_rel.a(uotghs_device.o)
                0x00082740                UDD_InitEP
 .text.UDD_InitEndpoints
                0x0008276c       0x3c C:\Users\LEEVII\AppData\Local\arduino15\packages\arduino\hardware\sam\1.6.11\variants\arduino_due_x/libsam_sam3x8e_gcc_rel.a(uotghs_device.o)
                0x0008276c                UDD_InitEndpoints
 .text.UDD_WaitIN
                0x000827a8       0x10 C:\Users\LEEVII\AppData\Local\arduino15\packages\arduino\hardware\sam\1.6.11\variants\arduino_due_x/libsam_sam3x8e_gcc_rel.a(uotghs_device.o)
                0x000827a8                UDD_WaitIN
 .text.UDD_WaitOUT
                0x000827b8       0x10 C:\Users\LEEVII\AppData\Local\arduino15\packages\arduino\hardware\sam\1.6.11\variants\arduino_due_x/libsam_sam3x8e_gcc_rel.a(uotghs_device.o)
                0x000827b8                UDD_WaitOUT
 .text.UDD_ClearIN
                0x000827c8       0x18 C:\Users\LEEVII\AppData\Local\arduino15\packages\arduino\hardware\sam\1.6.11\variants\arduino_due_x/libsam_sam3x8e_gcc_rel.a(uotghs_device.o)
                0x000827c8                UDD_ClearIN
 .text.UDD_ClearOUT
                0x000827e0       0x18 C:\Users\LEEVII\AppData\Local\arduino15\packages\arduino\hardware\sam\1.6.11\variants\arduino_due_x/libsam_sam3x8e_gcc_rel.a(uotghs_device.o)
                0x000827e0                UDD_ClearOUT
 .text.UDD_ReceivedSetupInt
                0x000827f8       0x10 C:\Users\LEEVII\AppData\Local\arduino15\packages\arduino\hardware\sam\1.6.11\variants\arduino_due_x/libsam_sam3x8e_gcc_rel.a(uotghs_device.o)
                0x000827f8                UDD_ReceivedSetupInt
 .text.UDD_ClearSetupInt
                0x00082808       0x10 C:\Users\LEEVII\AppData\Local\arduino15\packages\arduino\hardware\sam\1.6.11\variants\arduino_due_x/libsam_sam3x8e_gcc_rel.a(uotghs_device.o)
                0x00082808                UDD_ClearSetupInt
 .text.UDD_Send
                0x00082818       0x88 C:\Users\LEEVII\AppData\Local\arduino15\packages\arduino\hardware\sam\1.6.11\variants\arduino_due_x/libsam_sam3x8e_gcc_rel.a(uotghs_device.o)
                0x00082818                UDD_Send
 .text.UDD_Send8
                0x000828a0       0x24 C:\Users\LEEVII\AppData\Local\arduino15\packages\arduino\hardware\sam\1.6.11\variants\arduino_due_x/libsam_sam3x8e_gcc_rel.a(uotghs_device.o)
                0x000828a0                UDD_Send8
 .text.UDD_Recv8
                0x000828c4       0x28 C:\Users\LEEVII\AppData\Local\arduino15\packages\arduino\hardware\sam\1.6.11\variants\arduino_due_x/libsam_sam3x8e_gcc_rel.a(uotghs_device.o)
                0x000828c4                UDD_Recv8
 .text.UDD_Recv
                0x000828ec       0x34 C:\Users\LEEVII\AppData\Local\arduino15\packages\arduino\hardware\sam\1.6.11\variants\arduino_due_x/libsam_sam3x8e_gcc_rel.a(uotghs_device.o)
                0x000828ec                UDD_Recv
 .text.UDD_Stall
                0x00082920       0x14 C:\Users\LEEVII\AppData\Local\arduino15\packages\arduino\hardware\sam\1.6.11\variants\arduino_due_x/libsam_sam3x8e_gcc_rel.a(uotghs_device.o)
                0x00082920                UDD_Stall
 .text.UDD_FifoByteCount
                0x00082934       0x14 C:\Users\LEEVII\AppData\Local\arduino15\packages\arduino\hardware\sam\1.6.11\variants\arduino_due_x/libsam_sam3x8e_gcc_rel.a(uotghs_device.o)
                0x00082934                UDD_FifoByteCount
 .text.UDD_ReleaseRX
                0x00082948       0x28 C:\Users\LEEVII\AppData\Local\arduino15\packages\arduino\hardware\sam\1.6.11\variants\arduino_due_x/libsam_sam3x8e_gcc_rel.a(uotghs_device.o)
                0x00082948                UDD_ReleaseRX
 .text.UDD_ReleaseTX
                0x00082970       0x28 C:\Users\LEEVII\AppData\Local\arduino15\packages\arduino\hardware\sam\1.6.11\variants\arduino_due_x/libsam_sam3x8e_gcc_rel.a(uotghs_device.o)
                0x00082970                UDD_ReleaseTX
 .text.UDD_SetAddress
                0x00082998       0x20 C:\Users\LEEVII\AppData\Local\arduino15\packages\arduino\hardware\sam\1.6.11\variants\arduino_due_x/libsam_sam3x8e_gcc_rel.a(uotghs_device.o)
                0x00082998                UDD_SetAddress
 .text.__assert_func
                0x000829b8       0x3c c:/users/leevii/appdata/local/arduino15/packages/arduino/tools/arm-none-eabi-gcc/4.8.3-2014q1/bin/../lib/gcc/arm-none-eabi/4.8.3/../../../../arm-none-eabi/lib/armv7-m\libg.a(lib_a-assert.o)
                0x000829b8                __assert_func
 .text.fiprintf
                0x000829f4       0x28 c:/users/leevii/appdata/local/arduino15/packages/arduino/tools/arm-none-eabi-gcc/4.8.3-2014q1/bin/../lib/gcc/arm-none-eabi/4.8.3/../../../../arm-none-eabi/lib/armv7-m\libg.a(lib_a-fiprintf.o)
                0x000829f4                fiprintf
 .text.__libc_init_array
                0x00082a1c       0x50 c:/users/leevii/appdata/local/arduino15/packages/arduino/tools/arm-none-eabi-gcc/4.8.3-2014q1/bin/../lib/gcc/arm-none-eabi/4.8.3/../../../../arm-none-eabi/lib/armv7-m\libg.a(lib_a-init.o)
                0x00082a1c                __libc_init_array
 .text.iprintf  0x00082a6c       0x28 c:/users/leevii/appdata/local/arduino15/packages/arduino/tools/arm-none-eabi-gcc/4.8.3-2014q1/bin/../lib/gcc/arm-none-eabi/4.8.3/../../../../arm-none-eabi/lib/armv7-m\libg.a(lib_a-iprintf.o)
                0x00082a6c                iprintf
 .text.memset   0x00082a94       0x94 c:/users/leevii/appdata/local/arduino15/packages/arduino/tools/arm-none-eabi-gcc/4.8.3-2014q1/bin/../lib/gcc/arm-none-eabi/4.8.3/../../../../arm-none-eabi/lib/armv7-m\libg.a(lib_a-memset.o)
                0x00082a94                memset
 .text.strlen   0x00082b28       0x60 c:/users/leevii/appdata/local/arduino15/packages/arduino/tools/arm-none-eabi-gcc/4.8.3-2014q1/bin/../lib/gcc/arm-none-eabi/4.8.3/../../../../arm-none-eabi/lib/armv7-m\libg.a(lib_a-strlen.o)
                0x00082b28                strlen
 .text.kill     0x00082b88       0x10 c:/users/leevii/appdata/local/arduino15/packages/arduino/tools/arm-none-eabi-gcc/4.8.3-2014q1/bin/../lib/gcc/arm-none-eabi/4.8.3/../../../../arm-none-eabi/lib/armv7-m\libg.a(lib_a-syskill.o)
                0x00082b88                kill
 .text.__sprint_r.part.0
                0x00082b98       0x78 c:/users/leevii/appdata/local/arduino15/packages/arduino/tools/arm-none-eabi-gcc/4.8.3-2014q1/bin/../lib/gcc/arm-none-eabi/4.8.3/../../../../arm-none-eabi/lib/armv7-m\libg.a(lib_a-vfiprintf.o)
 .text._vfiprintf_r
                0x00082c10      0xc54 c:/users/leevii/appdata/local/arduino15/packages/arduino/tools/arm-none-eabi-gcc/4.8.3-2014q1/bin/../lib/gcc/arm-none-eabi/4.8.3/../../../../arm-none-eabi/lib/armv7-m\libg.a(lib_a-vfiprintf.o)
                0x00082c10                _vfiprintf_r
 .text.__sbprintf
                0x00083864       0x7c c:/users/leevii/appdata/local/arduino15/packages/arduino/tools/arm-none-eabi-gcc/4.8.3-2014q1/bin/../lib/gcc/arm-none-eabi/4.8.3/../../../../arm-none-eabi/lib/armv7-m\libg.a(lib_a-vfiprintf.o)
 .text.__swsetup_r
                0x000838e0       0xc4 c:/users/leevii/appdata/local/arduino15/packages/arduino/tools/arm-none-eabi-gcc/4.8.3-2014q1/bin/../lib/gcc/arm-none-eabi/4.8.3/../../../../arm-none-eabi/lib/armv7-m\libg.a(lib_a-wsetup.o)
                0x000838e0                __swsetup_r
 .text.startup.register_fini
                0x000839a4       0x14 c:/users/leevii/appdata/local/arduino15/packages/arduino/tools/arm-none-eabi-gcc/4.8.3-2014q1/bin/../lib/gcc/arm-none-eabi/4.8.3/../../../../arm-none-eabi/lib/armv7-m\libg.a(lib_a-__call_atexit.o)
 .text.abort    0x000839b8       0x10 c:/users/leevii/appdata/local/arduino15/packages/arduino/tools/arm-none-eabi-gcc/4.8.3-2014q1/bin/../lib/gcc/arm-none-eabi/4.8.3/../../../../arm-none-eabi/lib/armv7-m\libg.a(lib_a-abort.o)
                0x000839b8                abort
 .text.atexit   0x000839c8        0xc c:/users/leevii/appdata/local/arduino15/packages/arduino/tools/arm-none-eabi-gcc/4.8.3-2014q1/bin/../lib/gcc/arm-none-eabi/4.8.3/../../../../arm-none-eabi/lib/armv7-m\libg.a(lib_a-atexit.o)
                0x000839c8                atexit
 .text.__sflush_r
                0x000839d4      0x148 c:/users/leevii/appdata/local/arduino15/packages/arduino/tools/arm-none-eabi-gcc/4.8.3-2014q1/bin/../lib/gcc/arm-none-eabi/4.8.3/../../../../arm-none-eabi/lib/armv7-m\libg.a(lib_a-fflush.o)
                0x000839d4                __sflush_r
 .text._fflush_r
                0x00083b1c       0x2c c:/users/leevii/appdata/local/arduino15/packages/arduino/tools/arm-none-eabi-gcc/4.8.3-2014q1/bin/../lib/gcc/arm-none-eabi/4.8.3/../../../../arm-none-eabi/lib/armv7-m\libg.a(lib_a-fflush.o)
                0x00083b1c                _fflush_r
 .text._cleanup_r
                0x00083b48        0xc c:/users/leevii/appdata/local/arduino15/packages/arduino/tools/arm-none-eabi-gcc/4.8.3-2014q1/bin/../lib/gcc/arm-none-eabi/4.8.3/../../../../arm-none-eabi/lib/armv7-m\libg.a(lib_a-findfp.o)
                0x00083b48                _cleanup_r
 .text.__sinit  0x00083b54       0xf4 c:/users/leevii/appdata/local/arduino15/packages/arduino/tools/arm-none-eabi-gcc/4.8.3-2014q1/bin/../lib/gcc/arm-none-eabi/4.8.3/../../../../arm-none-eabi/lib/armv7-m\libg.a(lib_a-findfp.o)
                0x00083b54                __sinit
 .text.__sfp_lock_acquire
                0x00083c48        0x4 c:/users/leevii/appdata/local/arduino15/packages/arduino/tools/arm-none-eabi-gcc/4.8.3-2014q1/bin/../lib/gcc/arm-none-eabi/4.8.3/../../../../arm-none-eabi/lib/armv7-m\libg.a(lib_a-findfp.o)
                0x00083c48                __sfp_lock_acquire
 .text.__sfp_lock_release
                0x00083c4c        0x4 c:/users/leevii/appdata/local/arduino15/packages/arduino/tools/arm-none-eabi-gcc/4.8.3-2014q1/bin/../lib/gcc/arm-none-eabi/4.8.3/../../../../arm-none-eabi/lib/armv7-m\libg.a(lib_a-findfp.o)
                0x00083c4c                __sfp_lock_release
 .text.__libc_fini_array
                0x00083c50       0x30 c:/users/leevii/appdata/local/arduino15/packages/arduino/tools/arm-none-eabi-gcc/4.8.3-2014q1/bin/../lib/gcc/arm-none-eabi/4.8.3/../../../../arm-none-eabi/lib/armv7-m\libg.a(lib_a-fini.o)
                0x00083c50                __libc_fini_array
 .text._fputwc_r
                0x00083c80       0xc0 c:/users/leevii/appdata/local/arduino15/packages/arduino/tools/arm-none-eabi-gcc/4.8.3-2014q1/bin/../lib/gcc/arm-none-eabi/4.8.3/../../../../arm-none-eabi/lib/armv7-m\libg.a(lib_a-fputwc.o)
                0x00083c80                _fputwc_r
 .text._malloc_trim_r
                0x00083d40       0x9c c:/users/leevii/appdata/local/arduino15/packages/arduino/tools/arm-none-eabi-gcc/4.8.3-2014q1/bin/../lib/gcc/arm-none-eabi/4.8.3/../../../../arm-none-eabi/lib/armv7-m\libg.a(lib_a-freer.o)
                0x00083d40                _malloc_trim_r
 .text._free_r  0x00083ddc      0x198 c:/users/leevii/appdata/local/arduino15/packages/arduino/tools/arm-none-eabi-gcc/4.8.3-2014q1/bin/../lib/gcc/arm-none-eabi/4.8.3/../../../../arm-none-eabi/lib/armv7-m\libg.a(lib_a-freer.o)
                0x00083ddc                _free_r
 .text.__sfvwrite_r
                0x00083f74      0x314 c:/users/leevii/appdata/local/arduino15/packages/arduino/tools/arm-none-eabi-gcc/4.8.3-2014q1/bin/../lib/gcc/arm-none-eabi/4.8.3/../../../../arm-none-eabi/lib/armv7-m\libg.a(lib_a-fvwrite.o)
                0x00083f74                __sfvwrite_r
 .text._fwalk   0x00084288       0x48 c:/users/leevii/appdata/local/arduino15/packages/arduino/tools/arm-none-eabi-gcc/4.8.3-2014q1/bin/../lib/gcc/arm-none-eabi/4.8.3/../../../../arm-none-eabi/lib/armv7-m\libg.a(lib_a-fwalk.o)
                0x00084288                _fwalk
 .text.__locale_charset
                0x000842d0        0x8 c:/users/leevii/appdata/local/arduino15/packages/arduino/tools/arm-none-eabi-gcc/4.8.3-2014q1/bin/../lib/gcc/arm-none-eabi/4.8.3/../../../../arm-none-eabi/lib/armv7-m\libg.a(lib_a-locale.o)
                0x000842d0                __locale_charset
 .text.__locale_mb_cur_max
                0x000842d8        0xc c:/users/leevii/appdata/local/arduino15/packages/arduino/tools/arm-none-eabi-gcc/4.8.3-2014q1/bin/../lib/gcc/arm-none-eabi/4.8.3/../../../../arm-none-eabi/lib/armv7-m\libg.a(lib_a-locale.o)
                0x000842d8                __locale_mb_cur_max
 .text.__smakebuf_r
                0x000842e4       0xe0 c:/users/leevii/appdata/local/arduino15/packages/arduino/tools/arm-none-eabi-gcc/4.8.3-2014q1/bin/../lib/gcc/arm-none-eabi/4.8.3/../../../../arm-none-eabi/lib/armv7-m\libg.a(lib_a-makebuf.o)
                0x000842e4                __smakebuf_r
 .text._malloc_r
                0x000843c4      0x538 c:/users/leevii/appdata/local/arduino15/packages/arduino/tools/arm-none-eabi-gcc/4.8.3-2014q1/bin/../lib/gcc/arm-none-eabi/4.8.3/../../../../arm-none-eabi/lib/armv7-m\libg.a(lib_a-mallocr.o)
                0x000843c4                _malloc_r
 .text.memchr   0x000848fc       0x94 c:/users/leevii/appdata/local/arduino15/packages/arduino/tools/arm-none-eabi-gcc/4.8.3-2014q1/bin/../lib/gcc/arm-none-eabi/4.8.3/../../../../arm-none-eabi/lib/armv7-m\libg.a(lib_a-memchr-stub.o)
                0x000848fc                memchr
 .text          0x00084990       0xec c:/users/leevii/appdata/local/arduino15/packages/arduino/tools/arm-none-eabi-gcc/4.8.3-2014q1/bin/../lib/gcc/arm-none-eabi/4.8.3/../../../../arm-none-eabi/lib/armv7-m\libg.a(lib_a-memcpy.o)
                0x00084990                memcpy
 .text.memmove  0x00084a7c       0xcc c:/users/leevii/appdata/local/arduino15/packages/arduino/tools/arm-none-eabi-gcc/4.8.3-2014q1/bin/../lib/gcc/arm-none-eabi/4.8.3/../../../../arm-none-eabi/lib/armv7-m\libg.a(lib_a-memmove.o)
                0x00084a7c                memmove
 .text.__malloc_lock
                0x00084b48        0x4 c:/users/leevii/appdata/local/arduino15/packages/arduino/tools/arm-none-eabi-gcc/4.8.3-2014q1/bin/../lib/gcc/arm-none-eabi/4.8.3/../../../../arm-none-eabi/lib/armv7-m\libg.a(lib_a-mlock.o)
                0x00084b48                __malloc_lock
 .text.__malloc_unlock
                0x00084b4c        0x4 c:/users/leevii/appdata/local/arduino15/packages/arduino/tools/arm-none-eabi-gcc/4.8.3-2014q1/bin/../lib/gcc/arm-none-eabi/4.8.3/../../../../arm-none-eabi/lib/armv7-m\libg.a(lib_a-mlock.o)
                0x00084b4c                __malloc_unlock
 .text._realloc_r
                0x00084b50      0x3c0 c:/users/leevii/appdata/local/arduino15/packages/arduino/tools/arm-none-eabi-gcc/4.8.3-2014q1/bin/../lib/gcc/arm-none-eabi/4.8.3/../../../../arm-none-eabi/lib/armv7-m\libg.a(lib_a-reallocr.o)
                0x00084b50                _realloc_r
 .text._sbrk_r  0x00084f10       0x24 c:/users/leevii/appdata/local/arduino15/packages/arduino/tools/arm-none-eabi-gcc/4.8.3-2014q1/bin/../lib/gcc/arm-none-eabi/4.8.3/../../../../arm-none-eabi/lib/armv7-m\libg.a(lib_a-sbrkr.o)
                0x00084f10                _sbrk_r
 .text._raise_r
                0x00084f34       0x58 c:/users/leevii/appdata/local/arduino15/packages/arduino/tools/arm-none-eabi-gcc/4.8.3-2014q1/bin/../lib/gcc/arm-none-eabi/4.8.3/../../../../arm-none-eabi/lib/armv7-m\libg.a(lib_a-signal.o)
                0x00084f34                _raise_r
 .text.raise    0x00084f8c       0x10 c:/users/leevii/appdata/local/arduino15/packages/arduino/tools/arm-none-eabi-gcc/4.8.3-2014q1/bin/../lib/gcc/arm-none-eabi/4.8.3/../../../../arm-none-eabi/lib/armv7-m\libg.a(lib_a-signal.o)
                0x00084f8c                raise
 .text._kill_r  0x00084f9c       0x28 c:/users/leevii/appdata/local/arduino15/packages/arduino/tools/arm-none-eabi-gcc/4.8.3-2014q1/bin/../lib/gcc/arm-none-eabi/4.8.3/../../../../arm-none-eabi/lib/armv7-m\libg.a(lib_a-signalr.o)
                0x00084f9c                _kill_r
 .text._getpid_r
                0x00084fc4        0x4 c:/users/leevii/appdata/local/arduino15/packages/arduino/tools/arm-none-eabi-gcc/4.8.3-2014q1/bin/../lib/gcc/arm-none-eabi/4.8.3/../../../../arm-none-eabi/lib/armv7-m\libg.a(lib_a-signalr.o)
                0x00084fc4                _getpid_r
 .text.__sread  0x00084fc8       0x24 c:/users/leevii/appdata/local/arduino15/packages/arduino/tools/arm-none-eabi-gcc/4.8.3-2014q1/bin/../lib/gcc/arm-none-eabi/4.8.3/../../../../arm-none-eabi/lib/armv7-m\libg.a(lib_a-stdio.o)
                0x00084fc8                __sread
 .text.__swrite
                0x00084fec       0x38 c:/users/leevii/appdata/local/arduino15/packages/arduino/tools/arm-none-eabi-gcc/4.8.3-2014q1/bin/../lib/gcc/arm-none-eabi/4.8.3/../../../../arm-none-eabi/lib/armv7-m\libg.a(lib_a-stdio.o)
                0x00084fec                __swrite
 .text.__sseek  0x00085024       0x20 c:/users/leevii/appdata/local/arduino15/packages/arduino/tools/arm-none-eabi-gcc/4.8.3-2014q1/bin/../lib/gcc/arm-none-eabi/4.8.3/../../../../arm-none-eabi/lib/armv7-m\libg.a(lib_a-stdio.o)
                0x00085024                __sseek
 .text.__sclose
                0x00085044        0x8 c:/users/leevii/appdata/local/arduino15/packages/arduino/tools/arm-none-eabi-gcc/4.8.3-2014q1/bin/../lib/gcc/arm-none-eabi/4.8.3/../../../../arm-none-eabi/lib/armv7-m\libg.a(lib_a-stdio.o)
                0x00085044                __sclose
 .text.__swbuf_r
                0x0008504c       0xa8 c:/users/leevii/appdata/local/arduino15/packages/arduino/tools/arm-none-eabi-gcc/4.8.3-2014q1/bin/../lib/gcc/arm-none-eabi/4.8.3/../../../../arm-none-eabi/lib/armv7-m\libg.a(lib_a-wbuf.o)
                0x0008504c                __swbuf_r
 .text._wcrtomb_r
                0x000850f4       0x50 c:/users/leevii/appdata/local/arduino15/packages/arduino/tools/arm-none-eabi-gcc/4.8.3-2014q1/bin/../lib/gcc/arm-none-eabi/4.8.3/../../../../arm-none-eabi/lib/armv7-m\libg.a(lib_a-wcrtomb.o)
                0x000850f4                _wcrtomb_r
 .text.__ascii_wctomb
                0x00085144       0x1c c:/users/leevii/appdata/local/arduino15/packages/arduino/tools/arm-none-eabi-gcc/4.8.3-2014q1/bin/../lib/gcc/arm-none-eabi/4.8.3/../../../../arm-none-eabi/lib/armv7-m\libg.a(lib_a-wctomb_r.o)
                0x00085144                __ascii_wctomb
 .text._write_r
                0x00085160       0x28 c:/users/leevii/appdata/local/arduino15/packages/arduino/tools/arm-none-eabi-gcc/4.8.3-2014q1/bin/../lib/gcc/arm-none-eabi/4.8.3/../../../../arm-none-eabi/lib/armv7-m\libg.a(lib_a-writer.o)
                0x00085160                _write_r
 .text.__register_exitproc
                0x00085188       0xa8 c:/users/leevii/appdata/local/arduino15/packages/arduino/tools/arm-none-eabi-gcc/4.8.3-2014q1/bin/../lib/gcc/arm-none-eabi/4.8.3/../../../../arm-none-eabi/lib/armv7-m\libg.a(lib_a-__atexit.o)
                0x00085188                __register_exitproc
 .text._close_r
                0x00085230       0x24 c:/users/leevii/appdata/local/arduino15/packages/arduino/tools/arm-none-eabi-gcc/4.8.3-2014q1/bin/../lib/gcc/arm-none-eabi/4.8.3/../../../../arm-none-eabi/lib/armv7-m\libg.a(lib_a-closer.o)
                0x00085230                _close_r
 .text._fclose_r
                0x00085254       0x80 c:/users/leevii/appdata/local/arduino15/packages/arduino/tools/arm-none-eabi-gcc/4.8.3-2014q1/bin/../lib/gcc/arm-none-eabi/4.8.3/../../../../arm-none-eabi/lib/armv7-m\libg.a(lib_a-fclose.o)
                0x00085254                _fclose_r
 .text.fclose   0x000852d4       0x10 c:/users/leevii/appdata/local/arduino15/packages/arduino/tools/arm-none-eabi-gcc/4.8.3-2014q1/bin/../lib/gcc/arm-none-eabi/4.8.3/../../../../arm-none-eabi/lib/armv7-m\libg.a(lib_a-fclose.o)
                0x000852d4                fclose
 .text._fstat_r
                0x000852e4       0x28 c:/users/leevii/appdata/local/arduino15/packages/arduino/tools/arm-none-eabi-gcc/4.8.3-2014q1/bin/../lib/gcc/arm-none-eabi/4.8.3/../../../../arm-none-eabi/lib/armv7-m\libg.a(lib_a-fstatr.o)
                0x000852e4                _fstat_r
 .text._isatty_r
                0x0008530c       0x24 c:/users/leevii/appdata/local/arduino15/packages/arduino/tools/arm-none-eabi-gcc/4.8.3-2014q1/bin/../lib/gcc/arm-none-eabi/4.8.3/../../../../arm-none-eabi/lib/armv7-m\libg.a(lib_a-isattyr.o)
                0x0008530c                _isatty_r
 .text._lseek_r
                0x00085330       0x28 c:/users/leevii/appdata/local/arduino15/packages/arduino/tools/arm-none-eabi-gcc/4.8.3-2014q1/bin/../lib/gcc/arm-none-eabi/4.8.3/../../../../arm-none-eabi/lib/armv7-m\libg.a(lib_a-lseekr.o)
                0x00085330                _lseek_r
 .text._read_r  0x00085358       0x28 c:/users/leevii/appdata/local/arduino15/packages/arduino/tools/arm-none-eabi-gcc/4.8.3-2014q1/bin/../lib/gcc/arm-none-eabi/4.8.3/../../../../arm-none-eabi/lib/armv7-m\libg.a(lib_a-readr.o)
                0x00085358                _read_r
 .text          0x00085380       0x2c c:/users/leevii/appdata/local/arduino15/packages/arduino/tools/arm-none-eabi-gcc/4.8.3-2014q1/bin/../lib/gcc/arm-none-eabi/4.8.3/armv7-m\libgcc.a(_aeabi_uldivmod.o)
                0x00085380                __aeabi_uldivmod
 .text          0x000853ac       0x60 c:/users/leevii/appdata/local/arduino15/packages/arduino/tools/arm-none-eabi-gcc/4.8.3-2014q1/bin/../lib/gcc/arm-none-eabi/4.8.3/armv7-m\libgcc.a(bpabi.o)
                0x000853ac                __gnu_ldivmod_helper
                0x000853dc                __gnu_uldivmod_helper
 .text          0x0008540c        0x4 c:/users/leevii/appdata/local/arduino15/packages/arduino/tools/arm-none-eabi-gcc/4.8.3-2014q1/bin/../lib/gcc/arm-none-eabi/4.8.3/armv7-m\libgcc.a(_dvmd_tls.o)
                0x0008540c                __aeabi_idiv0
                0x0008540c                __aeabi_ldiv0
 .text          0x00085410      0x2a0 c:/users/leevii/appdata/local/arduino15/packages/arduino/tools/arm-none-eabi-gcc/4.8.3-2014q1/bin/../lib/gcc/arm-none-eabi/4.8.3/armv7-m\libgcc.a(_divdi3.o)
                0x00085410                __divdi3
 .text          0x000856b0      0x290 c:/users/leevii/appdata/local/arduino15/packages/arduino/tools/arm-none-eabi-gcc/4.8.3-2014q1/bin/../lib/gcc/arm-none-eabi/4.8.3/armv7-m\libgcc.a(_udivdi3.o)
                0x000856b0                __udivdi3
 *(.glue_7t)
 .glue_7t       0x00000000        0x0 linker stubs
 *(.glue_7)
 .glue_7        0x00000000        0x0 linker stubs
 *(.rodata .rodata* .gnu.linkonce.r.*)
 .rodata.str1.1
                0x00085940       0x12 drone_controller.cpp.o
 *fill*         0x00085952        0x6 
 .rodata._ZTV7TwoWire
                0x00085958       0x20 Wire\Wire.cpp.o
                0x00085958                vtable for TwoWire
 .rodata.str1.1
                0x00085978       0x6a VM_DBG\VM_DBG.cpp.o
                                 0x6c (size before relaxing)
 *fill*         0x000859e2        0x2 
 .rodata.g_APinDescription
                0x000859e4      0xa2c C:\Users\LEEVII\AppData\Local\Temp\VMBCore\arduino16x\14a8bebc00f3f2c167e2bc9b7525933c\variant\variant.cpp.o
                0x000859e4                g_APinDescription
 .rodata.__func__.6792
                0x00086410        0xd C:\Users\LEEVII\AppData\Local\arduino15\packages\arduino\hardware\sam\1.6.11\variants\arduino_due_x/libsam_sam3x8e_gcc_rel.a(tc.o)
 .rodata.str1.1
                0x0008641d       0x54 C:\Users\LEEVII\AppData\Local\arduino15\packages\arduino\hardware\sam\1.6.11\variants\arduino_due_x/libsam_sam3x8e_gcc_rel.a(tc.o)
 .rodata.__func__.6798
                0x00086471        0x9 C:\Users\LEEVII\AppData\Local\arduino15\packages\arduino\hardware\sam\1.6.11\variants\arduino_due_x/libsam_sam3x8e_gcc_rel.a(tc.o)
 .rodata.__func__.7227
                0x0008647a        0xe C:\Users\LEEVII\AppData\Local\arduino15\packages\arduino\hardware\sam\1.6.11\variants\arduino_due_x/libsam_sam3x8e_gcc_rel.a(twi.o)
 .rodata.__func__.7157
                0x00086488        0xd C:\Users\LEEVII\AppData\Local\arduino15\packages\arduino\hardware\sam\1.6.11\variants\arduino_due_x/libsam_sam3x8e_gcc_rel.a(twi.o)
 .rodata.__func__.7176
                0x00086495        0xc C:\Users\LEEVII\AppData\Local\arduino15\packages\arduino\hardware\sam\1.6.11\variants\arduino_due_x/libsam_sam3x8e_gcc_rel.a(twi.o)
 .rodata.str1.1
                0x000864a1       0xb4 C:\Users\LEEVII\AppData\Local\arduino15\packages\arduino\hardware\sam\1.6.11\variants\arduino_due_x/libsam_sam3x8e_gcc_rel.a(twi.o)
 .rodata.__func__.7231
                0x00086555        0xe C:\Users\LEEVII\AppData\Local\arduino15\packages\arduino\hardware\sam\1.6.11\variants\arduino_due_x/libsam_sam3x8e_gcc_rel.a(twi.o)
 .rodata.__func__.7195
                0x00086563        0xd C:\Users\LEEVII\AppData\Local\arduino15\packages\arduino\hardware\sam\1.6.11\variants\arduino_due_x/libsam_sam3x8e_gcc_rel.a(twi.o)
 .rodata.__func__.7222
                0x00086570        0xd C:\Users\LEEVII\AppData\Local\arduino15\packages\arduino\hardware\sam\1.6.11\variants\arduino_due_x/libsam_sam3x8e_gcc_rel.a(twi.o)
 .rodata.__func__.7200
                0x0008657d        0xe C:\Users\LEEVII\AppData\Local\arduino15\packages\arduino\hardware\sam\1.6.11\variants\arduino_due_x/libsam_sam3x8e_gcc_rel.a(twi.o)
 .rodata.__func__.7151
                0x0008658b       0x14 C:\Users\LEEVII\AppData\Local\arduino15\packages\arduino\hardware\sam\1.6.11\variants\arduino_due_x/libsam_sam3x8e_gcc_rel.a(twi.o)
 *fill*         0x0008659f        0x1 
 .rodata        0x000865a0       0x40 C:\Users\LEEVII\AppData\Local\arduino15\packages\arduino\hardware\sam\1.6.11\variants\arduino_due_x/libsam_sam3x8e_gcc_rel.a(adc.o)
 .rodata.str1.1
                0x000865e0       0x19 C:\Users\LEEVII\AppData\Local\Temp\VMBuilds\drone_controller\arduino_due_x_dbg\Debug/core.a(syscalls_sam3.c.o)
 *fill*         0x000865f9        0x7 
 .rodata._ZTV9UARTClass
                0x00086600       0x30 C:\Users\LEEVII\AppData\Local\Temp\VMBuilds\drone_controller\arduino_due_x_dbg\Debug/core.a(UARTClass.cpp.o)
                0x00086600                vtable for UARTClass
 .rodata._ZTV10USARTClass
                0x00086630       0x30 C:\Users\LEEVII\AppData\Local\Temp\VMBuilds\drone_controller\arduino_due_x_dbg\Debug/core.a(USARTClass.cpp.o)
                0x00086630                vtable for USARTClass
 .rodata.STRING_PRODUCT
                0x00086660        0xc C:\Users\LEEVII\AppData\Local\Temp\VMBuilds\drone_controller\arduino_due_x_dbg\Debug/core.a(USBCore.cpp.o)
                0x00086660                STRING_PRODUCT
 .rodata.USB_DeviceDescriptor
                0x0008666c       0x12 C:\Users\LEEVII\AppData\Local\Temp\VMBuilds\drone_controller\arduino_due_x_dbg\Debug/core.a(USBCore.cpp.o)
                0x0008666c                USB_DeviceDescriptor
 .rodata.STRING_LANGUAGE
                0x0008667e        0x4 C:\Users\LEEVII\AppData\Local\Temp\VMBuilds\drone_controller\arduino_due_x_dbg\Debug/core.a(USBCore.cpp.o)
                0x0008667e                STRING_LANGUAGE
 .rodata._ZL18test_packet_buffer
                0x00086682       0x35 C:\Users\LEEVII\AppData\Local\Temp\VMBuilds\drone_controller\arduino_due_x_dbg\Debug/core.a(USBCore.cpp.o)
 .rodata.STRING_MANUFACTURER
                0x000866b7        0xc C:\Users\LEEVII\AppData\Local\Temp\VMBuilds\drone_controller\arduino_due_x_dbg\Debug/core.a(USBCore.cpp.o)
                0x000866b7                STRING_MANUFACTURER
 .rodata.USB_DeviceDescriptorA
                0x000866c3       0x12 C:\Users\LEEVII\AppData\Local\Temp\VMBuilds\drone_controller\arduino_due_x_dbg\Debug/core.a(USBCore.cpp.o)
                0x000866c3                USB_DeviceDescriptorA
 .rodata._ZL19USB_DeviceQualifier
                0x000866d5        0x9 C:\Users\LEEVII\AppData\Local\Temp\VMBuilds\drone_controller\arduino_due_x_dbg\Debug/core.a(USBCore.cpp.o)
 *fill*         0x000866de        0x2 
 .rodata._ZTV7Serial_
                0x000866e0       0x28 C:\Users\LEEVII\AppData\Local\Temp\VMBuilds\drone_controller\arduino_due_x_dbg\Debug/core.a(CDC.cpp.o)
                0x000866e0                vtable for Serial_
 .rodata._ZL18_cdcOtherInterface
                0x00086708       0x42 C:\Users\LEEVII\AppData\Local\Temp\VMBuilds\drone_controller\arduino_due_x_dbg\Debug/core.a(CDC.cpp.o)
 .rodata._ZL13_cdcInterface
                0x0008674a       0x42 C:\Users\LEEVII\AppData\Local\Temp\VMBuilds\drone_controller\arduino_due_x_dbg\Debug/core.a(CDC.cpp.o)
 .rodata.str1.4
                0x0008678c       0x3f c:/users/leevii/appdata/local/arduino15/packages/arduino/tools/arm-none-eabi-gcc/4.8.3-2014q1/bin/../lib/gcc/arm-none-eabi/4.8.3/../../../../arm-none-eabi/lib/armv7-m\libg.a(lib_a-assert.o)
                                 0x44 (size before relaxing)
 *fill*         0x000867cb        0x1 
 .rodata.str1.4
                0x000867cc        0x2 c:/users/leevii/appdata/local/arduino15/packages/arduino/tools/arm-none-eabi-gcc/4.8.3-2014q1/bin/../lib/gcc/arm-none-eabi/4.8.3/../../../../arm-none-eabi/lib/armv7-m\libg.a(lib_a-impure.o)
                                  0x4 (size before relaxing)
 *fill*         0x000867ce        0x2 
 .rodata._global_impure_ptr
                0x000867d0        0x4 c:/users/leevii/appdata/local/arduino15/packages/arduino/tools/arm-none-eabi-gcc/4.8.3-2014q1/bin/../lib/gcc/arm-none-eabi/4.8.3/../../../../arm-none-eabi/lib/armv7-m\libg.a(lib_a-impure.o)
                0x000867d0                _global_impure_ptr
 .rodata.blanks.6717
                0x000867d4       0x10 c:/users/leevii/appdata/local/arduino15/packages/arduino/tools/arm-none-eabi-gcc/4.8.3-2014q1/bin/../lib/gcc/arm-none-eabi/4.8.3/../../../../arm-none-eabi/lib/armv7-m\libg.a(lib_a-vfiprintf.o)
 .rodata.str1.4
                0x000867e4       0x30 c:/users/leevii/appdata/local/arduino15/packages/arduino/tools/arm-none-eabi-gcc/4.8.3-2014q1/bin/../lib/gcc/arm-none-eabi/4.8.3/../../../../arm-none-eabi/lib/armv7-m\libg.a(lib_a-vfiprintf.o)
 .rodata.zeroes.6718
                0x00086814       0x10 c:/users/leevii/appdata/local/arduino15/packages/arduino/tools/arm-none-eabi-gcc/4.8.3-2014q1/bin/../lib/gcc/arm-none-eabi/4.8.3/../../../../arm-none-eabi/lib/armv7-m\libg.a(lib_a-vfiprintf.o)
 *(.ARM.extab* .gnu.linkonce.armextab.*)
                0x00086824                . = ALIGN (0x4)
 *(.init)
 .init          0x00086824        0x4 c:/users/leevii/appdata/local/arduino15/packages/arduino/tools/arm-none-eabi-gcc/4.8.3-2014q1/bin/../lib/gcc/arm-none-eabi/4.8.3/armv7-m/crti.o
                0x00086824                _init
 .init          0x00086828        0x8 c:/users/leevii/appdata/local/arduino15/packages/arduino/tools/arm-none-eabi-gcc/4.8.3-2014q1/bin/../lib/gcc/arm-none-eabi/4.8.3/armv7-m/crtn.o
                0x00086830                . = ALIGN (0x4)
                0x00086830                __preinit_array_start = .
 *(.preinit_array)
                0x00086830                __preinit_array_end = .
                0x00086830                . = ALIGN (0x4)
                0x00086830                __init_array_start = .
 *(SORT(.init_array.*))
 .init_array.00000
                0x00086830        0x4 c:/users/leevii/appdata/local/arduino15/packages/arduino/tools/arm-none-eabi-gcc/4.8.3-2014q1/bin/../lib/gcc/arm-none-eabi/4.8.3/../../../../arm-none-eabi/lib/armv7-m\libg.a(lib_a-__call_atexit.o)
 *(.init_array)
 .init_array    0x00086834        0x4 c:/users/leevii/appdata/local/arduino15/packages/arduino/tools/arm-none-eabi-gcc/4.8.3-2014q1/bin/../lib/gcc/arm-none-eabi/4.8.3/armv7-m/crtbegin.o
 .init_array    0x00086838        0x4 drone_controller.cpp.o
 .init_array    0x0008683c        0x4 Wire\Wire.cpp.o
 .init_array    0x00086840        0x4 VM_DBG\VM_DBG.cpp.o
 .init_array    0x00086844        0x4 C:\Users\LEEVII\AppData\Local\Temp\VMBCore\arduino16x\14a8bebc00f3f2c167e2bc9b7525933c\variant\variant.cpp.o
 .init_array    0x00086848        0x4 C:\Users\LEEVII\AppData\Local\Temp\VMBuilds\drone_controller\arduino_due_x_dbg\Debug/core.a(USBCore.cpp.o)
 .init_array    0x0008684c        0x4 C:\Users\LEEVII\AppData\Local\Temp\VMBuilds\drone_controller\arduino_due_x_dbg\Debug/core.a(CDC.cpp.o)
                0x00086850                __init_array_end = .
                0x00086850                . = ALIGN (0x4)
 *crtbegin.o(.ctors)
 *(EXCLUDE_FILE(*crtend.o) .ctors)
 *(SORT(.ctors.*))
 *crtend.o(.ctors)
                0x00086850                . = ALIGN (0x4)
 *(.fini)
 .fini          0x00086850        0x4 c:/users/leevii/appdata/local/arduino15/packages/arduino/tools/arm-none-eabi-gcc/4.8.3-2014q1/bin/../lib/gcc/arm-none-eabi/4.8.3/armv7-m/crti.o
                0x00086850                _fini
 .fini          0x00086854        0x8 c:/users/leevii/appdata/local/arduino15/packages/arduino/tools/arm-none-eabi-gcc/4.8.3-2014q1/bin/../lib/gcc/arm-none-eabi/4.8.3/armv7-m/crtn.o
                0x0008685c                . = ALIGN (0x4)
                0x0008685c                __fini_array_start = .
 *(.fini_array)
 .fini_array    0x0008685c        0x4 c:/users/leevii/appdata/local/arduino15/packages/arduino/tools/arm-none-eabi-gcc/4.8.3-2014q1/bin/../lib/gcc/arm-none-eabi/4.8.3/armv7-m/crtbegin.o
 *(SORT(.fini_array.*))
                0x00086860                __fini_array_end = .
 *crtbegin.o(.dtors)
 *(EXCLUDE_FILE(*crtend.o) .dtors)
 *(SORT(.dtors.*))
 *crtend.o(.dtors)
                0x00086860                . = ALIGN (0x4)
                0x00086860                _efixed = .
                0x00086860                PROVIDE (__exidx_start, .)

.vfp11_veneer   0x00086860        0x0
 .vfp11_veneer  0x00000000        0x0 linker stubs

.v4_bx          0x00086860        0x0
 .v4_bx         0x00000000        0x0 linker stubs

.iplt           0x00086860        0x0
 .iplt          0x00000000        0x0 c:/users/leevii/appdata/local/arduino15/packages/arduino/tools/arm-none-eabi-gcc/4.8.3-2014q1/bin/../lib/gcc/arm-none-eabi/4.8.3/armv7-m/crtbegin.o

.ARM.exidx      0x00086860        0x8
 *(.ARM.exidx* .gnu.linkonce.armexidx.*)
 .ARM.exidx     0x00086860        0x8 c:/users/leevii/appdata/local/arduino15/packages/arduino/tools/arm-none-eabi-gcc/4.8.3-2014q1/bin/../lib/gcc/arm-none-eabi/4.8.3/armv7-m\libgcc.a(_divdi3.o)
 .ARM.exidx     0x00086868        0x0 c:/users/leevii/appdata/local/arduino15/packages/arduino/tools/arm-none-eabi-gcc/4.8.3-2014q1/bin/../lib/gcc/arm-none-eabi/4.8.3/armv7-m\libgcc.a(_udivdi3.o)
                                  0x8 (size before relaxing)
                0x00086868                PROVIDE (__exidx_end, .)

.eh_frame       0x00086868        0x0
 .eh_frame      0x00086868        0x0 c:/users/leevii/appdata/local/arduino15/packages/arduino/tools/arm-none-eabi-gcc/4.8.3-2014q1/bin/../lib/gcc/arm-none-eabi/4.8.3/armv7-m/crtbegin.o

.rel.dyn        0x00086868        0x0
 .rel.iplt      0x00000000        0x0 c:/users/leevii/appdata/local/arduino15/packages/arduino/tools/arm-none-eabi-gcc/4.8.3-2014q1/bin/../lib/gcc/arm-none-eabi/4.8.3/armv7-m/crtbegin.o

.jcr            0x00086868        0x0
 .jcr           0x00086868        0x0 c:/users/leevii/appdata/local/arduino15/packages/arduino/tools/arm-none-eabi-gcc/4.8.3-2014q1/bin/../lib/gcc/arm-none-eabi/4.8.3/armv7-m/crtbegin.o

.igot.plt       0x00086868        0x0
 .igot.plt      0x00000000        0x0 c:/users/leevii/appdata/local/arduino15/packages/arduino/tools/arm-none-eabi-gcc/4.8.3-2014q1/bin/../lib/gcc/arm-none-eabi/4.8.3/armv7-m/crtbegin.o
                0x00086868                . = ALIGN (0x4)
                0x00086868                _etext = .

.relocate       0x20070000      0x8d4 load address 0x00086868
                0x20070000                . = ALIGN (0x4)
                0x20070000                _srelocate = .
 *(.ramfunc .ramfunc.*)
 .ramfunc       0x20070000       0x2c C:\Users\LEEVII\AppData\Local\Temp\VMBuilds\drone_controller\arduino_due_x_dbg\Debug/core.a(Reset.cpp.o)
                0x20070000                banzai
 *(.data .data.*)
 .data.SystemCoreClock
                0x2007002c        0x4 C:\Users\LEEVII\AppData\Local\arduino15\packages\arduino\hardware\sam\1.6.11\variants\arduino_due_x/libsam_sam3x8e_gcc_rel.a(system_sam3xa.o)
                0x2007002c                SystemCoreClock
 .data._ZL5ticks
                0x20070030        0x4 C:\Users\LEEVII\AppData\Local\Temp\VMBuilds\drone_controller\arduino_due_x_dbg\Debug/core.a(Reset.cpp.o)
 .data.EndPoints
                0x20070034       0x28 C:\Users\LEEVII\AppData\Local\Temp\VMBuilds\drone_controller\arduino_due_x_dbg\Debug/core.a(USBCore.cpp.o)
                0x20070034                EndPoints
 .data._ZL10breakValue
                0x2007005c        0x4 C:\Users\LEEVII\AppData\Local\Temp\VMBuilds\drone_controller\arduino_due_x_dbg\Debug/core.a(CDC.cpp.o)
 .data._ZL12_usbLineInfo
                0x20070060        0x8 C:\Users\LEEVII\AppData\Local\Temp\VMBuilds\drone_controller\arduino_due_x_dbg\Debug/core.a(CDC.cpp.o)
 .data.g_interrupt_enabled
                0x20070068        0x4 C:\Users\LEEVII\AppData\Local\arduino15\packages\arduino\hardware\sam\1.6.11\variants\arduino_due_x/libsam_sam3x8e_gcc_rel.a(interrupt_sam_nvic.o)
                0x20070068                g_interrupt_enabled
 *fill*         0x2007006c        0x4 
 .data.impure_data
                0x20070070      0x428 c:/users/leevii/appdata/local/arduino15/packages/arduino/tools/arm-none-eabi-gcc/4.8.3-2014q1/bin/../lib/gcc/arm-none-eabi/4.8.3/../../../../arm-none-eabi/lib/armv7-m\libg.a(lib_a-impure.o)
 .data._impure_ptr
                0x20070498        0x4 c:/users/leevii/appdata/local/arduino15/packages/arduino/tools/arm-none-eabi-gcc/4.8.3-2014q1/bin/../lib/gcc/arm-none-eabi/4.8.3/../../../../arm-none-eabi/lib/armv7-m\libg.a(lib_a-impure.o)
                0x20070498                _impure_ptr
 .data.lc_ctype_charset
                0x2007049c       0x20 c:/users/leevii/appdata/local/arduino15/packages/arduino/tools/arm-none-eabi-gcc/4.8.3-2014q1/bin/../lib/gcc/arm-none-eabi/4.8.3/../../../../arm-none-eabi/lib/armv7-m\libg.a(lib_a-locale.o)
 .data.__mb_cur_max
                0x200704bc        0x4 c:/users/leevii/appdata/local/arduino15/packages/arduino/tools/arm-none-eabi-gcc/4.8.3-2014q1/bin/../lib/gcc/arm-none-eabi/4.8.3/../../../../arm-none-eabi/lib/armv7-m\libg.a(lib_a-locale.o)
                0x200704bc                __mb_cur_max
 .data.__malloc_av_
                0x200704c0      0x408 c:/users/leevii/appdata/local/arduino15/packages/arduino/tools/arm-none-eabi-gcc/4.8.3-2014q1/bin/../lib/gcc/arm-none-eabi/4.8.3/../../../../arm-none-eabi/lib/armv7-m\libg.a(lib_a-mallocr.o)
                0x200704c0                __malloc_av_
 .data.__malloc_trim_threshold
                0x200708c8        0x4 c:/users/leevii/appdata/local/arduino15/packages/arduino/tools/arm-none-eabi-gcc/4.8.3-2014q1/bin/../lib/gcc/arm-none-eabi/4.8.3/../../../../arm-none-eabi/lib/armv7-m\libg.a(lib_a-mallocr.o)
                0x200708c8                __malloc_trim_threshold
 .data.__malloc_sbrk_base
                0x200708cc        0x4 c:/users/leevii/appdata/local/arduino15/packages/arduino/tools/arm-none-eabi-gcc/4.8.3-2014q1/bin/../lib/gcc/arm-none-eabi/4.8.3/../../../../arm-none-eabi/lib/armv7-m\libg.a(lib_a-mallocr.o)
                0x200708cc                __malloc_sbrk_base
 .data.__wctomb
                0x200708d0        0x4 c:/users/leevii/appdata/local/arduino15/packages/arduino/tools/arm-none-eabi-gcc/4.8.3-2014q1/bin/../lib/gcc/arm-none-eabi/4.8.3/../../../../arm-none-eabi/lib/armv7-m\libg.a(lib_a-wctomb_r.o)
                0x200708d0                __wctomb
                0x200708d4                . = ALIGN (0x4)
                0x200708d4                _erelocate = .

.bss            0x200708d4      0xc2c load address 0x0008713c
                0x200708d4                . = ALIGN (0x4)
                0x200708d4                _sbss = .
                0x200708d4                _szero = .
 *(.bss .bss.*)
 .bss           0x200708d4       0x1c c:/users/leevii/appdata/local/arduino15/packages/arduino/tools/arm-none-eabi-gcc/4.8.3-2014q1/bin/../lib/gcc/arm-none-eabi/4.8.3/armv7-m/crtbegin.o
 .bss.escct_o   0x200708f0       0x60 drone_controller.cpp.o
                0x200708f0                escct_o
 .bss._i2c_mng  0x20070950       0x12 drone_controller.cpp.o
                0x20070950                _i2c_mng
 *fill*         0x20070962        0x6 
 .bss._timer_m  0x20070968       0x20 drone_controller.cpp.o
                0x20070968                _timer_m
 .bss._i2c1_mng
                0x20070988       0x12 drone_controller.cpp.o
                0x20070988                _i2c1_mng
 .bss.ServoCount
                0x2007099a        0x1 Servo\sam\Servo.cpp.o
                0x2007099a                ServoCount
 .bss._ZL7Channel
                0x2007099b        0x5 Servo\sam\Servo.cpp.o
 .bss._ZL6servos
                0x200709a0      0x1e0 Servo\sam\Servo.cpp.o
 .bss.Wire1     0x20070b80       0x94 Wire\Wire.cpp.o
                0x20070b80                Wire1
 .bss.Wire      0x20070c14       0x94 Wire\Wire.cpp.o
                0x20070c14                Wire
 .bss.MicroDebug
                0x20070ca8       0x4c VM_DBG\VM_DBG.cpp.o
                0x20070ca8                MicroDebug
 .bss.tx_buffer2
                0x20070cf4       0x88 C:\Users\LEEVII\AppData\Local\Temp\VMBCore\arduino16x\14a8bebc00f3f2c167e2bc9b7525933c\variant\variant.cpp.o
                0x20070cf4                tx_buffer2
 .bss.tx_buffer1
                0x20070d7c       0x88 C:\Users\LEEVII\AppData\Local\Temp\VMBCore\arduino16x\14a8bebc00f3f2c167e2bc9b7525933c\variant\variant.cpp.o
                0x20070d7c                tx_buffer1
 .bss.Serial    0x20070e04       0x24 C:\Users\LEEVII\AppData\Local\Temp\VMBCore\arduino16x\14a8bebc00f3f2c167e2bc9b7525933c\variant\variant.cpp.o
                0x20070e04                Serial
 .bss.rx_buffer1
                0x20070e28       0x88 C:\Users\LEEVII\AppData\Local\Temp\VMBCore\arduino16x\14a8bebc00f3f2c167e2bc9b7525933c\variant\variant.cpp.o
                0x20070e28                rx_buffer1
 .bss.Serial1   0x20070eb0       0x28 C:\Users\LEEVII\AppData\Local\Temp\VMBCore\arduino16x\14a8bebc00f3f2c167e2bc9b7525933c\variant\variant.cpp.o
                0x20070eb0                Serial1
 .bss.Serial2   0x20070ed8       0x28 C:\Users\LEEVII\AppData\Local\Temp\VMBCore\arduino16x\14a8bebc00f3f2c167e2bc9b7525933c\variant\variant.cpp.o
                0x20070ed8                Serial2
 .bss.Serial3   0x20070f00       0x28 C:\Users\LEEVII\AppData\Local\Temp\VMBCore\arduino16x\14a8bebc00f3f2c167e2bc9b7525933c\variant\variant.cpp.o
                0x20070f00                Serial3
 .bss.tx_buffer3
                0x20070f28       0x88 C:\Users\LEEVII\AppData\Local\Temp\VMBCore\arduino16x\14a8bebc00f3f2c167e2bc9b7525933c\variant\variant.cpp.o
                0x20070f28                tx_buffer3
 .bss.tx_buffer4
                0x20070fb0       0x88 C:\Users\LEEVII\AppData\Local\Temp\VMBCore\arduino16x\14a8bebc00f3f2c167e2bc9b7525933c\variant\variant.cpp.o
                0x20070fb0                tx_buffer4
 .bss.g_pinStatus
                0x20071038       0x4f C:\Users\LEEVII\AppData\Local\Temp\VMBCore\arduino16x\14a8bebc00f3f2c167e2bc9b7525933c\variant\variant.cpp.o
                0x20071038                g_pinStatus
 *fill*         0x20071087        0x1 
 .bss.rx_buffer2
                0x20071088       0x88 C:\Users\LEEVII\AppData\Local\Temp\VMBCore\arduino16x\14a8bebc00f3f2c167e2bc9b7525933c\variant\variant.cpp.o
                0x20071088                rx_buffer2
 .bss.rx_buffer3
                0x20071110       0x88 C:\Users\LEEVII\AppData\Local\Temp\VMBCore\arduino16x\14a8bebc00f3f2c167e2bc9b7525933c\variant\variant.cpp.o
                0x20071110                rx_buffer3
 .bss.rx_buffer4
                0x20071198       0x88 C:\Users\LEEVII\AppData\Local\Temp\VMBCore\arduino16x\14a8bebc00f3f2c167e2bc9b7525933c\variant\variant.cpp.o
                0x20071198                rx_buffer4
 .bss.gpf_isr   0x20071220        0x4 C:\Users\LEEVII\AppData\Local\arduino15\packages\arduino\hardware\sam\1.6.11\variants\arduino_due_x/libsam_sam3x8e_gcc_rel.a(uotghs.o)
                0x20071220                gpf_isr
 .bss.heap.6420
                0x20071224        0x4 C:\Users\LEEVII\AppData\Local\Temp\VMBuilds\drone_controller\arduino_due_x_dbg\Debug/core.a(syscalls_sam3.c.o)
 .bss._cmark    0x20071228        0x2 C:\Users\LEEVII\AppData\Local\Temp\VMBuilds\drone_controller\arduino_due_x_dbg\Debug/core.a(USBCore.cpp.o)
                0x20071228                _cmark
 .bss._ZL14isEndpointHalt
                0x2007122a        0x1 C:\Users\LEEVII\AppData\Local\Temp\VMBuilds\drone_controller\arduino_due_x_dbg\Debug/core.a(USBCore.cpp.o)
 *fill*         0x2007122b        0x1 
 .bss._cdcComposite
                0x2007122c        0x4 C:\Users\LEEVII\AppData\Local\Temp\VMBuilds\drone_controller\arduino_due_x_dbg\Debug/core.a(USBCore.cpp.o)
                0x2007122c                _cdcComposite
 .bss._ZL21isRemoteWakeUpEnabled
                0x20071230        0x1 C:\Users\LEEVII\AppData\Local\Temp\VMBuilds\drone_controller\arduino_due_x_dbg\Debug/core.a(USBCore.cpp.o)
 *fill*         0x20071231        0x3 
 .bss._usbInitialized
                0x20071234        0x4 C:\Users\LEEVII\AppData\Local\Temp\VMBuilds\drone_controller\arduino_due_x_dbg\Debug/core.a(USBCore.cpp.o)
                0x20071234                _usbInitialized
 .bss.USBDevice
                0x20071238        0x1 C:\Users\LEEVII\AppData\Local\Temp\VMBuilds\drone_controller\arduino_due_x_dbg\Debug/core.a(USBCore.cpp.o)
                0x20071238                USBDevice
 *fill*         0x20071239        0x3 
 .bss._usbSetInterface
                0x2007123c        0x4 C:\Users\LEEVII\AppData\Local\Temp\VMBuilds\drone_controller\arduino_due_x_dbg\Debug/core.a(USBCore.cpp.o)
                0x2007123c                _usbSetInterface
 .bss._cend     0x20071240        0x2 C:\Users\LEEVII\AppData\Local\Temp\VMBuilds\drone_controller\arduino_due_x_dbg\Debug/core.a(USBCore.cpp.o)
                0x20071240                _cend
 *fill*         0x20071242        0x2 
 .bss._usbConfiguration
                0x20071244        0x4 C:\Users\LEEVII\AppData\Local\Temp\VMBuilds\drone_controller\arduino_due_x_dbg\Debug/core.a(USBCore.cpp.o)
                0x20071244                _usbConfiguration
 .bss.cdc_rx_buffer
                0x20071248      0x208 C:\Users\LEEVII\AppData\Local\Temp\VMBuilds\drone_controller\arduino_due_x_dbg\Debug/core.a(CDC.cpp.o)
                0x20071248                cdc_rx_buffer
 .bss._ZZN7Serial_6acceptEvE5guard
                0x20071450        0x4 C:\Users\LEEVII\AppData\Local\Temp\VMBuilds\drone_controller\arduino_due_x_dbg\Debug/core.a(CDC.cpp.o)
 .bss.SerialUSB
                0x20071454       0x14 C:\Users\LEEVII\AppData\Local\Temp\VMBuilds\drone_controller\arduino_due_x_dbg\Debug/core.a(CDC.cpp.o)
                0x20071454                SerialUSB
 .bss._ZZ12PluggableUSBvE3obj
                0x20071468        0x8 C:\Users\LEEVII\AppData\Local\Temp\VMBuilds\drone_controller\arduino_due_x_dbg\Debug/core.a(PluggableUSB.cpp.o)
 .bss._ZGVZ12PluggableUSBvE3obj
                0x20071470        0x4 C:\Users\LEEVII\AppData\Local\Temp\VMBuilds\drone_controller\arduino_due_x_dbg\Debug/core.a(PluggableUSB.cpp.o)
 .bss._dwTickCount
                0x20071474        0x4 C:\Users\LEEVII\AppData\Local\arduino15\packages\arduino\hardware\sam\1.6.11\variants\arduino_due_x/libsam_sam3x8e_gcc_rel.a(timetick.o)
 .bss.ul_recv_fifo_ptr
                0x20071478       0x28 C:\Users\LEEVII\AppData\Local\arduino15\packages\arduino\hardware\sam\1.6.11\variants\arduino_due_x/libsam_sam3x8e_gcc_rel.a(uotghs_device.o)
 .bss.ul_send_fifo_ptr
                0x200714a0       0x28 C:\Users\LEEVII\AppData\Local\arduino15\packages\arduino\hardware\sam\1.6.11\variants\arduino_due_x/libsam_sam3x8e_gcc_rel.a(uotghs_device.o)
 .bss.__malloc_max_total_mem
                0x200714c8        0x4 c:/users/leevii/appdata/local/arduino15/packages/arduino/tools/arm-none-eabi-gcc/4.8.3-2014q1/bin/../lib/gcc/arm-none-eabi/4.8.3/../../../../arm-none-eabi/lib/armv7-m\libg.a(lib_a-mallocr.o)
                0x200714c8                __malloc_max_total_mem
 .bss.__malloc_max_sbrked_mem
                0x200714cc        0x4 c:/users/leevii/appdata/local/arduino15/packages/arduino/tools/arm-none-eabi-gcc/4.8.3-2014q1/bin/../lib/gcc/arm-none-eabi/4.8.3/../../../../arm-none-eabi/lib/armv7-m\libg.a(lib_a-mallocr.o)
                0x200714cc                __malloc_max_sbrked_mem
 .bss.__malloc_top_pad